2025-12-04 23:57:56 - INFO - 日志文件已创建: logs/mpc_20251204_235756.log
2025-12-04 23:57:56 - INFO - [Server] 配置: Dataset=cifar10, Model=resnet18
2025-12-04 23:57:57 - INFO - [Server] 加载全局测试集: /app/data/global/cifar10_test.npz, 样本数: 10000
2025-12-04 23:57:57 - INFO - [Server] MPC 聚合策略已初始化
2025-12-04 23:57:57 - INFO - [Server] 初始化完成 (模式: MPC)，等待 3 个客户端注册
2025-12-04 23:57:57 - INFO - [Server] 启动 (SSL/TLS)，监听端口: 50051
2025-12-04 23:58:28 - INFO - [Server] 收到客户端 1 注册请求 (模型: resnet18, 数据量: 15357)
2025-12-04 23:58:28 - INFO - [Server] 客户端 1 注册成功 (1/3)
2025-12-04 23:58:29 - INFO - [Server] 收到客户端 2 注册请求 (模型: resnet18, 数据量: 18309)
2025-12-04 23:58:29 - INFO - [Server] 客户端 2 注册成功 (2/3)
2025-12-04 23:58:29 - INFO - [Server] 收到客户端 3 注册请求 (模型: resnet18, 数据量: 11332)
2025-12-04 23:58:29 - INFO - [Server] 客户端 3 注册成功 (3/3)
2025-12-04 23:58:29 - INFO - [Server] 所有客户端已注册，准备开始训练
2025-12-04 23:58:29 - INFO - [Server] 联邦学习计时开始
2025-12-05 00:01:16 - INFO - [Round 1][Client 1][LATENCY] training=16.1048s, encryption=72.5119s
2025-12-05 00:01:16 - INFO - [Round 1][Client 1][PAYLOAD] upload=255.98 MB
2025-12-05 00:01:16 - INFO - [Round 1][Client 1][RESOURCE] peak_memory=2520.16 MB, cpu=94.2%
2025-12-05 00:01:16 - INFO - [Round 1] 收到客户端 1 更新，大小: 262121.46 KB
2025-12-05 00:01:16 - INFO - [Round 1] 收到客户端 1 MPC 份额更新
2025-12-05 00:01:25 - INFO - [Round 1][Client 3][LATENCY] training=16.7434s, encryption=70.6249s
2025-12-05 00:01:25 - INFO - [Round 1][Client 3][PAYLOAD] upload=255.98 MB
2025-12-05 00:01:25 - INFO - [Round 1][Client 3][RESOURCE] peak_memory=2381.49 MB, cpu=84.9%
2025-12-05 00:01:25 - INFO - [Round 1] 收到客户端 3 更新，大小: 262121.46 KB
2025-12-05 00:01:25 - INFO - [Round 1] 收到客户端 3 MPC 份额更新
2025-12-05 00:01:30 - INFO - [Round 1][Client 2][LATENCY] training=19.3686s, encryption=70.8675s
2025-12-05 00:01:30 - INFO - [Round 1][Client 2][PAYLOAD] upload=255.98 MB
2025-12-05 00:01:30 - INFO - [Round 1][Client 2][RESOURCE] peak_memory=2556.94 MB, cpu=90.9%
2025-12-05 00:01:30 - INFO - [Round 1] 收到客户端 2 更新，大小: 262121.46 KB
2025-12-05 00:01:30 - INFO - [Round 1] 收到客户端 2 MPC 份额更新
2025-12-05 00:01:30 - INFO - [Round 1] 所有客户端更新已收集，开始聚合
2025-12-05 00:01:30 - INFO - [Round 1] 开始 MPC 参数聚合...
2025-12-05 00:02:14 - INFO - [Round 1][LATENCY] aggregation=17.7406s
2025-12-05 00:02:14 - INFO - [Round 1][LATENCY] decryption=26.6110s
2025-12-05 00:02:14 - INFO - [Round 1] MPC 聚合完成, 耗时 44.35s
2025-12-05 00:02:14 - INFO - [Round 1][Server][RESOURCE] peak_memory=2292.70 MB, cpu=108.5%, cpu_time=48.1300s
2025-12-05 00:02:14 - INFO - [Round 1] 全局模型更新完成
2025-12-05 00:02:27 - INFO - [Round 1] 全局评估: Acc=0.2105, AUC=0.7135
2025-12-05 00:02:27 - INFO - [Round 1] 客户端聚合 (MPC): Loss=0.7964
2025-12-05 00:02:27 - INFO - [CONVERGENCE] round=1 accuracy=0.2105 auc=0.7135 loss=0.7964
2025-12-05 00:02:27 - INFO - [Round 1] 聚合完成，进入 Round 2
2025-12-05 00:05:21 - INFO - [Round 2][Client 2][LATENCY] training=20.3428s, encryption=73.5439s
2025-12-05 00:05:21 - INFO - [Round 2][Client 2][PAYLOAD] upload=255.98 MB
2025-12-05 00:05:21 - INFO - [Round 2][Client 2][RESOURCE] peak_memory=3048.96 MB, cpu=94.3%
2025-12-05 00:05:21 - INFO - [Round 2] 收到客户端 2 更新，大小: 262121.47 KB
2025-12-05 00:05:21 - INFO - [Round 2] 收到客户端 2 MPC 份额更新
2025-12-05 00:05:33 - INFO - [Round 2][Client 1][LATENCY] training=17.7064s, encryption=76.4766s
2025-12-05 00:05:33 - INFO - [Round 2][Client 1][PAYLOAD] upload=255.98 MB
2025-12-05 00:05:33 - INFO - [Round 2][Client 1][RESOURCE] peak_memory=2985.58 MB, cpu=93.4%
2025-12-05 00:05:33 - INFO - [Round 2] 收到客户端 1 更新，大小: 262121.47 KB
2025-12-05 00:05:33 - INFO - [Round 2] 收到客户端 1 MPC 份额更新
2025-12-05 00:05:36 - INFO - [Round 2][Client 3][LATENCY] training=16.6358s, encryption=72.6247s
2025-12-05 00:05:36 - INFO - [Round 2][Client 3][PAYLOAD] upload=255.98 MB
2025-12-05 00:05:36 - INFO - [Round 2][Client 3][RESOURCE] peak_memory=2517.80 MB, cpu=87.6%
2025-12-05 00:05:36 - INFO - [Round 2] 收到客户端 3 更新，大小: 262121.47 KB
2025-12-05 00:05:36 - INFO - [Round 2] 收到客户端 3 MPC 份额更新
2025-12-05 00:05:36 - INFO - [Round 2] 所有客户端更新已收集，开始聚合
2025-12-05 00:05:36 - INFO - [Round 2] 开始 MPC 参数聚合...
2025-12-05 00:06:20 - INFO - [Round 2][LATENCY] aggregation=17.5609s
2025-12-05 00:06:20 - INFO - [Round 2][LATENCY] decryption=26.3414s
2025-12-05 00:06:20 - INFO - [Round 2] MPC 聚合完成, 耗时 43.90s
2025-12-05 00:06:20 - INFO - [Round 2][Server][RESOURCE] peak_memory=2642.08 MB, cpu=108.5%, cpu_time=47.6200s
2025-12-05 00:06:20 - INFO - [Round 2] 全局模型更新完成
2025-12-05 00:06:32 - INFO - [Round 2] 全局评估: Acc=0.5634, AUC=0.9335
2025-12-05 00:06:32 - INFO - [Round 2] 客户端聚合 (MPC): Loss=0.5501
2025-12-05 00:06:32 - INFO - [CONVERGENCE] round=2 accuracy=0.5634 auc=0.9335 loss=0.5501
2025-12-05 00:06:32 - INFO - [Round 2] 聚合完成，进入 Round 3
2025-12-05 00:09:20 - INFO - [Round 3][Client 2][LATENCY] training=19.3178s, encryption=74.1276s
2025-12-05 00:09:20 - INFO - [Round 3][Client 2][PAYLOAD] upload=255.98 MB
2025-12-05 00:09:20 - INFO - [Round 3][Client 2][RESOURCE] peak_memory=3134.45 MB, cpu=93.5%
2025-12-05 00:09:20 - INFO - [Round 3] 收到客户端 2 更新，大小: 262121.46 KB
2025-12-05 00:09:20 - INFO - [Round 3] 收到客户端 2 MPC 份额更新
2025-12-05 00:09:32 - INFO - [Round 3][Client 3][LATENCY] training=15.3897s, encryption=72.4516s
2025-12-05 00:09:32 - INFO - [Round 3][Client 3][PAYLOAD] upload=255.98 MB
2025-12-05 00:09:32 - INFO - [Round 3][Client 3][RESOURCE] peak_memory=2596.51 MB, cpu=93.2%
2025-12-05 00:09:32 - INFO - [Round 3] 收到客户端 3 更新，大小: 262121.46 KB
2025-12-05 00:09:32 - INFO - [Round 3] 收到客户端 3 MPC 份额更新
2025-12-05 00:09:36 - INFO - [Round 3][Client 1][LATENCY] training=19.6784s, encryption=74.2544s
2025-12-05 00:09:36 - INFO - [Round 3][Client 1][PAYLOAD] upload=255.98 MB
2025-12-05 00:09:36 - INFO - [Round 3][Client 1][RESOURCE] peak_memory=3043.33 MB, cpu=87.7%
2025-12-05 00:09:36 - INFO - [Round 3] 收到客户端 1 更新，大小: 262121.47 KB
2025-12-05 00:09:36 - INFO - [Round 3] 收到客户端 1 MPC 份额更新
2025-12-05 00:09:36 - INFO - [Round 3] 所有客户端更新已收集，开始聚合
2025-12-05 00:09:36 - INFO - [Round 3] 开始 MPC 参数聚合...
2025-12-05 00:10:20 - INFO - [Round 3][LATENCY] aggregation=17.5194s
2025-12-05 00:10:20 - INFO - [Round 3][LATENCY] decryption=26.2791s
2025-12-05 00:10:20 - INFO - [Round 3] MPC 聚合完成, 耗时 43.80s
2025-12-05 00:10:20 - INFO - [Round 3][Server][RESOURCE] peak_memory=2615.09 MB, cpu=108.6%, cpu_time=47.5500s
2025-12-05 00:10:20 - INFO - [Round 3] 全局模型更新完成
2025-12-05 00:10:32 - INFO - [Round 3] 全局评估: Acc=0.6501, AUC=0.9522
2025-12-05 00:10:32 - INFO - [Round 3] 客户端聚合 (MPC): Loss=0.5039
2025-12-05 00:10:32 - INFO - [CONVERGENCE] round=3 accuracy=0.6501 auc=0.9522 loss=0.5039
2025-12-05 00:10:32 - INFO - [Round 3] 聚合完成，进入 Round 4
2025-12-05 00:13:21 - INFO - [Round 4][Client 1][LATENCY] training=18.5520s, encryption=73.5533s
2025-12-05 00:13:21 - INFO - [Round 4][Client 1][PAYLOAD] upload=255.98 MB
2025-12-05 00:13:21 - INFO - [Round 4][Client 1][RESOURCE] peak_memory=3107.58 MB, cpu=93.0%
2025-12-05 00:13:21 - INFO - [Round 4] 收到客户端 1 更新，大小: 262121.46 KB
2025-12-05 00:13:21 - INFO - [Round 4] 收到客户端 1 MPC 份额更新
2025-12-05 00:13:31 - INFO - [Round 4][Client 3][LATENCY] training=15.1812s, encryption=72.5703s
2025-12-05 00:13:31 - INFO - [Round 4][Client 3][PAYLOAD] upload=255.98 MB
2025-12-05 00:13:31 - INFO - [Round 4][Client 3][RESOURCE] peak_memory=3073.30 MB, cpu=93.0%
2025-12-05 00:13:31 - INFO - [Round 4] 收到客户端 3 更新，大小: 262121.46 KB
2025-12-05 00:13:31 - INFO - [Round 4] 收到客户端 3 MPC 份额更新
2025-12-05 00:13:38 - INFO - [Round 4][Client 2][LATENCY] training=21.1617s, encryption=73.6315s
2025-12-05 00:13:38 - INFO - [Round 4][Client 2][PAYLOAD] upload=255.98 MB
2025-12-05 00:13:38 - INFO - [Round 4][Client 2][RESOURCE] peak_memory=3218.60 MB, cpu=88.5%
2025-12-05 00:13:38 - INFO - [Round 4] 收到客户端 2 更新，大小: 262121.47 KB
2025-12-05 00:13:38 - INFO - [Round 4] 收到客户端 2 MPC 份额更新
2025-12-05 00:13:38 - INFO - [Round 4] 所有客户端更新已收集，开始聚合
2025-12-05 00:13:38 - INFO - [Round 4] 开始 MPC 参数聚合...
2025-12-05 00:14:19 - INFO - [Round 4][LATENCY] aggregation=16.6114s
2025-12-05 00:14:19 - INFO - [Round 4][LATENCY] decryption=24.9171s
2025-12-05 00:14:19 - INFO - [Round 4] MPC 聚合完成, 耗时 41.53s
2025-12-05 00:14:19 - INFO - [Round 4][Server][RESOURCE] peak_memory=2608.34 MB, cpu=108.6%, cpu_time=45.0900s
2025-12-05 00:14:19 - INFO - [Round 4] 全局模型更新完成
2025-12-05 00:14:31 - INFO - [Round 4] 全局评估: Acc=0.7481, AUC=0.9714
2025-12-05 00:14:31 - INFO - [Round 4] 客户端聚合 (MPC): Loss=0.3964
2025-12-05 00:14:31 - INFO - [CONVERGENCE] round=4 accuracy=0.7481 auc=0.9714 loss=0.3964
2025-12-05 00:14:31 - INFO - [Round 4] 聚合完成，进入 Round 5
2025-12-05 00:17:29 - INFO - [Round 5][Client 2][LATENCY] training=21.0195s, encryption=75.2515s
2025-12-05 00:17:29 - INFO - [Round 5][Client 2][PAYLOAD] upload=255.98 MB
2025-12-05 00:17:29 - INFO - [Round 5][Client 2][RESOURCE] peak_memory=3309.29 MB, cpu=93.9%
2025-12-05 00:17:29 - INFO - [Round 5] 收到客户端 2 更新，大小: 262121.46 KB
2025-12-05 00:17:29 - INFO - [Round 5] 收到客户端 2 MPC 份额更新
2025-12-05 00:17:33 - INFO - [Round 5][Client 1][LATENCY] training=20.5017s, encryption=75.2441s
2025-12-05 00:17:33 - INFO - [Round 5][Client 1][PAYLOAD] upload=255.98 MB
2025-12-05 00:17:33 - INFO - [Round 5][Client 1][RESOURCE] peak_memory=3106.34 MB, cpu=87.2%
2025-12-05 00:17:33 - INFO - [Round 5] 收到客户端 1 更新，大小: 262121.46 KB
2025-12-05 00:17:33 - INFO - [Round 5] 收到客户端 1 MPC 份额更新
2025-12-05 00:18:07 - INFO - [Round 5][Client 3][LATENCY] training=16.0936s, encryption=78.1303s
2025-12-05 00:18:07 - INFO - [Round 5][Client 3][PAYLOAD] upload=255.98 MB
2025-12-05 00:18:07 - INFO - [Round 5][Client 3][RESOURCE] peak_memory=3097.55 MB, cpu=93.4%
2025-12-05 00:18:07 - INFO - [Round 5] 收到客户端 3 更新，大小: 262121.46 KB
2025-12-05 00:18:07 - INFO - [Round 5] 收到客户端 3 MPC 份额更新
2025-12-05 00:18:07 - INFO - [Round 5] 所有客户端更新已收集，开始聚合
2025-12-05 00:18:07 - INFO - [Round 5] 开始 MPC 参数聚合...
2025-12-05 00:18:48 - INFO - [Round 5][LATENCY] aggregation=16.5311s
2025-12-05 00:18:48 - INFO - [Round 5][LATENCY] decryption=24.7967s
2025-12-05 00:18:48 - INFO - [Round 5] MPC 聚合完成, 耗时 41.33s
2025-12-05 00:18:48 - INFO - [Round 5][Server][RESOURCE] peak_memory=2538.54 MB, cpu=108.6%, cpu_time=44.8700s
2025-12-05 00:18:48 - INFO - [Round 5] 全局模型更新完成
2025-12-05 00:19:00 - INFO - [Round 5] 全局评估: Acc=0.7917, AUC=0.9798
2025-12-05 00:19:00 - INFO - [Round 5] 客户端聚合 (MPC): Loss=0.3479
2025-12-05 00:19:00 - INFO - [CONVERGENCE] round=5 accuracy=0.7917 auc=0.9798 loss=0.3479
2025-12-05 00:19:00 - INFO - [Round 5] 聚合完成，进入 Round 6
2025-12-05 00:21:50 - INFO - [Round 6][Client 1][LATENCY] training=20.1628s, encryption=77.6221s
2025-12-05 00:21:50 - INFO - [Round 6][Client 1][PAYLOAD] upload=255.98 MB
2025-12-05 00:21:50 - INFO - [Round 6][Client 1][RESOURCE] peak_memory=3110.82 MB, cpu=89.1%
2025-12-05 00:21:50 - INFO - [Round 6] 收到客户端 1 更新，大小: 262121.47 KB
2025-12-05 00:21:50 - INFO - [Round 6] 收到客户端 1 MPC 份额更新
2025-12-05 00:21:59 - INFO - [Round 6][Client 3][LATENCY] training=16.2934s, encryption=77.3061s
2025-12-05 00:21:59 - INFO - [Round 6][Client 3][PAYLOAD] upload=255.98 MB
2025-12-05 00:21:59 - INFO - [Round 6][Client 3][RESOURCE] peak_memory=3358.24 MB, cpu=92.0%
2025-12-05 00:21:59 - INFO - [Round 6] 收到客户端 3 更新，大小: 262121.47 KB
2025-12-05 00:21:59 - INFO - [Round 6] 收到客户端 3 MPC 份额更新
2025-12-05 00:22:12 - INFO - [Round 6][Client 2][LATENCY] training=21.0338s, encryption=73.9301s
2025-12-05 00:22:12 - INFO - [Round 6][Client 2][PAYLOAD] upload=255.98 MB
2025-12-05 00:22:12 - INFO - [Round 6][Client 2][RESOURCE] peak_memory=3342.25 MB, cpu=92.8%
2025-12-05 00:22:12 - INFO - [Round 6] 收到客户端 2 更新，大小: 262121.47 KB
2025-12-05 00:22:12 - INFO - [Round 6] 收到客户端 2 MPC 份额更新
2025-12-05 00:22:12 - INFO - [Round 6] 所有客户端更新已收集，开始聚合
2025-12-05 00:22:12 - INFO - [Round 6] 开始 MPC 参数聚合...
2025-12-05 00:22:54 - INFO - [Round 6][LATENCY] aggregation=16.6982s
2025-12-05 00:22:54 - INFO - [Round 6][LATENCY] decryption=25.0473s
2025-12-05 00:22:54 - INFO - [Round 6] MPC 聚合完成, 耗时 41.75s
2025-12-05 00:22:54 - INFO - [Round 6][Server][RESOURCE] peak_memory=2601.12 MB, cpu=108.4%, cpu_time=45.2700s
2025-12-05 00:22:54 - INFO - [Round 6] 全局模型更新完成
2025-12-05 00:23:05 - INFO - [Round 6] 全局评估: Acc=0.7968, AUC=0.9813
2025-12-05 00:23:05 - INFO - [Round 6] 客户端聚合 (MPC): Loss=0.2710
2025-12-05 00:23:05 - INFO - [CONVERGENCE] round=6 accuracy=0.7968 auc=0.9813 loss=0.2710
2025-12-05 00:23:05 - INFO - [Round 6] 聚合完成，进入 Round 7
2025-12-05 00:26:04 - INFO - [Round 7][Client 1][LATENCY] training=20.2952s, encryption=75.4006s
2025-12-05 00:26:04 - INFO - [Round 7][Client 1][PAYLOAD] upload=255.98 MB
2025-12-05 00:26:04 - INFO - [Round 7][Client 1][RESOURCE] peak_memory=3113.73 MB, cpu=88.7%
2025-12-05 00:26:04 - INFO - [Round 7] 收到客户端 1 更新，大小: 262121.47 KB
2025-12-05 00:26:04 - INFO - [Round 7] 收到客户端 1 MPC 份额更新
2025-12-05 00:26:12 - INFO - [Round 7][Client 3][LATENCY] training=16.5306s, encryption=76.8129s
2025-12-05 00:26:12 - INFO - [Round 7][Client 3][PAYLOAD] upload=255.98 MB
2025-12-05 00:26:12 - INFO - [Round 7][Client 3][RESOURCE] peak_memory=3363.45 MB, cpu=92.0%
2025-12-05 00:26:12 - INFO - [Round 7] 收到客户端 3 更新，大小: 262121.47 KB
2025-12-05 00:26:12 - INFO - [Round 7] 收到客户端 3 MPC 份额更新
2025-12-05 00:26:16 - INFO - [Round 7][Client 2][LATENCY] training=20.8378s, encryption=76.0201s
2025-12-05 00:26:16 - INFO - [Round 7][Client 2][PAYLOAD] upload=255.98 MB
2025-12-05 00:26:16 - INFO - [Round 7][Client 2][RESOURCE] peak_memory=3366.34 MB, cpu=93.2%
2025-12-05 00:26:16 - INFO - [Round 7] 收到客户端 2 更新，大小: 262121.47 KB
2025-12-05 00:26:16 - INFO - [Round 7] 收到客户端 2 MPC 份额更新
2025-12-05 00:26:16 - INFO - [Round 7] 所有客户端更新已收集，开始聚合
2025-12-05 00:26:16 - INFO - [Round 7] 开始 MPC 参数聚合...
2025-12-05 00:26:58 - INFO - [Round 7][LATENCY] aggregation=16.5687s
2025-12-05 00:26:58 - INFO - [Round 7][LATENCY] decryption=24.8531s
2025-12-05 00:26:58 - INFO - [Round 7] MPC 聚合完成, 耗时 41.42s
2025-12-05 00:26:58 - INFO - [Round 7][Server][RESOURCE] peak_memory=2674.13 MB, cpu=108.6%, cpu_time=44.9700s
2025-12-05 00:26:58 - INFO - [Round 7] 全局模型更新完成
2025-12-05 00:27:09 - INFO - [Round 7] 全局评估: Acc=0.8335, AUC=0.9872
2025-12-05 00:27:09 - INFO - [Round 7] 客户端聚合 (MPC): Loss=0.2461
2025-12-05 00:27:10 - INFO - [CONVERGENCE] round=7 accuracy=0.8335 auc=0.9872 loss=0.2461
2025-12-05 00:27:10 - INFO - [Round 7] 聚合完成，进入 Round 8
2025-12-05 00:29:57 - INFO - [Round 8][Client 3][LATENCY] training=16.9354s, encryption=75.1190s
2025-12-05 00:29:57 - INFO - [Round 8][Client 3][PAYLOAD] upload=255.98 MB
2025-12-05 00:29:57 - INFO - [Round 8][Client 3][RESOURCE] peak_memory=3356.83 MB, cpu=92.4%
2025-12-05 00:29:57 - INFO - [Round 8] 收到客户端 3 更新，大小: 262121.47 KB
2025-12-05 00:29:57 - INFO - [Round 8] 收到客户端 3 MPC 份额更新
2025-12-05 00:30:18 - INFO - [Round 8][Client 2][LATENCY] training=22.0227s, encryption=73.0305s
2025-12-05 00:30:18 - INFO - [Round 8][Client 2][PAYLOAD] upload=255.98 MB
2025-12-05 00:30:18 - INFO - [Round 8][Client 2][RESOURCE] peak_memory=3383.66 MB, cpu=93.4%
2025-12-05 00:30:18 - INFO - [Round 8] 收到客户端 2 更新，大小: 262121.47 KB
2025-12-05 00:30:18 - INFO - [Round 8] 收到客户端 2 MPC 份额更新
2025-12-05 00:30:21 - INFO - [Round 8][Client 1][LATENCY] training=21.1927s, encryption=73.1202s
2025-12-05 00:30:21 - INFO - [Round 8][Client 1][PAYLOAD] upload=255.98 MB
2025-12-05 00:30:21 - INFO - [Round 8][Client 1][RESOURCE] peak_memory=3116.31 MB, cpu=88.7%
2025-12-05 00:30:21 - INFO - [Round 8] 收到客户端 1 更新，大小: 262121.46 KB
2025-12-05 00:30:21 - INFO - [Round 8] 收到客户端 1 MPC 份额更新
2025-12-05 00:30:21 - INFO - [Round 8] 所有客户端更新已收集，开始聚合
2025-12-05 00:30:21 - INFO - [Round 8] 开始 MPC 参数聚合...
2025-12-05 00:31:03 - INFO - [Round 8][LATENCY] aggregation=16.6555s
2025-12-05 00:31:03 - INFO - [Round 8][LATENCY] decryption=24.9833s
2025-12-05 00:31:03 - INFO - [Round 8] MPC 聚合完成, 耗时 41.64s
2025-12-05 00:31:03 - INFO - [Round 8][Server][RESOURCE] peak_memory=2623.64 MB, cpu=108.5%, cpu_time=45.1600s
2025-12-05 00:31:03 - INFO - [Round 8] 全局模型更新完成
2025-12-05 00:31:15 - INFO - [Round 8] 全局评估: Acc=0.8426, AUC=0.9879
2025-12-05 00:31:15 - INFO - [Round 8] 客户端聚合 (MPC): Loss=0.2010
2025-12-05 00:31:15 - INFO - [CONVERGENCE] round=8 accuracy=0.8426 auc=0.9879 loss=0.2010
2025-12-05 00:31:15 - INFO - [Round 8] 聚合完成，进入 Round 9
2025-12-05 00:34:13 - INFO - [Round 9][Client 3][LATENCY] training=15.2185s, encryption=74.7185s
2025-12-05 00:34:13 - INFO - [Round 9][Client 3][PAYLOAD] upload=255.98 MB
2025-12-05 00:34:13 - INFO - [Round 9][Client 3][RESOURCE] peak_memory=3415.27 MB, cpu=93.0%
2025-12-05 00:34:13 - INFO - [Round 9] 收到客户端 3 更新，大小: 262121.47 KB
2025-12-05 00:34:13 - INFO - [Round 9] 收到客户端 3 MPC 份额更新
2025-12-05 00:34:19 - INFO - [Round 9][Client 2][LATENCY] training=21.5663s, encryption=77.5324s
2025-12-05 00:34:19 - INFO - [Round 9][Client 2][PAYLOAD] upload=255.98 MB
2025-12-05 00:34:19 - INFO - [Round 9][Client 2][RESOURCE] peak_memory=3314.36 MB, cpu=88.7%
2025-12-05 00:34:19 - INFO - [Round 9] 收到客户端 2 更新，大小: 262121.46 KB
2025-12-05 00:34:19 - INFO - [Round 9] 收到客户端 2 MPC 份额更新
2025-12-05 00:34:25 - INFO - [Round 9][Client 1][LATENCY] training=21.8802s, encryption=73.6530s
2025-12-05 00:34:25 - INFO - [Round 9][Client 1][PAYLOAD] upload=255.98 MB
2025-12-05 00:34:25 - INFO - [Round 9][Client 1][RESOURCE] peak_memory=3139.16 MB, cpu=81.2%
2025-12-05 00:34:25 - INFO - [Round 9] 收到客户端 1 更新，大小: 262121.47 KB
2025-12-05 00:34:25 - INFO - [Round 9] 收到客户端 1 MPC 份额更新
2025-12-05 00:34:25 - INFO - [Round 9] 所有客户端更新已收集，开始聚合
2025-12-05 00:34:25 - INFO - [Round 9] 开始 MPC 参数聚合...
2025-12-05 00:35:07 - INFO - [Round 9][LATENCY] aggregation=16.5558s
2025-12-05 00:35:07 - INFO - [Round 9][LATENCY] decryption=24.8337s
2025-12-05 00:35:07 - INFO - [Round 9] MPC 聚合完成, 耗时 41.39s
2025-12-05 00:35:07 - INFO - [Round 9][Server][RESOURCE] peak_memory=2686.58 MB, cpu=108.5%, cpu_time=44.9200s
2025-12-05 00:35:07 - INFO - [Round 9] 全局模型更新完成
2025-12-05 00:35:19 - INFO - [Round 9] 全局评估: Acc=0.8418, AUC=0.9878
2025-12-05 00:35:19 - INFO - [Round 9] 客户端聚合 (MPC): Loss=0.1598
2025-12-05 00:35:19 - INFO - [CONVERGENCE] round=9 accuracy=0.8418 auc=0.9878 loss=0.1598
2025-12-05 00:35:19 - INFO - [Round 9] 聚合完成，进入 Round 10
2025-12-05 00:38:12 - INFO - [Round 10][Client 2][LATENCY] training=21.7290s, encryption=74.4426s
2025-12-05 00:38:12 - INFO - [Round 10][Client 2][PAYLOAD] upload=255.98 MB
2025-12-05 00:38:12 - INFO - [Round 10][Client 2][RESOURCE] peak_memory=3269.98 MB, cpu=93.2%
2025-12-05 00:38:12 - INFO - [Round 10] 收到客户端 2 更新，大小: 262121.47 KB
2025-12-05 00:38:12 - INFO - [Round 10] 收到客户端 2 MPC 份额更新
2025-12-05 00:38:25 - INFO - [Round 10][Client 3][LATENCY] training=16.0014s, encryption=75.7541s
2025-12-05 00:38:25 - INFO - [Round 10][Client 3][PAYLOAD] upload=255.98 MB
2025-12-05 00:38:25 - INFO - [Round 10][Client 3][RESOURCE] peak_memory=3436.25 MB, cpu=93.4%
2025-12-05 00:38:25 - INFO - [Round 10] 收到客户端 3 更新，大小: 262121.47 KB
2025-12-05 00:38:25 - INFO - [Round 10] 收到客户端 3 MPC 份额更新
2025-12-05 00:38:30 - INFO - [Round 10][Client 1][LATENCY] training=20.9247s, encryption=75.2842s
2025-12-05 00:38:30 - INFO - [Round 10][Client 1][PAYLOAD] upload=255.98 MB
2025-12-05 00:38:30 - INFO - [Round 10][Client 1][RESOURCE] peak_memory=3139.16 MB, cpu=87.6%
2025-12-05 00:38:30 - INFO - [Round 10] 收到客户端 1 更新，大小: 262121.47 KB
2025-12-05 00:38:30 - INFO - [Round 10] 收到客户端 1 MPC 份额更新
2025-12-05 00:38:30 - INFO - [Round 10] 所有客户端更新已收集，开始聚合
2025-12-05 00:38:30 - INFO - [Round 10] 开始 MPC 参数聚合...
2025-12-05 00:39:11 - INFO - [Round 10][LATENCY] aggregation=16.4830s
2025-12-05 00:39:11 - INFO - [Round 10][LATENCY] decryption=24.7245s
2025-12-05 00:39:11 - INFO - [Round 10] MPC 聚合完成, 耗时 41.21s
2025-12-05 00:39:11 - INFO - [Round 10][Server][RESOURCE] peak_memory=2691.05 MB, cpu=108.5%, cpu_time=44.7000s
2025-12-05 00:39:11 - INFO - [Round 10] 全局模型更新完成
2025-12-05 00:39:23 - INFO - [Round 10] 全局评估: Acc=0.8466, AUC=0.9885
2025-12-05 00:39:23 - INFO - [Round 10] 客户端聚合 (MPC): Loss=0.1634
2025-12-05 00:39:23 - INFO - [CONVERGENCE] round=10 accuracy=0.8466 auc=0.9885 loss=0.1634
2025-12-05 00:39:23 - INFO - [Round 10] 聚合完成，进入 Round 11
2025-12-05 00:42:07 - INFO - [Round 11][Client 1][LATENCY] training=19.9285s, encryption=72.6159s
2025-12-05 00:42:07 - INFO - [Round 11][Client 1][PAYLOAD] upload=255.98 MB
2025-12-05 00:42:07 - INFO - [Round 11][Client 1][RESOURCE] peak_memory=3221.31 MB, cpu=93.5%
2025-12-05 00:42:07 - INFO - [Round 11] 收到客户端 1 更新，大小: 262121.47 KB
2025-12-05 00:42:07 - INFO - [Round 11] 收到客户端 1 MPC 份额更新
2025-12-05 00:42:27 - INFO - [Round 11][Client 3][LATENCY] training=16.9761s, encryption=77.2686s
2025-12-05 00:42:27 - INFO - [Round 11][Client 3][PAYLOAD] upload=255.98 MB
2025-12-05 00:42:27 - INFO - [Round 11][Client 3][RESOURCE] peak_memory=3437.33 MB, cpu=92.3%
2025-12-05 00:42:27 - INFO - [Round 11] 收到客户端 3 更新，大小: 262121.47 KB
2025-12-05 00:42:27 - INFO - [Round 11] 收到客户端 3 MPC 份额更新
2025-12-05 00:42:32 - INFO - [Round 11][Client 2][LATENCY] training=22.3961s, encryption=78.5427s
2025-12-05 00:42:32 - INFO - [Round 11][Client 2][PAYLOAD] upload=255.98 MB
2025-12-05 00:42:32 - INFO - [Round 11][Client 2][RESOURCE] peak_memory=3310.91 MB, cpu=92.9%
2025-12-05 00:42:32 - INFO - [Round 11] 收到客户端 2 更新，大小: 262121.47 KB
2025-12-05 00:42:32 - INFO - [Round 11] 收到客户端 2 MPC 份额更新
2025-12-05 00:42:32 - INFO - [Round 11] 所有客户端更新已收集，开始聚合
2025-12-05 00:42:32 - INFO - [Round 11] 开始 MPC 参数聚合...
2025-12-05 00:43:14 - INFO - [Round 11][LATENCY] aggregation=16.5100s
2025-12-05 00:43:14 - INFO - [Round 11][LATENCY] decryption=24.7650s
2025-12-05 00:43:14 - INFO - [Round 11] MPC 聚合完成, 耗时 41.27s
2025-12-05 00:43:14 - INFO - [Round 11][Server][RESOURCE] peak_memory=2572.10 MB, cpu=108.4%, cpu_time=44.7500s
2025-12-05 00:43:14 - INFO - [Round 11] 全局模型更新完成
2025-12-05 00:43:26 - INFO - [Round 11] 全局评估: Acc=0.8472, AUC=0.9887
2025-12-05 00:43:26 - INFO - [Round 11] 客户端聚合 (MPC): Loss=0.1272
2025-12-05 00:43:26 - INFO - [CONVERGENCE] round=11 accuracy=0.8472 auc=0.9887 loss=0.1272
2025-12-05 00:43:26 - INFO - [Round 11] 聚合完成，进入 Round 12
2025-12-05 00:46:29 - INFO - [Round 12][Client 1][LATENCY] training=20.2820s, encryption=76.4179s
2025-12-05 00:46:29 - INFO - [Round 12][Client 1][PAYLOAD] upload=255.98 MB
2025-12-05 00:46:29 - INFO - [Round 12][Client 1][RESOURCE] peak_memory=3223.16 MB, cpu=92.5%
2025-12-05 00:46:29 - INFO - [Round 12] 收到客户端 1 更新，大小: 262121.47 KB
2025-12-05 00:46:29 - INFO - [Round 12] 收到客户端 1 MPC 份额更新
2025-12-05 00:46:32 - INFO - [Round 12][Client 3][LATENCY] training=16.7974s, encryption=75.7372s
2025-12-05 00:46:32 - INFO - [Round 12][Client 3][PAYLOAD] upload=255.98 MB
2025-12-05 00:46:32 - INFO - [Round 12][Client 3][RESOURCE] peak_memory=3139.08 MB, cpu=91.9%
2025-12-05 00:46:32 - INFO - [Round 12] 收到客户端 3 更新，大小: 262121.47 KB
2025-12-05 00:46:32 - INFO - [Round 12] 收到客户端 3 MPC 份额更新
2025-12-05 00:46:39 - INFO - [Round 12][Client 2][LATENCY] training=22.7708s, encryption=73.2528s
2025-12-05 00:46:39 - INFO - [Round 12][Client 2][PAYLOAD] upload=255.98 MB
2025-12-05 00:46:39 - INFO - [Round 12][Client 2][RESOURCE] peak_memory=3396.68 MB, cpu=93.1%
2025-12-05 00:46:39 - INFO - [Round 12] 收到客户端 2 更新，大小: 262121.47 KB
2025-12-05 00:46:39 - INFO - [Round 12] 收到客户端 2 MPC 份额更新
2025-12-05 00:46:39 - INFO - [Round 12] 所有客户端更新已收集，开始聚合
2025-12-05 00:46:39 - INFO - [Round 12] 开始 MPC 参数聚合...
2025-12-05 00:47:20 - INFO - [Round 12][LATENCY] aggregation=16.4464s
2025-12-05 00:47:20 - INFO - [Round 12][LATENCY] decryption=24.6696s
2025-12-05 00:47:20 - INFO - [Round 12] MPC 聚合完成, 耗时 41.12s
2025-12-05 00:47:20 - INFO - [Round 12][Server][RESOURCE] peak_memory=2796.75 MB, cpu=108.6%, cpu_time=44.6400s
2025-12-05 00:47:20 - INFO - [Round 12] 全局模型更新完成
2025-12-05 00:47:32 - INFO - [Round 12] 全局评估: Acc=0.8463, AUC=0.9881
2025-12-05 00:47:32 - INFO - [Round 12] 客户端聚合 (MPC): Loss=0.1217
2025-12-05 00:47:32 - INFO - [CONVERGENCE] round=12 accuracy=0.8463 auc=0.9881 loss=0.1217
2025-12-05 00:47:32 - INFO - [Round 12] 聚合完成，进入 Round 13
2025-12-05 00:50:22 - INFO - [Round 13][Client 1][LATENCY] training=19.5472s, encryption=75.7401s
2025-12-05 00:50:22 - INFO - [Round 13][Client 1][PAYLOAD] upload=255.98 MB
2025-12-05 00:50:22 - INFO - [Round 13][Client 1][RESOURCE] peak_memory=2910.03 MB, cpu=93.6%
2025-12-05 00:50:22 - INFO - [Round 13] 收到客户端 1 更新，大小: 262121.47 KB
2025-12-05 00:50:22 - INFO - [Round 13] 收到客户端 1 MPC 份额更新
2025-12-05 00:50:43 - INFO - [Round 13][Client 2][LATENCY] training=22.4567s, encryption=75.7820s
2025-12-05 00:50:43 - INFO - [Round 13][Client 2][PAYLOAD] upload=255.98 MB
2025-12-05 00:50:43 - INFO - [Round 13][Client 2][RESOURCE] peak_memory=3458.48 MB, cpu=88.2%
2025-12-05 00:50:43 - INFO - [Round 13] 收到客户端 2 更新，大小: 262121.46 KB
2025-12-05 00:50:43 - INFO - [Round 13] 收到客户端 2 MPC 份额更新
2025-12-05 00:50:46 - INFO - [Round 13][Client 3][LATENCY] training=16.2433s, encryption=78.6293s
2025-12-05 00:50:46 - INFO - [Round 13][Client 3][PAYLOAD] upload=255.98 MB
2025-12-05 00:50:46 - INFO - [Round 13][Client 3][RESOURCE] peak_memory=3181.64 MB, cpu=92.4%
2025-12-05 00:50:46 - INFO - [Round 13] 收到客户端 3 更新，大小: 262121.47 KB
2025-12-05 00:50:46 - INFO - [Round 13] 收到客户端 3 MPC 份额更新
2025-12-05 00:50:46 - INFO - [Round 13] 所有客户端更新已收集，开始聚合
2025-12-05 00:50:46 - INFO - [Round 13] 开始 MPC 参数聚合...
2025-12-05 00:51:27 - INFO - [Round 13][LATENCY] aggregation=16.5610s
2025-12-05 00:51:27 - INFO - [Round 13][LATENCY] decryption=24.8416s
2025-12-05 00:51:27 - INFO - [Round 13] MPC 聚合完成, 耗时 41.40s
2025-12-05 00:51:27 - INFO - [Round 13][Server][RESOURCE] peak_memory=2766.67 MB, cpu=108.5%, cpu_time=44.9100s
2025-12-05 00:51:27 - INFO - [Round 13] 全局模型更新完成
2025-12-05 00:51:39 - INFO - [Round 13] 全局评估: Acc=0.8610, AUC=0.9901
2025-12-05 00:51:39 - INFO - [Round 13] 客户端聚合 (MPC): Loss=0.1227
2025-12-05 00:51:39 - INFO - [CONVERGENCE] round=13 accuracy=0.8610 auc=0.9901 loss=0.1227
2025-12-05 00:51:39 - INFO - [Round 13] 聚合完成，进入 Round 14
2025-12-05 00:54:34 - INFO - [Round 14][Client 3][LATENCY] training=14.7417s, encryption=77.4763s
2025-12-05 00:54:34 - INFO - [Round 14][Client 3][PAYLOAD] upload=255.98 MB
2025-12-05 00:54:34 - INFO - [Round 14][Client 3][RESOURCE] peak_memory=3103.73 MB, cpu=92.6%
2025-12-05 00:54:34 - INFO - [Round 14] 收到客户端 3 更新，大小: 262121.47 KB
2025-12-05 00:54:34 - INFO - [Round 14] 收到客户端 3 MPC 份额更新
2025-12-05 00:54:48 - INFO - [Round 14][Client 1][LATENCY] training=21.2107s, encryption=74.1090s
2025-12-05 00:54:48 - INFO - [Round 14][Client 1][PAYLOAD] upload=255.98 MB
2025-12-05 00:54:48 - INFO - [Round 14][Client 1][RESOURCE] peak_memory=2922.25 MB, cpu=81.5%
2025-12-05 00:54:48 - INFO - [Round 14] 收到客户端 1 更新，大小: 262121.46 KB
2025-12-05 00:54:48 - INFO - [Round 14] 收到客户端 1 MPC 份额更新
2025-12-05 00:54:51 - INFO - [Round 14][Client 2][LATENCY] training=21.2880s, encryption=77.4846s
2025-12-05 00:54:51 - INFO - [Round 14][Client 2][PAYLOAD] upload=255.98 MB
2025-12-05 00:54:51 - INFO - [Round 14][Client 2][RESOURCE] peak_memory=3460.59 MB, cpu=93.2%
2025-12-05 00:54:51 - INFO - [Round 14] 收到客户端 2 更新，大小: 262121.47 KB
2025-12-05 00:54:51 - INFO - [Round 14] 收到客户端 2 MPC 份额更新
2025-12-05 00:54:51 - INFO - [Round 14] 所有客户端更新已收集，开始聚合
2025-12-05 00:54:51 - INFO - [Round 14] 开始 MPC 参数聚合...
2025-12-05 00:55:32 - INFO - [Round 14][LATENCY] aggregation=16.5015s
2025-12-05 00:55:32 - INFO - [Round 14][LATENCY] decryption=24.7522s
2025-12-05 00:55:32 - INFO - [Round 14] MPC 聚合完成, 耗时 41.25s
2025-12-05 00:55:32 - INFO - [Round 14][Server][RESOURCE] peak_memory=2869.73 MB, cpu=108.4%, cpu_time=44.7100s
2025-12-05 00:55:32 - INFO - [Round 14] 全局模型更新完成
2025-12-05 00:55:44 - INFO - [Round 14] 全局评估: Acc=0.8542, AUC=0.9897
2025-12-05 00:55:44 - INFO - [Round 14] 客户端聚合 (MPC): Loss=0.1032
2025-12-05 00:55:44 - INFO - [CONVERGENCE] round=14 accuracy=0.8542 auc=0.9897 loss=0.1032
2025-12-05 00:55:44 - INFO - [Round 14] 聚合完成，进入 Round 15
2025-12-05 00:58:49 - INFO - [Round 15][Client 3][LATENCY] training=18.6637s, encryption=74.7911s
2025-12-05 00:58:49 - INFO - [Round 15][Client 3][PAYLOAD] upload=255.98 MB
2025-12-05 00:58:49 - INFO - [Round 15][Client 3][RESOURCE] peak_memory=2952.30 MB, cpu=82.7%
2025-12-05 00:58:49 - INFO - [Round 15] 收到客户端 3 更新，大小: 262121.47 KB
2025-12-05 00:58:49 - INFO - [Round 15] 收到客户端 3 MPC 份额更新
2025-12-05 00:58:52 - INFO - [Round 15][Client 2][LATENCY] training=22.9318s, encryption=73.7140s
2025-12-05 00:58:52 - INFO - [Round 15][Client 2][PAYLOAD] upload=255.98 MB
2025-12-05 00:58:52 - INFO - [Round 15][Client 2][RESOURCE] peak_memory=3228.21 MB, cpu=88.0%
2025-12-05 00:58:52 - INFO - [Round 15] 收到客户端 2 更新，大小: 262121.47 KB
2025-12-05 00:58:52 - INFO - [Round 15] 收到客户端 2 MPC 份额更新
2025-12-05 00:58:56 - INFO - [Round 15][Client 1][LATENCY] training=19.8450s, encryption=75.2621s
2025-12-05 00:58:56 - INFO - [Round 15][Client 1][PAYLOAD] upload=255.98 MB
2025-12-05 00:58:56 - INFO - [Round 15][Client 1][RESOURCE] peak_memory=3017.67 MB, cpu=88.8%
2025-12-05 00:58:56 - INFO - [Round 15] 收到客户端 1 更新，大小: 262121.46 KB
2025-12-05 00:58:56 - INFO - [Round 15] 收到客户端 1 MPC 份额更新
2025-12-05 00:58:56 - INFO - [Round 15] 所有客户端更新已收集，开始聚合
2025-12-05 00:58:56 - INFO - [Round 15] 开始 MPC 参数聚合...
2025-12-05 00:59:38 - INFO - [Round 15][LATENCY] aggregation=16.5074s
2025-12-05 00:59:38 - INFO - [Round 15][LATENCY] decryption=24.7611s
2025-12-05 00:59:38 - INFO - [Round 15] MPC 聚合完成, 耗时 41.27s
2025-12-05 00:59:38 - INFO - [Round 15][Server][RESOURCE] peak_memory=2878.54 MB, cpu=108.4%, cpu_time=44.7500s
2025-12-05 00:59:38 - INFO - [Round 15] 全局模型更新完成
2025-12-05 00:59:50 - INFO - [Round 15] 全局评估: Acc=0.8726, AUC=0.9914
2025-12-05 00:59:50 - INFO - [Round 15] 客户端聚合 (MPC): Loss=0.1028
2025-12-05 00:59:50 - INFO - [CONVERGENCE] round=15 accuracy=0.8726 auc=0.9914 loss=0.1028
2025-12-05 00:59:50 - INFO - [Round 15] 聚合完成，进入 Round 16
2025-12-05 01:02:51 - INFO - [Round 16][Client 3][LATENCY] training=16.5819s, encryption=76.0584s
2025-12-05 01:02:51 - INFO - [Round 16][Client 3][PAYLOAD] upload=255.98 MB
2025-12-05 01:02:51 - INFO - [Round 16][Client 3][RESOURCE] peak_memory=3036.50 MB, cpu=93.4%
2025-12-05 01:02:51 - INFO - [Round 16] 收到客户端 3 更新，大小: 262121.47 KB
2025-12-05 01:02:51 - INFO - [Round 16] 收到客户端 3 MPC 份额更新
2025-12-05 01:02:59 - INFO - [Round 16][Client 1][LATENCY] training=19.6632s, encryption=75.5291s
2025-12-05 01:02:59 - INFO - [Round 16][Client 1][PAYLOAD] upload=255.98 MB
2025-12-05 01:02:59 - INFO - [Round 16][Client 1][RESOURCE] peak_memory=3150.93 MB, cpu=93.6%
2025-12-05 01:02:59 - INFO - [Round 16] 收到客户端 1 更新，大小: 262121.46 KB
2025-12-05 01:02:59 - INFO - [Round 16] 收到客户端 1 MPC 份额更新
2025-12-05 01:03:02 - INFO - [Round 16][Client 2][LATENCY] training=22.3188s, encryption=74.7524s
2025-12-05 01:03:02 - INFO - [Round 16][Client 2][PAYLOAD] upload=255.98 MB
2025-12-05 01:03:02 - INFO - [Round 16][Client 2][RESOURCE] peak_memory=3328.27 MB, cpu=93.8%
2025-12-05 01:03:02 - INFO - [Round 16] 收到客户端 2 更新，大小: 262121.46 KB
2025-12-05 01:03:02 - INFO - [Round 16] 收到客户端 2 MPC 份额更新
2025-12-05 01:03:02 - INFO - [Round 16] 所有客户端更新已收集，开始聚合
2025-12-05 01:03:02 - INFO - [Round 16] 开始 MPC 参数聚合...
2025-12-05 01:03:43 - INFO - [Round 16][LATENCY] aggregation=16.4588s
2025-12-05 01:03:43 - INFO - [Round 16][LATENCY] decryption=24.6882s
2025-12-05 01:03:43 - INFO - [Round 16] MPC 聚合完成, 耗时 41.15s
2025-12-05 01:03:43 - INFO - [Round 16][Server][RESOURCE] peak_memory=2747.15 MB, cpu=108.5%, cpu_time=44.6400s
2025-12-05 01:03:43 - INFO - [Round 16] 全局模型更新完成
2025-12-05 01:03:55 - INFO - [Round 16] 全局评估: Acc=0.8732, AUC=0.9917
2025-12-05 01:03:55 - INFO - [Round 16] 客户端聚合 (MPC): Loss=0.0754
2025-12-05 01:03:55 - INFO - [CONVERGENCE] round=16 accuracy=0.8732 auc=0.9917 loss=0.0754
2025-12-05 01:03:55 - INFO - [Round 16] 聚合完成，进入 Round 17
2025-12-05 01:06:45 - INFO - [Round 17][Client 3][LATENCY] training=16.5382s, encryption=74.1448s
2025-12-05 01:06:45 - INFO - [Round 17][Client 3][PAYLOAD] upload=255.98 MB
2025-12-05 01:06:45 - INFO - [Round 17][Client 3][RESOURCE] peak_memory=3036.62 MB, cpu=93.6%
2025-12-05 01:06:45 - INFO - [Round 17] 收到客户端 3 更新，大小: 262121.47 KB
2025-12-05 01:06:45 - INFO - [Round 17] 收到客户端 3 MPC 份额更新
2025-12-05 01:06:56 - INFO - [Round 17][Client 1][LATENCY] training=20.3082s, encryption=75.3383s
2025-12-05 01:06:56 - INFO - [Round 17][Client 1][PAYLOAD] upload=255.98 MB
2025-12-05 01:06:56 - INFO - [Round 17][Client 1][RESOURCE] peak_memory=3172.79 MB, cpu=93.6%
2025-12-05 01:06:56 - INFO - [Round 17] 收到客户端 1 更新，大小: 262121.47 KB
2025-12-05 01:06:56 - INFO - [Round 17] 收到客户端 1 MPC 份额更新
2025-12-05 01:07:06 - INFO - [Round 17][Client 2][LATENCY] training=22.2863s, encryption=73.7941s
2025-12-05 01:07:06 - INFO - [Round 17][Client 2][PAYLOAD] upload=255.98 MB
2025-12-05 01:07:06 - INFO - [Round 17][Client 2][RESOURCE] peak_memory=3372.23 MB, cpu=93.2%
2025-12-05 01:07:06 - INFO - [Round 17] 收到客户端 2 更新，大小: 262121.47 KB
2025-12-05 01:07:06 - INFO - [Round 17] 收到客户端 2 MPC 份额更新
2025-12-05 01:07:06 - INFO - [Round 17] 所有客户端更新已收集，开始聚合
2025-12-05 01:07:06 - INFO - [Round 17] 开始 MPC 参数聚合...
2025-12-05 01:07:47 - INFO - [Round 17][LATENCY] aggregation=16.4220s
2025-12-05 01:07:47 - INFO - [Round 17][LATENCY] decryption=24.6330s
2025-12-05 01:07:47 - INFO - [Round 17] MPC 聚合完成, 耗时 41.06s
2025-12-05 01:07:47 - INFO - [Round 17][Server][RESOURCE] peak_memory=2729.84 MB, cpu=108.5%, cpu_time=44.5400s
2025-12-05 01:07:47 - INFO - [Round 17] 全局模型更新完成
2025-12-05 01:07:58 - INFO - [Round 17] 全局评估: Acc=0.8713, AUC=0.9916
2025-12-05 01:07:58 - INFO - [Round 17] 客户端聚合 (MPC): Loss=0.0681
2025-12-05 01:07:58 - INFO - [CONVERGENCE] round=17 accuracy=0.8713 auc=0.9916 loss=0.0681
2025-12-05 01:07:58 - INFO - [Round 17] 聚合完成，进入 Round 18
2025-12-05 01:10:45 - INFO - [Round 18][Client 3][LATENCY] training=15.5176s, encryption=75.2643s
2025-12-05 01:10:45 - INFO - [Round 18][Client 3][PAYLOAD] upload=255.98 MB
2025-12-05 01:10:45 - INFO - [Round 18][Client 3][RESOURCE] peak_memory=2795.95 MB, cpu=93.6%
2025-12-05 01:10:45 - INFO - [Round 18] 收到客户端 3 更新，大小: 262121.46 KB
2025-12-05 01:10:45 - INFO - [Round 18] 收到客户端 3 MPC 份额更新
2025-12-05 01:10:58 - INFO - [Round 18][Client 1][LATENCY] training=20.0324s, encryption=75.8675s
2025-12-05 01:10:58 - INFO - [Round 18][Client 1][PAYLOAD] upload=255.98 MB
2025-12-05 01:10:58 - INFO - [Round 18][Client 1][RESOURCE] peak_memory=3174.24 MB, cpu=88.9%
2025-12-05 01:10:58 - INFO - [Round 18] 收到客户端 1 更新，大小: 262121.46 KB
2025-12-05 01:10:58 - INFO - [Round 18] 收到客户端 1 MPC 份额更新
2025-12-05 01:11:09 - INFO - [Round 18][Client 2][LATENCY] training=22.0686s, encryption=77.0256s
2025-12-05 01:11:09 - INFO - [Round 18][Client 2][PAYLOAD] upload=255.98 MB
2025-12-05 01:11:09 - INFO - [Round 18][Client 2][RESOURCE] peak_memory=3384.41 MB, cpu=87.4%
2025-12-05 01:11:09 - INFO - [Round 18] 收到客户端 2 更新，大小: 262121.47 KB
2025-12-05 01:11:09 - INFO - [Round 18] 收到客户端 2 MPC 份额更新
2025-12-05 01:11:09 - INFO - [Round 18] 所有客户端更新已收集，开始聚合
2025-12-05 01:11:09 - INFO - [Round 18] 开始 MPC 参数聚合...
2025-12-05 01:11:50 - INFO - [Round 18][LATENCY] aggregation=16.5128s
2025-12-05 01:11:50 - INFO - [Round 18][LATENCY] decryption=24.7692s
2025-12-05 01:11:50 - INFO - [Round 18] MPC 聚合完成, 耗时 41.28s
2025-12-05 01:11:50 - INFO - [Round 18][Server][RESOURCE] peak_memory=2733.82 MB, cpu=108.3%, cpu_time=44.7200s
2025-12-05 01:11:50 - INFO - [Round 18] 全局模型更新完成
2025-12-05 01:12:02 - INFO - [Round 18] 全局评估: Acc=0.8796, AUC=0.9925
2025-12-05 01:12:02 - INFO - [Round 18] 客户端聚合 (MPC): Loss=0.0782
2025-12-05 01:12:02 - INFO - [CONVERGENCE] round=18 accuracy=0.8796 auc=0.9925 loss=0.0782
2025-12-05 01:12:02 - INFO - [Round 18] 聚合完成，进入 Round 19
2025-12-05 01:14:51 - INFO - [Round 19][Client 3][LATENCY] training=14.5159s, encryption=75.0171s
2025-12-05 01:14:51 - INFO - [Round 19][Client 3][PAYLOAD] upload=255.98 MB
2025-12-05 01:14:51 - INFO - [Round 19][Client 3][RESOURCE] peak_memory=2889.85 MB, cpu=93.3%
2025-12-05 01:14:51 - INFO - [Round 19] 收到客户端 3 更新，大小: 262121.46 KB
2025-12-05 01:14:51 - INFO - [Round 19] 收到客户端 3 MPC 份额更新
2025-12-05 01:15:05 - INFO - [Round 19][Client 1][LATENCY] training=18.4643s, encryption=73.4576s
2025-12-05 01:15:05 - INFO - [Round 19][Client 1][PAYLOAD] upload=255.98 MB
2025-12-05 01:15:05 - INFO - [Round 19][Client 1][RESOURCE] peak_memory=3192.77 MB, cpu=94.0%
2025-12-05 01:15:05 - INFO - [Round 19] 收到客户端 1 更新，大小: 262121.47 KB
2025-12-05 01:15:05 - INFO - [Round 19] 收到客户端 1 MPC 份额更新
2025-12-05 01:15:09 - INFO - [Round 19][Client 2][LATENCY] training=20.7418s, encryption=72.2700s
2025-12-05 01:15:09 - INFO - [Round 19][Client 2][PAYLOAD] upload=255.98 MB
2025-12-05 01:15:09 - INFO - [Round 19][Client 2][RESOURCE] peak_memory=3442.14 MB, cpu=93.2%
2025-12-05 01:15:09 - INFO - [Round 19] 收到客户端 2 更新，大小: 262121.46 KB
2025-12-05 01:15:09 - INFO - [Round 19] 收到客户端 2 MPC 份额更新
2025-12-05 01:15:09 - INFO - [Round 19] 所有客户端更新已收集，开始聚合
2025-12-05 01:15:09 - INFO - [Round 19] 开始 MPC 参数聚合...
2025-12-05 01:15:50 - INFO - [Round 19][LATENCY] aggregation=16.4828s
2025-12-05 01:15:50 - INFO - [Round 19][LATENCY] decryption=24.7242s
2025-12-05 01:15:50 - INFO - [Round 19] MPC 聚合完成, 耗时 41.21s
2025-12-05 01:15:50 - INFO - [Round 19][Server][RESOURCE] peak_memory=2890.69 MB, cpu=108.5%, cpu_time=44.7300s
2025-12-05 01:15:50 - INFO - [Round 19] 全局模型更新完成
2025-12-05 01:16:03 - INFO - [Round 19] 全局评估: Acc=0.8643, AUC=0.9905
2025-12-05 01:16:03 - INFO - [Round 19] 客户端聚合 (MPC): Loss=0.0851
2025-12-05 01:16:03 - INFO - [CONVERGENCE] round=19 accuracy=0.8643 auc=0.9905 loss=0.0851
2025-12-05 01:16:03 - INFO - [Round 19] 聚合完成，进入 Round 20
2025-12-05 01:18:55 - INFO - [Round 20][Client 1][LATENCY] training=19.2822s, encryption=77.3899s
2025-12-05 01:18:55 - INFO - [Round 20][Client 1][PAYLOAD] upload=255.98 MB
2025-12-05 01:18:55 - INFO - [Round 20][Client 1][RESOURCE] peak_memory=3165.59 MB, cpu=93.3%
2025-12-05 01:18:55 - INFO - [Round 20] 收到客户端 1 更新，大小: 262121.47 KB
2025-12-05 01:18:55 - INFO - [Round 20] 收到客户端 1 MPC 份额更新
2025-12-05 01:19:00 - INFO - [Round 20][Client 2][LATENCY] training=21.0958s, encryption=73.0605s
2025-12-05 01:19:00 - INFO - [Round 20][Client 2][PAYLOAD] upload=255.98 MB
2025-12-05 01:19:00 - INFO - [Round 20][Client 2][RESOURCE] peak_memory=3459.56 MB, cpu=92.2%
2025-12-05 01:19:00 - INFO - [Round 20] 收到客户端 2 更新，大小: 262121.46 KB
2025-12-05 01:19:00 - INFO - [Round 20] 收到客户端 2 MPC 份额更新
2025-12-05 01:19:11 - INFO - [Round 20][Client 3][LATENCY] training=16.7092s, encryption=74.6658s
2025-12-05 01:19:11 - INFO - [Round 20][Client 3][PAYLOAD] upload=255.98 MB
2025-12-05 01:19:11 - INFO - [Round 20][Client 3][RESOURCE] peak_memory=2999.69 MB, cpu=81.3%
2025-12-05 01:19:11 - INFO - [Round 20] 收到客户端 3 更新，大小: 262121.47 KB
2025-12-05 01:19:11 - INFO - [Round 20] 收到客户端 3 MPC 份额更新
2025-12-05 01:19:11 - INFO - [Round 20] 所有客户端更新已收集，开始聚合
2025-12-05 01:19:11 - INFO - [Round 20] 开始 MPC 参数聚合...
2025-12-05 01:19:52 - INFO - [Round 20][LATENCY] aggregation=16.4226s
2025-12-05 01:19:52 - INFO - [Round 20][LATENCY] decryption=24.6339s
2025-12-05 01:19:52 - INFO - [Round 20] MPC 聚合完成, 耗时 41.06s
2025-12-05 01:19:52 - INFO - [Round 20][Server][RESOURCE] peak_memory=2889.42 MB, cpu=108.5%, cpu_time=44.5300s
2025-12-05 01:19:52 - INFO - [Round 20] 全局模型更新完成
2025-12-05 01:20:06 - INFO - [Round 20] 全局评估: Acc=0.8792, AUC=0.9924
2025-12-05 01:20:06 - INFO - [Round 20] 客户端聚合 (MPC): Loss=0.0622
2025-12-05 01:20:06 - INFO - [CONVERGENCE] round=20 accuracy=0.8792 auc=0.9924 loss=0.0622
2025-12-05 01:20:06 - INFO - [Round 20] 聚合完成，进入 Round 21
2025-12-05 01:23:05 - INFO - [Round 21][Client 3][LATENCY] training=17.3972s, encryption=74.2683s
2025-12-05 01:23:05 - INFO - [Round 21][Client 3][PAYLOAD] upload=255.98 MB
2025-12-05 01:23:05 - INFO - [Round 21][Client 3][RESOURCE] peak_memory=2926.57 MB, cpu=89.4%
2025-12-05 01:23:05 - INFO - [Round 21] 收到客户端 3 更新，大小: 262121.47 KB
2025-12-05 01:23:05 - INFO - [Round 21] 收到客户端 3 MPC 份额更新
2025-12-05 01:23:12 - INFO - [Round 21][Client 1][LATENCY] training=19.8082s, encryption=71.8868s
2025-12-05 01:23:12 - INFO - [Round 21][Client 1][PAYLOAD] upload=255.98 MB
2025-12-05 01:23:12 - INFO - [Round 21][Client 1][RESOURCE] peak_memory=3251.25 MB, cpu=94.3%
2025-12-05 01:23:12 - INFO - [Round 21] 收到客户端 1 更新，大小: 262121.47 KB
2025-12-05 01:23:12 - INFO - [Round 21] 收到客户端 1 MPC 份额更新
2025-12-05 01:23:40 - INFO - [Round 21][Client 2][LATENCY] training=21.9167s, encryption=72.5210s
2025-12-05 01:23:40 - INFO - [Round 21][Client 2][PAYLOAD] upload=255.98 MB
2025-12-05 01:23:40 - INFO - [Round 21][Client 2][RESOURCE] peak_memory=3423.55 MB, cpu=94.3%
2025-12-05 01:23:40 - INFO - [Round 21] 收到客户端 2 更新，大小: 262121.47 KB
2025-12-05 01:23:40 - INFO - [Round 21] 收到客户端 2 MPC 份额更新
2025-12-05 01:23:40 - INFO - [Round 21] 所有客户端更新已收集，开始聚合
2025-12-05 01:23:40 - INFO - [Round 21] 开始 MPC 参数聚合...
2025-12-05 01:24:21 - INFO - [Round 21][LATENCY] aggregation=16.4709s
2025-12-05 01:24:21 - INFO - [Round 21][LATENCY] decryption=24.7064s
2025-12-05 01:24:21 - INFO - [Round 21] MPC 聚合完成, 耗时 41.18s
2025-12-05 01:24:21 - INFO - [Round 21][Server][RESOURCE] peak_memory=2688.01 MB, cpu=108.5%, cpu_time=44.6800s
2025-12-05 01:24:21 - INFO - [Round 21] 全局模型更新完成
2025-12-05 01:24:33 - INFO - [Round 21] 全局评估: Acc=0.8830, AUC=0.9925
2025-12-05 01:24:33 - INFO - [Round 21] 客户端聚合 (MPC): Loss=0.1003
2025-12-05 01:24:33 - INFO - [CONVERGENCE] round=21 accuracy=0.8830 auc=0.9925 loss=0.1003
2025-12-05 01:24:33 - INFO - [Round 21] 聚合完成，进入 Round 22
2025-12-05 01:27:20 - INFO - [Round 22][Client 3][LATENCY] training=16.6865s, encryption=74.6500s
2025-12-05 01:27:20 - INFO - [Round 22][Client 3][PAYLOAD] upload=255.98 MB
2025-12-05 01:27:20 - INFO - [Round 22][Client 3][RESOURCE] peak_memory=2982.11 MB, cpu=93.8%
2025-12-05 01:27:20 - INFO - [Round 22] 收到客户端 3 更新，大小: 262121.47 KB
2025-12-05 01:27:20 - INFO - [Round 22] 收到客户端 3 MPC 份额更新
2025-12-05 01:27:36 - INFO - [Round 22][Client 2][LATENCY] training=21.9070s, encryption=75.2351s
2025-12-05 01:27:36 - INFO - [Round 22][Client 2][PAYLOAD] upload=255.98 MB
2025-12-05 01:27:36 - INFO - [Round 22][Client 2][RESOURCE] peak_memory=3659.12 MB, cpu=94.0%
2025-12-05 01:27:36 - INFO - [Round 22] 收到客户端 2 更新，大小: 262121.47 KB
2025-12-05 01:27:36 - INFO - [Round 22] 收到客户端 2 MPC 份额更新
2025-12-05 01:27:43 - INFO - [Round 22][Client 1][LATENCY] training=20.4882s, encryption=76.4251s
2025-12-05 01:27:43 - INFO - [Round 22][Client 1][PAYLOAD] upload=255.98 MB
2025-12-05 01:27:43 - INFO - [Round 22][Client 1][RESOURCE] peak_memory=3251.61 MB, cpu=93.4%
2025-12-05 01:27:43 - INFO - [Round 22] 收到客户端 1 更新，大小: 262121.46 KB
2025-12-05 01:27:43 - INFO - [Round 22] 收到客户端 1 MPC 份额更新
2025-12-05 01:27:43 - INFO - [Round 22] 所有客户端更新已收集，开始聚合
2025-12-05 01:27:43 - INFO - [Round 22] 开始 MPC 参数聚合...
2025-12-05 01:28:24 - INFO - [Round 22][LATENCY] aggregation=16.4680s
2025-12-05 01:28:24 - INFO - [Round 22][LATENCY] decryption=24.7021s
2025-12-05 01:28:24 - INFO - [Round 22] MPC 聚合完成, 耗时 41.17s
2025-12-05 01:28:24 - INFO - [Round 22][Server][RESOURCE] peak_memory=2738.12 MB, cpu=108.4%, cpu_time=44.6200s
2025-12-05 01:28:24 - INFO - [Round 22] 全局模型更新完成
2025-12-05 01:28:36 - INFO - [Round 22] 全局评估: Acc=0.8878, AUC=0.9931
2025-12-05 01:28:36 - INFO - [Round 22] 客户端聚合 (MPC): Loss=0.0606
2025-12-05 01:28:36 - INFO - [CONVERGENCE] round=22 accuracy=0.8878 auc=0.9931 loss=0.0606
2025-12-05 01:28:36 - INFO - [Round 22] 聚合完成，进入 Round 23
2025-12-05 01:31:31 - INFO - [Round 23][Client 3][LATENCY] training=15.7549s, encryption=74.0597s
2025-12-05 01:31:31 - INFO - [Round 23][Client 3][PAYLOAD] upload=255.98 MB
2025-12-05 01:31:31 - INFO - [Round 23][Client 3][RESOURCE] peak_memory=3357.30 MB, cpu=93.1%
2025-12-05 01:31:31 - INFO - [Round 23] 收到客户端 3 更新，大小: 262121.47 KB
2025-12-05 01:31:31 - INFO - [Round 23] 收到客户端 3 MPC 份额更新
2025-12-05 01:31:37 - INFO - [Round 23][Client 1][LATENCY] training=18.6906s, encryption=76.6533s
2025-12-05 01:31:37 - INFO - [Round 23][Client 1][PAYLOAD] upload=255.98 MB
2025-12-05 01:31:37 - INFO - [Round 23][Client 1][RESOURCE] peak_memory=3297.14 MB, cpu=93.7%
2025-12-05 01:31:37 - INFO - [Round 23] 收到客户端 1 更新，大小: 262121.47 KB
2025-12-05 01:31:37 - INFO - [Round 23] 收到客户端 1 MPC 份额更新
2025-12-05 01:31:44 - INFO - [Round 23][Client 2][LATENCY] training=22.4149s, encryption=74.5866s
2025-12-05 01:31:44 - INFO - [Round 23][Client 2][PAYLOAD] upload=255.98 MB
2025-12-05 01:31:44 - INFO - [Round 23][Client 2][RESOURCE] peak_memory=3491.71 MB, cpu=87.2%
2025-12-05 01:31:44 - INFO - [Round 23] 收到客户端 2 更新，大小: 262121.47 KB
2025-12-05 01:31:44 - INFO - [Round 23] 收到客户端 2 MPC 份额更新
2025-12-05 01:31:44 - INFO - [Round 23] 所有客户端更新已收集，开始聚合
2025-12-05 01:31:44 - INFO - [Round 23] 开始 MPC 参数聚合...
2025-12-05 01:32:25 - INFO - [Round 23][LATENCY] aggregation=16.4583s
2025-12-05 01:32:25 - INFO - [Round 23][LATENCY] decryption=24.6874s
2025-12-05 01:32:25 - INFO - [Round 23] MPC 聚合完成, 耗时 41.15s
2025-12-05 01:32:25 - INFO - [Round 23][Server][RESOURCE] peak_memory=2760.90 MB, cpu=108.4%, cpu_time=44.6200s
2025-12-05 01:32:25 - INFO - [Round 23] 全局模型更新完成
2025-12-05 01:32:37 - INFO - [Round 23] 全局评估: Acc=0.8844, AUC=0.9927
2025-12-05 01:32:37 - INFO - [Round 23] 客户端聚合 (MPC): Loss=0.0422
2025-12-05 01:32:37 - INFO - [CONVERGENCE] round=23 accuracy=0.8844 auc=0.9927 loss=0.0422
2025-12-05 01:32:37 - INFO - [Round 23] 聚合完成，进入 Round 24
2025-12-05 01:35:32 - INFO - [Round 24][Client 1][LATENCY] training=20.1057s, encryption=73.4764s
2025-12-05 01:35:32 - INFO - [Round 24][Client 1][PAYLOAD] upload=255.98 MB
2025-12-05 01:35:32 - INFO - [Round 24][Client 1][RESOURCE] peak_memory=3333.13 MB, cpu=92.3%
2025-12-05 01:35:32 - INFO - [Round 24] 收到客户端 1 更新，大小: 262121.46 KB
2025-12-05 01:35:32 - INFO - [Round 24] 收到客户端 1 MPC 份额更新
2025-12-05 01:35:44 - INFO - [Round 24][Client 2][LATENCY] training=22.1534s, encryption=73.0121s
2025-12-05 01:35:44 - INFO - [Round 24][Client 2][PAYLOAD] upload=255.98 MB
2025-12-05 01:35:44 - INFO - [Round 24][Client 2][RESOURCE] peak_memory=3496.88 MB, cpu=93.0%
2025-12-05 01:35:44 - INFO - [Round 24] 收到客户端 2 更新，大小: 262121.47 KB
2025-12-05 01:35:44 - INFO - [Round 24] 收到客户端 2 MPC 份额更新
2025-12-05 01:35:48 - INFO - [Round 24][Client 3][LATENCY] training=15.9812s, encryption=80.9429s
2025-12-05 01:35:48 - INFO - [Round 24][Client 3][PAYLOAD] upload=255.98 MB
2025-12-05 01:35:48 - INFO - [Round 24][Client 3][RESOURCE] peak_memory=3338.54 MB, cpu=92.6%
2025-12-05 01:35:48 - INFO - [Round 24] 收到客户端 3 更新，大小: 262121.47 KB
2025-12-05 01:35:48 - INFO - [Round 24] 收到客户端 3 MPC 份额更新
2025-12-05 01:35:48 - INFO - [Round 24] 所有客户端更新已收集，开始聚合
2025-12-05 01:35:48 - INFO - [Round 24] 开始 MPC 参数聚合...
2025-12-05 01:36:29 - INFO - [Round 24][LATENCY] aggregation=16.4492s
2025-12-05 01:36:29 - INFO - [Round 24][LATENCY] decryption=24.6738s
2025-12-05 01:36:29 - INFO - [Round 24] MPC 聚合完成, 耗时 41.12s
2025-12-05 01:36:29 - INFO - [Round 24][Server][RESOURCE] peak_memory=2891.04 MB, cpu=108.5%, cpu_time=44.6100s
2025-12-05 01:36:29 - INFO - [Round 24] 全局模型更新完成
2025-12-05 01:36:41 - INFO - [Round 24] 全局评估: Acc=0.8778, AUC=0.9918
2025-12-05 01:36:41 - INFO - [Round 24] 客户端聚合 (MPC): Loss=0.0438
2025-12-05 01:36:41 - INFO - [CONVERGENCE] round=24 accuracy=0.8778 auc=0.9918 loss=0.0438
2025-12-05 01:36:41 - INFO - [Round 24] 聚合完成，进入 Round 25
2025-12-05 01:39:31 - INFO - [Round 25][Client 3][LATENCY] training=16.5617s, encryption=74.3177s
2025-12-05 01:39:31 - INFO - [Round 25][Client 3][PAYLOAD] upload=255.98 MB
2025-12-05 01:39:31 - INFO - [Round 25][Client 3][RESOURCE] peak_memory=3068.02 MB, cpu=93.2%
2025-12-05 01:39:31 - INFO - [Round 25] 收到客户端 3 更新，大小: 262121.47 KB
2025-12-05 01:39:31 - INFO - [Round 25] 收到客户端 3 MPC 份额更新
2025-12-05 01:39:43 - INFO - [Round 25][Client 1][LATENCY] training=20.2212s, encryption=71.0517s
2025-12-05 01:39:43 - INFO - [Round 25][Client 1][PAYLOAD] upload=255.98 MB
2025-12-05 01:39:43 - INFO - [Round 25][Client 1][RESOURCE] peak_memory=2995.88 MB, cpu=93.5%
2025-12-05 01:39:43 - INFO - [Round 25] 收到客户端 1 更新，大小: 262121.47 KB
2025-12-05 01:39:43 - INFO - [Round 25] 收到客户端 1 MPC 份额更新
2025-12-05 01:39:51 - INFO - [Round 25][Client 2][LATENCY] training=21.8576s, encryption=73.5108s
2025-12-05 01:39:51 - INFO - [Round 25][Client 2][PAYLOAD] upload=255.98 MB
2025-12-05 01:39:51 - INFO - [Round 25][Client 2][RESOURCE] peak_memory=3496.87 MB, cpu=94.3%
2025-12-05 01:39:51 - INFO - [Round 25] 收到客户端 2 更新，大小: 262121.47 KB
2025-12-05 01:39:51 - INFO - [Round 25] 收到客户端 2 MPC 份额更新
2025-12-05 01:39:51 - INFO - [Round 25] 所有客户端更新已收集，开始聚合
2025-12-05 01:39:51 - INFO - [Round 25] 开始 MPC 参数聚合...
2025-12-05 01:40:32 - INFO - [Round 25][LATENCY] aggregation=16.3807s
2025-12-05 01:40:32 - INFO - [Round 25][LATENCY] decryption=24.5710s
2025-12-05 01:40:32 - INFO - [Round 25] MPC 聚合完成, 耗时 40.95s
2025-12-05 01:40:32 - INFO - [Round 25][Server][RESOURCE] peak_memory=2887.05 MB, cpu=108.4%, cpu_time=44.4100s
2025-12-05 01:40:32 - INFO - [Round 25] 全局模型更新完成
2025-12-05 01:40:43 - INFO - [Round 25] 全局评估: Acc=0.8716, AUC=0.9910
2025-12-05 01:40:43 - INFO - [Round 25] 客户端聚合 (MPC): Loss=0.0499
2025-12-05 01:40:43 - INFO - [CONVERGENCE] round=25 accuracy=0.8716 auc=0.9910 loss=0.0499
2025-12-05 01:40:43 - INFO - [Round 25] 聚合完成，进入 Round 26
2025-12-05 01:43:38 - INFO - [Round 26][Client 1][LATENCY] training=19.3331s, encryption=74.6952s
2025-12-05 01:43:38 - INFO - [Round 26][Client 1][PAYLOAD] upload=255.98 MB
2025-12-05 01:43:38 - INFO - [Round 26][Client 1][RESOURCE] peak_memory=3027.89 MB, cpu=88.8%
2025-12-05 01:43:38 - INFO - [Round 26] 收到客户端 1 更新，大小: 262121.47 KB
2025-12-05 01:43:38 - INFO - [Round 26] 收到客户端 1 MPC 份额更新
2025-12-05 01:43:46 - INFO - [Round 26][Client 3][LATENCY] training=16.4034s, encryption=74.6520s
2025-12-05 01:43:46 - INFO - [Round 26][Client 3][PAYLOAD] upload=255.98 MB
2025-12-05 01:43:46 - INFO - [Round 26][Client 3][RESOURCE] peak_memory=3135.77 MB, cpu=87.1%
2025-12-05 01:43:46 - INFO - [Round 26] 收到客户端 3 更新，大小: 262121.46 KB
2025-12-05 01:43:46 - INFO - [Round 26] 收到客户端 3 MPC 份额更新
2025-12-05 01:43:54 - INFO - [Round 26][Client 2][LATENCY] training=24.0848s, encryption=74.2991s
2025-12-05 01:43:54 - INFO - [Round 26][Client 2][PAYLOAD] upload=255.98 MB
2025-12-05 01:43:54 - INFO - [Round 26][Client 2][RESOURCE] peak_memory=3527.28 MB, cpu=76.8%
2025-12-05 01:43:54 - INFO - [Round 26] 收到客户端 2 更新，大小: 262121.47 KB
2025-12-05 01:43:54 - INFO - [Round 26] 收到客户端 2 MPC 份额更新
2025-12-05 01:43:54 - INFO - [Round 26] 所有客户端更新已收集，开始聚合
2025-12-05 01:43:54 - INFO - [Round 26] 开始 MPC 参数聚合...
2025-12-05 01:44:35 - INFO - [Round 26][LATENCY] aggregation=16.4444s
2025-12-05 01:44:35 - INFO - [Round 26][LATENCY] decryption=24.6665s
2025-12-05 01:44:35 - INFO - [Round 26] MPC 聚合完成, 耗时 41.11s
2025-12-05 01:44:35 - INFO - [Round 26][Server][RESOURCE] peak_memory=2824.90 MB, cpu=108.4%, cpu_time=44.5700s
2025-12-05 01:44:35 - INFO - [Round 26] 全局模型更新完成
2025-12-05 01:44:47 - INFO - [Round 26] 全局评估: Acc=0.8821, AUC=0.9920
2025-12-05 01:44:47 - INFO - [Round 26] 客户端聚合 (MPC): Loss=0.0330
2025-12-05 01:44:47 - INFO - [CONVERGENCE] round=26 accuracy=0.8821 auc=0.9920 loss=0.0330
2025-12-05 01:44:47 - INFO - [Round 26] 聚合完成，进入 Round 27
2025-12-05 01:47:26 - INFO - [Round 27][Client 3][LATENCY] training=15.2665s, encryption=73.5917s
2025-12-05 01:47:26 - INFO - [Round 27][Client 3][PAYLOAD] upload=255.98 MB
2025-12-05 01:47:26 - INFO - [Round 27][Client 3][RESOURCE] peak_memory=3090.52 MB, cpu=92.8%
2025-12-05 01:47:26 - INFO - [Round 27] 收到客户端 3 更新，大小: 262121.46 KB
2025-12-05 01:47:26 - INFO - [Round 27] 收到客户端 3 MPC 份额更新
2025-12-05 01:47:48 - INFO - [Round 27][Client 1][LATENCY] training=21.5072s, encryption=72.8784s
2025-12-05 01:47:48 - INFO - [Round 27][Client 1][PAYLOAD] upload=255.98 MB
2025-12-05 01:47:48 - INFO - [Round 27][Client 1][RESOURCE] peak_memory=3028.70 MB, cpu=81.7%
2025-12-05 01:47:48 - INFO - [Round 27] 收到客户端 1 更新，大小: 262121.47 KB
2025-12-05 01:47:48 - INFO - [Round 27] 收到客户端 1 MPC 份额更新
2025-12-05 01:47:57 - INFO - [Round 27][Client 2][LATENCY] training=20.9167s, encryption=79.5241s
2025-12-05 01:47:57 - INFO - [Round 27][Client 2][PAYLOAD] upload=255.98 MB
2025-12-05 01:47:57 - INFO - [Round 27][Client 2][RESOURCE] peak_memory=3527.08 MB, cpu=94.1%
2025-12-05 01:47:57 - INFO - [Round 27] 收到客户端 2 更新，大小: 262121.47 KB
2025-12-05 01:47:57 - INFO - [Round 27] 收到客户端 2 MPC 份额更新
2025-12-05 01:47:57 - INFO - [Round 27] 所有客户端更新已收集，开始聚合
2025-12-05 01:47:57 - INFO - [Round 27] 开始 MPC 参数聚合...
2025-12-05 01:48:38 - INFO - [Round 27][LATENCY] aggregation=16.3840s
2025-12-05 01:48:38 - INFO - [Round 27][LATENCY] decryption=24.5760s
2025-12-05 01:48:38 - INFO - [Round 27] MPC 聚合完成, 耗时 40.96s
2025-12-05 01:48:38 - INFO - [Round 27][Server][RESOURCE] peak_memory=2723.05 MB, cpu=108.3%, cpu_time=44.3700s
2025-12-05 01:48:38 - INFO - [Round 27] 全局模型更新完成
2025-12-05 01:48:50 - INFO - [Round 27] 全局评估: Acc=0.8820, AUC=0.9919
2025-12-05 01:48:50 - INFO - [Round 27] 客户端聚合 (MPC): Loss=0.0494
2025-12-05 01:48:50 - INFO - [CONVERGENCE] round=27 accuracy=0.8820 auc=0.9919 loss=0.0494
2025-12-05 01:48:50 - INFO - [Round 27] 聚合完成，进入 Round 28
2025-12-05 01:51:38 - INFO - [Round 28][Client 3][LATENCY] training=15.3173s, encryption=75.1361s
2025-12-05 01:51:38 - INFO - [Round 28][Client 3][PAYLOAD] upload=255.98 MB
2025-12-05 01:51:38 - INFO - [Round 28][Client 3][RESOURCE] peak_memory=2692.17 MB, cpu=92.8%
2025-12-05 01:51:38 - INFO - [Round 28] 收到客户端 3 更新，大小: 262121.47 KB
2025-12-05 01:51:38 - INFO - [Round 28] 收到客户端 3 MPC 份额更新
2025-12-05 01:51:44 - INFO - [Round 28][Client 1][LATENCY] training=19.2083s, encryption=72.3932s
2025-12-05 01:51:44 - INFO - [Round 28][Client 1][PAYLOAD] upload=255.98 MB
2025-12-05 01:51:44 - INFO - [Round 28][Client 1][RESOURCE] peak_memory=2790.09 MB, cpu=93.4%
2025-12-05 01:51:44 - INFO - [Round 28] 收到客户端 1 更新，大小: 262121.47 KB
2025-12-05 01:51:44 - INFO - [Round 28] 收到客户端 1 MPC 份额更新
2025-12-05 01:51:58 - INFO - [Round 28][Client 2][LATENCY] training=21.7135s, encryption=75.3881s
2025-12-05 01:51:58 - INFO - [Round 28][Client 2][PAYLOAD] upload=255.98 MB
2025-12-05 01:51:58 - INFO - [Round 28][Client 2][RESOURCE] peak_memory=3264.32 MB, cpu=93.6%
2025-12-05 01:51:58 - INFO - [Round 28] 收到客户端 2 更新，大小: 262121.46 KB
2025-12-05 01:51:58 - INFO - [Round 28] 收到客户端 2 MPC 份额更新
2025-12-05 01:51:58 - INFO - [Round 28] 所有客户端更新已收集，开始聚合
2025-12-05 01:51:58 - INFO - [Round 28] 开始 MPC 参数聚合...
2025-12-05 01:52:39 - INFO - [Round 28][LATENCY] aggregation=16.3852s
2025-12-05 01:52:39 - INFO - [Round 28][LATENCY] decryption=24.5778s
2025-12-05 01:52:39 - INFO - [Round 28] MPC 聚合完成, 耗时 40.96s
2025-12-05 01:52:39 - INFO - [Round 28][Server][RESOURCE] peak_memory=2807.32 MB, cpu=108.4%, cpu_time=44.4100s
2025-12-05 01:52:39 - INFO - [Round 28] 全局模型更新完成
2025-12-05 01:52:51 - INFO - [Round 28] 全局评估: Acc=0.8807, AUC=0.9921
2025-12-05 01:52:51 - INFO - [Round 28] 客户端聚合 (MPC): Loss=0.0444
2025-12-05 01:52:51 - INFO - [CONVERGENCE] round=28 accuracy=0.8807 auc=0.9921 loss=0.0444
2025-12-05 01:52:51 - INFO - [Round 28] 聚合完成，进入 Round 29
2025-12-05 01:55:49 - INFO - [Round 29][Client 1][LATENCY] training=19.6583s, encryption=73.4838s
2025-12-05 01:55:49 - INFO - [Round 29][Client 1][PAYLOAD] upload=255.98 MB
2025-12-05 01:55:49 - INFO - [Round 29][Client 1][RESOURCE] peak_memory=2803.48 MB, cpu=94.7%
2025-12-05 01:55:49 - INFO - [Round 29] 收到客户端 1 更新，大小: 262121.47 KB
2025-12-05 01:55:49 - INFO - [Round 29] 收到客户端 1 MPC 份额更新
2025-12-05 01:55:56 - INFO - [Round 29][Client 2][LATENCY] training=23.0741s, encryption=73.9964s
2025-12-05 01:55:56 - INFO - [Round 29][Client 2][PAYLOAD] upload=255.98 MB
2025-12-05 01:55:56 - INFO - [Round 29][Client 2][RESOURCE] peak_memory=3346.75 MB, cpu=88.4%
2025-12-05 01:55:56 - INFO - [Round 29] 收到客户端 2 更新，大小: 262121.47 KB
2025-12-05 01:55:56 - INFO - [Round 29] 收到客户端 2 MPC 份额更新
2025-12-05 01:56:00 - INFO - [Round 29][Client 3][LATENCY] training=15.9995s, encryption=73.9039s
2025-12-05 01:56:00 - INFO - [Round 29][Client 3][PAYLOAD] upload=255.98 MB
2025-12-05 01:56:00 - INFO - [Round 29][Client 3][RESOURCE] peak_memory=2921.92 MB, cpu=93.6%
2025-12-05 01:56:00 - INFO - [Round 29] 收到客户端 3 更新，大小: 262121.47 KB
2025-12-05 01:56:00 - INFO - [Round 29] 收到客户端 3 MPC 份额更新
2025-12-05 01:56:00 - INFO - [Round 29] 所有客户端更新已收集，开始聚合
2025-12-05 01:56:00 - INFO - [Round 29] 开始 MPC 参数聚合...
2025-12-05 01:56:41 - INFO - [Round 29][LATENCY] aggregation=16.3818s
2025-12-05 01:56:41 - INFO - [Round 29][LATENCY] decryption=24.5726s
2025-12-05 01:56:41 - INFO - [Round 29] MPC 聚合完成, 耗时 40.95s
2025-12-05 01:56:41 - INFO - [Round 29][Server][RESOURCE] peak_memory=2857.11 MB, cpu=108.4%, cpu_time=44.3900s
2025-12-05 01:56:41 - INFO - [Round 29] 全局模型更新完成
2025-12-05 01:56:52 - INFO - [Round 29] 全局评估: Acc=0.8792, AUC=0.9917
2025-12-05 01:56:52 - INFO - [Round 29] 客户端聚合 (MPC): Loss=0.0451
2025-12-05 01:56:52 - INFO - [CONVERGENCE] round=29 accuracy=0.8792 auc=0.9917 loss=0.0451
2025-12-05 01:56:52 - INFO - [Round 29] 训练收敛: Acc 变化 (0.002900) < 阈值 (0.005)
2025-12-05 01:56:52 - INFO - [Server] 训练结束，总耗时: 7103.19s
2025-12-05 01:56:52 - INFO - [Server] 通信开销汇总 (KB):
           Total_KB
1      7.601522e+06
2      7.601522e+06
3      7.601522e+06
Total  2.280457e+07
2025-12-05 01:56:52 - INFO - [Server] 评估指标汇总:
      Accuracy     AUC    Loss
Round                         
1       0.2105  0.7135  0.7964
2       0.5634  0.9335  0.5501
3       0.6501  0.9522  0.5039
4       0.7481  0.9714  0.3964
5       0.7917  0.9798  0.3479
6       0.7968  0.9813  0.2710
7       0.8335  0.9872  0.2461
8       0.8426  0.9879  0.2010
9       0.8418  0.9878  0.1598
10      0.8466  0.9885  0.1634
11      0.8472  0.9887  0.1272
12      0.8463  0.9881  0.1217
13      0.8610  0.9901  0.1227
14      0.8542  0.9897  0.1032
15      0.8726  0.9914  0.1028
16      0.8732  0.9917  0.0754
17      0.8713  0.9916  0.0681
18      0.8796  0.9925  0.0782
19      0.8643  0.9905  0.0851
20      0.8792  0.9924  0.0622
21      0.8830  0.9925  0.1003
22      0.8878  0.9931  0.0606
23      0.8844  0.9927  0.0422
24      0.8778  0.9918  0.0438
25      0.8716  0.9910  0.0499
26      0.8821  0.9920  0.0330
27      0.8820  0.9919  0.0494
28      0.8807  0.9921  0.0444
29      0.8792  0.9917  0.0451
