2025-12-05 03:32:07 - INFO - 日志文件已创建: logs/none_20251205_033207.log
2025-12-05 03:32:07 - INFO - [Server] 配置: Dataset=cifar10, Model=resnet18
2025-12-05 03:32:08 - INFO - [Server] 加载全局测试集: /app/data/global/cifar10_test.npz, 样本数: 10000
2025-12-05 03:32:08 - INFO - [Server] 初始化完成 (模式: NONE)，等待 3 个客户端注册
2025-12-05 03:32:08 - INFO - [Server] 启动 (SSL/TLS)，监听端口: 50051
2025-12-05 03:32:55 - INFO - [Server] 收到客户端 3 注册请求 (模型: resnet18, 数据量: 11332)
2025-12-05 03:32:55 - INFO - [Server] 客户端 3 注册成功 (1/3)
2025-12-05 03:32:56 - INFO - [Server] 收到客户端 1 注册请求 (模型: resnet18, 数据量: 15357)
2025-12-05 03:32:56 - INFO - [Server] 客户端 1 注册成功 (2/3)
2025-12-05 03:32:56 - INFO - [Server] 收到客户端 2 注册请求 (模型: resnet18, 数据量: 18309)
2025-12-05 03:32:56 - INFO - [Server] 客户端 2 注册成功 (3/3)
2025-12-05 03:32:56 - INFO - [Server] 所有客户端已注册，准备开始训练
2025-12-05 03:32:56 - INFO - [Server] 联邦学习计时开始
2025-12-05 03:33:33 - INFO - [Round 1][Client 3][LATENCY] training=16.2912s, encryption=0.4964s
2025-12-05 03:33:33 - INFO - [Round 1][Client 3][PAYLOAD] upload=42.67 MB
2025-12-05 03:33:33 - INFO - [Round 1][Client 3][RESOURCE] peak_memory=1570.18 MB, cpu=101.5%
2025-12-05 03:33:33 - INFO - [Round 1] 收到客户端 3 更新，大小: 43694.24 KB
2025-12-05 03:33:33 - INFO - [Round 1] 收到客户端 3 明文更新
2025-12-05 03:33:38 - INFO - [Round 1][Client 1][LATENCY] training=19.2015s, encryption=0.4119s
2025-12-05 03:33:38 - INFO - [Round 1][Client 1][PAYLOAD] upload=42.67 MB
2025-12-05 03:33:38 - INFO - [Round 1][Client 1][RESOURCE] peak_memory=1689.19 MB, cpu=99.6%
2025-12-05 03:33:38 - INFO - [Round 1] 收到客户端 1 更新，大小: 43694.24 KB
2025-12-05 03:33:38 - INFO - [Round 1] 收到客户端 1 明文更新
2025-12-05 03:33:42 - INFO - [Round 1][Client 2][LATENCY] training=22.8021s, encryption=0.4898s
2025-12-05 03:33:42 - INFO - [Round 1][Client 2][PAYLOAD] upload=42.67 MB
2025-12-05 03:33:42 - INFO - [Round 1][Client 2][RESOURCE] peak_memory=1748.50 MB, cpu=100.1%
2025-12-05 03:33:42 - INFO - [Round 1] 收到客户端 2 更新，大小: 43694.25 KB
2025-12-05 03:33:42 - INFO - [Round 1] 收到客户端 2 明文更新
2025-12-05 03:33:42 - INFO - [Round 1] 所有客户端更新已收集，开始聚合
2025-12-05 03:33:42 - INFO - [Round 1][LATENCY] decryption=0.0000s
2025-12-05 03:33:42 - INFO - [Round 1][LATENCY] aggregation=0.0810s
2025-12-05 03:33:42 - INFO - [Round 1] 明文聚合完成
2025-12-05 03:33:42 - INFO - [Round 1][Server][RESOURCE] peak_memory=1005.73 MB, cpu=109.7%, cpu_time=0.0900s
2025-12-05 03:33:42 - INFO - [Round 1] 全局模型更新完成
2025-12-05 03:33:54 - INFO - [Round 1] 全局评估: Acc=0.2450, AUC=0.7263
2025-12-05 03:33:54 - INFO - [Round 1] 客户端聚合: Loss=0.8105
2025-12-05 03:33:54 - INFO - [CONVERGENCE] round=1 accuracy=0.2450 auc=0.7263 loss=0.8105
2025-12-05 03:33:54 - INFO - [Round 1] 聚合完成，进入 Round 2
2025-12-05 03:34:33 - INFO - [Round 2][Client 3][LATENCY] training=16.1511s, encryption=0.4587s
2025-12-05 03:34:33 - INFO - [Round 2][Client 3][PAYLOAD] upload=42.67 MB
2025-12-05 03:34:33 - INFO - [Round 2][Client 3][RESOURCE] peak_memory=1691.20 MB, cpu=102.0%
2025-12-05 03:34:33 - INFO - [Round 2] 收到客户端 3 更新，大小: 43694.25 KB
2025-12-05 03:34:33 - INFO - [Round 2] 收到客户端 3 明文更新
2025-12-05 03:34:38 - INFO - [Round 2][Client 1][LATENCY] training=21.4817s, encryption=0.3439s
2025-12-05 03:34:38 - INFO - [Round 2][Client 1][PAYLOAD] upload=42.67 MB
2025-12-05 03:34:38 - INFO - [Round 2][Client 1][RESOURCE] peak_memory=1823.49 MB, cpu=100.0%
2025-12-05 03:34:38 - INFO - [Round 2] 收到客户端 1 更新，大小: 43694.25 KB
2025-12-05 03:34:38 - INFO - [Round 2] 收到客户端 1 明文更新
2025-12-05 03:34:40 - INFO - [Round 2][Client 2][LATENCY] training=21.7889s, encryption=0.4501s
2025-12-05 03:34:40 - INFO - [Round 2][Client 2][PAYLOAD] upload=42.67 MB
2025-12-05 03:34:40 - INFO - [Round 2][Client 2][RESOURCE] peak_memory=1881.75 MB, cpu=100.4%
2025-12-05 03:34:40 - INFO - [Round 2] 收到客户端 2 更新，大小: 43694.25 KB
2025-12-05 03:34:40 - INFO - [Round 2] 收到客户端 2 明文更新
2025-12-05 03:34:40 - INFO - [Round 2] 所有客户端更新已收集，开始聚合
2025-12-05 03:34:40 - INFO - [Round 2][LATENCY] decryption=0.0000s
2025-12-05 03:34:40 - INFO - [Round 2][LATENCY] aggregation=0.0618s
2025-12-05 03:34:40 - INFO - [Round 2] 明文聚合完成
2025-12-05 03:34:40 - INFO - [Round 2][Server][RESOURCE] peak_memory=1350.16 MB, cpu=111.2%, cpu_time=0.0700s
2025-12-05 03:34:40 - INFO - [Round 2] 全局模型更新完成
2025-12-05 03:34:50 - INFO - [Round 2] 全局评估: Acc=0.5708, AUC=0.9329
2025-12-05 03:34:50 - INFO - [Round 2] 客户端聚合: Loss=0.5804
2025-12-05 03:34:50 - INFO - [CONVERGENCE] round=2 accuracy=0.5708 auc=0.9329 loss=0.5804
2025-12-05 03:34:50 - INFO - [Round 2] 聚合完成，进入 Round 3
2025-12-05 03:35:28 - INFO - [Round 3][Client 3][LATENCY] training=15.3523s, encryption=0.3404s
2025-12-05 03:35:28 - INFO - [Round 3][Client 3][PAYLOAD] upload=42.67 MB
2025-12-05 03:35:28 - INFO - [Round 3][Client 3][RESOURCE] peak_memory=1724.39 MB, cpu=100.6%
2025-12-05 03:35:28 - INFO - [Round 3] 收到客户端 3 更新，大小: 43694.25 KB
2025-12-05 03:35:28 - INFO - [Round 3] 收到客户端 3 明文更新
2025-12-05 03:35:33 - INFO - [Round 3][Client 1][LATENCY] training=19.2701s, encryption=0.4734s
2025-12-05 03:35:33 - INFO - [Round 3][Client 1][PAYLOAD] upload=42.67 MB
2025-12-05 03:35:33 - INFO - [Round 3][Client 1][RESOURCE] peak_memory=1857.01 MB, cpu=99.4%
2025-12-05 03:35:33 - INFO - [Round 3] 收到客户端 1 更新，大小: 43694.25 KB
2025-12-05 03:35:33 - INFO - [Round 3] 收到客户端 1 明文更新
2025-12-05 03:35:36 - INFO - [Round 3][Client 2][LATENCY] training=22.4089s, encryption=0.3310s
2025-12-05 03:35:36 - INFO - [Round 3][Client 2][PAYLOAD] upload=42.67 MB
2025-12-05 03:35:36 - INFO - [Round 3][Client 2][RESOURCE] peak_memory=1912.28 MB, cpu=100.9%
2025-12-05 03:35:36 - INFO - [Round 3] 收到客户端 2 更新，大小: 43694.25 KB
2025-12-05 03:35:36 - INFO - [Round 3] 收到客户端 2 明文更新
2025-12-05 03:35:36 - INFO - [Round 3] 所有客户端更新已收集，开始聚合
2025-12-05 03:35:36 - INFO - [Round 3][LATENCY] decryption=0.0000s
2025-12-05 03:35:36 - INFO - [Round 3][LATENCY] aggregation=0.0636s
2025-12-05 03:35:36 - INFO - [Round 3] 明文聚合完成
2025-12-05 03:35:36 - INFO - [Round 3][Server][RESOURCE] peak_memory=1343.39 MB, cpu=107.9%, cpu_time=0.0700s
2025-12-05 03:35:36 - INFO - [Round 3] 全局模型更新完成
2025-12-05 03:35:46 - INFO - [Round 3] 全局评估: Acc=0.6599, AUC=0.9553
2025-12-05 03:35:46 - INFO - [Round 3] 客户端聚合: Loss=0.4731
2025-12-05 03:35:46 - INFO - [CONVERGENCE] round=3 accuracy=0.6599 auc=0.9553 loss=0.4731
2025-12-05 03:35:46 - INFO - [Round 3] 聚合完成，进入 Round 4
2025-12-05 03:36:26 - INFO - [Round 4][Client 3][LATENCY] training=17.2802s, encryption=0.4673s
2025-12-05 03:36:26 - INFO - [Round 4][Client 3][PAYLOAD] upload=42.67 MB
2025-12-05 03:36:26 - INFO - [Round 4][Client 3][RESOURCE] peak_memory=1736.69 MB, cpu=100.4%
2025-12-05 03:36:26 - INFO - [Round 4] 收到客户端 3 更新，大小: 43694.25 KB
2025-12-05 03:36:26 - INFO - [Round 4] 收到客户端 3 明文更新
2025-12-05 03:36:32 - INFO - [Round 4][Client 2][LATENCY] training=21.8993s, encryption=0.2761s
2025-12-05 03:36:32 - INFO - [Round 4][Client 2][PAYLOAD] upload=42.67 MB
2025-12-05 03:36:32 - INFO - [Round 4][Client 2][RESOURCE] peak_memory=1913.06 MB, cpu=100.3%
2025-12-05 03:36:32 - INFO - [Round 4] 收到客户端 2 更新，大小: 43694.25 KB
2025-12-05 03:36:32 - INFO - [Round 4] 收到客户端 2 明文更新
2025-12-05 03:36:33 - INFO - [Round 4][Client 1][LATENCY] training=19.9305s, encryption=0.3527s
2025-12-05 03:36:33 - INFO - [Round 4][Client 1][PAYLOAD] upload=42.67 MB
2025-12-05 03:36:33 - INFO - [Round 4][Client 1][RESOURCE] peak_memory=1866.18 MB, cpu=98.0%
2025-12-05 03:36:33 - INFO - [Round 4] 收到客户端 1 更新，大小: 43694.25 KB
2025-12-05 03:36:33 - INFO - [Round 4] 收到客户端 1 明文更新
2025-12-05 03:36:33 - INFO - [Round 4] 所有客户端更新已收集，开始聚合
2025-12-05 03:36:33 - INFO - [Round 4][LATENCY] decryption=0.0000s
2025-12-05 03:36:33 - INFO - [Round 4][LATENCY] aggregation=0.0625s
2025-12-05 03:36:33 - INFO - [Round 4] 明文聚合完成
2025-12-05 03:36:33 - INFO - [Round 4][Server][RESOURCE] peak_memory=1366.29 MB, cpu=110.1%, cpu_time=0.0700s
2025-12-05 03:36:33 - INFO - [Round 4] 全局模型更新完成
2025-12-05 03:36:43 - INFO - [Round 4] 全局评估: Acc=0.7304, AUC=0.9689
2025-12-05 03:36:43 - INFO - [Round 4] 客户端聚合: Loss=0.3965
2025-12-05 03:36:43 - INFO - [CONVERGENCE] round=4 accuracy=0.7304 auc=0.9689 loss=0.3965
2025-12-05 03:36:43 - INFO - [Round 4] 聚合完成，进入 Round 5
2025-12-05 03:37:21 - INFO - [Round 5][Client 3][LATENCY] training=15.8486s, encryption=0.3458s
2025-12-05 03:37:21 - INFO - [Round 5][Client 3][PAYLOAD] upload=42.67 MB
2025-12-05 03:37:21 - INFO - [Round 5][Client 3][RESOURCE] peak_memory=1751.77 MB, cpu=97.4%
2025-12-05 03:37:21 - INFO - [Round 5] 收到客户端 3 更新，大小: 43694.25 KB
2025-12-05 03:37:21 - INFO - [Round 5] 收到客户端 3 明文更新
2025-12-05 03:37:29 - INFO - [Round 5][Client 1][LATENCY] training=21.0801s, encryption=0.4896s
2025-12-05 03:37:29 - INFO - [Round 5][Client 1][PAYLOAD] upload=42.67 MB
2025-12-05 03:37:29 - INFO - [Round 5][Client 1][RESOURCE] peak_memory=1888.84 MB, cpu=100.1%
2025-12-05 03:37:29 - INFO - [Round 5] 收到客户端 1 更新，大小: 43694.25 KB
2025-12-05 03:37:29 - INFO - [Round 5] 收到客户端 1 明文更新
2025-12-05 03:37:30 - INFO - [Round 5][Client 2][LATENCY] training=21.9520s, encryption=0.4806s
2025-12-05 03:37:30 - INFO - [Round 5][Client 2][PAYLOAD] upload=42.67 MB
2025-12-05 03:37:30 - INFO - [Round 5][Client 2][RESOURCE] peak_memory=1920.46 MB, cpu=99.8%
2025-12-05 03:37:30 - INFO - [Round 5] 收到客户端 2 更新，大小: 43694.25 KB
2025-12-05 03:37:30 - INFO - [Round 5] 收到客户端 2 明文更新
2025-12-05 03:37:30 - INFO - [Round 5] 所有客户端更新已收集，开始聚合
2025-12-05 03:37:30 - INFO - [Round 5][LATENCY] decryption=0.0000s
2025-12-05 03:37:30 - INFO - [Round 5][LATENCY] aggregation=0.0642s
2025-12-05 03:37:30 - INFO - [Round 5] 明文聚合完成
2025-12-05 03:37:30 - INFO - [Round 5][Server][RESOURCE] peak_memory=1431.01 MB, cpu=91.6%, cpu_time=0.0600s
2025-12-05 03:37:30 - INFO - [Round 5] 全局模型更新完成
2025-12-05 03:37:40 - INFO - [Round 5] 全局评估: Acc=0.7911, AUC=0.9800
2025-12-05 03:37:40 - INFO - [Round 5] 客户端聚合: Loss=0.2873
2025-12-05 03:37:40 - INFO - [CONVERGENCE] round=5 accuracy=0.7911 auc=0.9800 loss=0.2873
2025-12-05 03:37:40 - INFO - [Round 5] 聚合完成，进入 Round 6
2025-12-05 03:38:18 - INFO - [Round 6][Client 3][LATENCY] training=15.2319s, encryption=0.5050s
2025-12-05 03:38:18 - INFO - [Round 6][Client 3][PAYLOAD] upload=42.67 MB
2025-12-05 03:38:18 - INFO - [Round 6][Client 3][RESOURCE] peak_memory=1756.38 MB, cpu=100.2%
2025-12-05 03:38:18 - INFO - [Round 6] 收到客户端 3 更新，大小: 43694.25 KB
2025-12-05 03:38:18 - INFO - [Round 6] 收到客户端 3 明文更新
2025-12-05 03:38:24 - INFO - [Round 6][Client 1][LATENCY] training=20.3393s, encryption=0.4742s
2025-12-05 03:38:24 - INFO - [Round 6][Client 1][PAYLOAD] upload=42.67 MB
2025-12-05 03:38:24 - INFO - [Round 6][Client 1][RESOURCE] peak_memory=1901.07 MB, cpu=100.3%
2025-12-05 03:38:24 - INFO - [Round 6] 收到客户端 1 更新，大小: 43694.25 KB
2025-12-05 03:38:24 - INFO - [Round 6] 收到客户端 1 明文更新
2025-12-05 03:38:26 - INFO - [Round 6][Client 2][LATENCY] training=22.7414s, encryption=0.2595s
2025-12-05 03:38:26 - INFO - [Round 6][Client 2][PAYLOAD] upload=42.67 MB
2025-12-05 03:38:26 - INFO - [Round 6][Client 2][RESOURCE] peak_memory=1922.14 MB, cpu=102.9%
2025-12-05 03:38:26 - INFO - [Round 6] 收到客户端 2 更新，大小: 43694.25 KB
2025-12-05 03:38:26 - INFO - [Round 6] 收到客户端 2 明文更新
2025-12-05 03:38:26 - INFO - [Round 6] 所有客户端更新已收集，开始聚合
2025-12-05 03:38:26 - INFO - [Round 6][LATENCY] decryption=0.0000s
2025-12-05 03:38:26 - INFO - [Round 6][LATENCY] aggregation=0.0635s
2025-12-05 03:38:26 - INFO - [Round 6] 明文聚合完成
2025-12-05 03:38:26 - INFO - [Round 6][Server][RESOURCE] peak_memory=1420.23 MB, cpu=93.0%, cpu_time=0.0600s
2025-12-05 03:38:26 - INFO - [Round 6] 全局模型更新完成
2025-12-05 03:38:36 - INFO - [Round 6] 全局评估: Acc=0.8059, AUC=0.9832
2025-12-05 03:38:36 - INFO - [Round 6] 客户端聚合: Loss=0.2647
2025-12-05 03:38:36 - INFO - [CONVERGENCE] round=6 accuracy=0.8059 auc=0.9832 loss=0.2647
2025-12-05 03:38:36 - INFO - [Round 6] 聚合完成，进入 Round 7
2025-12-05 03:39:14 - INFO - [Round 7][Client 3][LATENCY] training=16.1573s, encryption=0.2608s
2025-12-05 03:39:14 - INFO - [Round 7][Client 3][PAYLOAD] upload=42.67 MB
2025-12-05 03:39:14 - INFO - [Round 7][Client 3][RESOURCE] peak_memory=1760.28 MB, cpu=101.5%
2025-12-05 03:39:14 - INFO - [Round 7] 收到客户端 3 更新，大小: 43694.25 KB
2025-12-05 03:39:14 - INFO - [Round 7] 收到客户端 3 明文更新
2025-12-05 03:39:19 - INFO - [Round 7][Client 1][LATENCY] training=19.9335s, encryption=0.3757s
2025-12-05 03:39:19 - INFO - [Round 7][Client 1][PAYLOAD] upload=42.67 MB
2025-12-05 03:39:19 - INFO - [Round 7][Client 1][RESOURCE] peak_memory=1910.21 MB, cpu=100.9%
2025-12-05 03:39:19 - INFO - [Round 7] 收到客户端 1 更新，大小: 43694.25 KB
2025-12-05 03:39:19 - INFO - [Round 7] 收到客户端 1 明文更新
2025-12-05 03:39:22 - INFO - [Round 7][Client 2][LATENCY] training=21.7243s, encryption=0.4951s
2025-12-05 03:39:22 - INFO - [Round 7][Client 2][PAYLOAD] upload=42.67 MB
2025-12-05 03:39:22 - INFO - [Round 7][Client 2][RESOURCE] peak_memory=1938.02 MB, cpu=99.0%
2025-12-05 03:39:22 - INFO - [Round 7] 收到客户端 2 更新，大小: 43694.25 KB
2025-12-05 03:39:22 - INFO - [Round 7] 收到客户端 2 明文更新
2025-12-05 03:39:22 - INFO - [Round 7] 所有客户端更新已收集，开始聚合
2025-12-05 03:39:22 - INFO - [Round 7][LATENCY] decryption=0.0000s
2025-12-05 03:39:22 - INFO - [Round 7][LATENCY] aggregation=0.0644s
2025-12-05 03:39:22 - INFO - [Round 7] 明文聚合完成
2025-12-05 03:39:22 - INFO - [Round 7][Server][RESOURCE] peak_memory=1415.29 MB, cpu=106.4%, cpu_time=0.0700s
2025-12-05 03:39:22 - INFO - [Round 7] 全局模型更新完成
2025-12-05 03:39:32 - INFO - [Round 7] 全局评估: Acc=0.8312, AUC=0.9869
2025-12-05 03:39:32 - INFO - [Round 7] 客户端聚合: Loss=0.2552
2025-12-05 03:39:32 - INFO - [CONVERGENCE] round=7 accuracy=0.8312 auc=0.9869 loss=0.2552
2025-12-05 03:39:32 - INFO - [Round 7] 聚合完成，进入 Round 8
2025-12-05 03:40:11 - INFO - [Round 8][Client 3][LATENCY] training=16.6707s, encryption=0.3772s
2025-12-05 03:40:11 - INFO - [Round 8][Client 3][PAYLOAD] upload=42.67 MB
2025-12-05 03:40:11 - INFO - [Round 8][Client 3][RESOURCE] peak_memory=1766.29 MB, cpu=99.1%
2025-12-05 03:40:11 - INFO - [Round 8] 收到客户端 3 更新，大小: 43694.25 KB
2025-12-05 03:40:11 - INFO - [Round 8] 收到客户端 3 明文更新
2025-12-05 03:40:18 - INFO - [Round 8][Client 2][LATENCY] training=21.5113s, encryption=0.4147s
2025-12-05 03:40:18 - INFO - [Round 8][Client 2][PAYLOAD] upload=42.67 MB
2025-12-05 03:40:18 - INFO - [Round 8][Client 2][RESOURCE] peak_memory=1945.77 MB, cpu=99.8%
2025-12-05 03:40:18 - INFO - [Round 8] 收到客户端 2 更新，大小: 43694.25 KB
2025-12-05 03:40:18 - INFO - [Round 8] 收到客户端 2 明文更新
2025-12-05 03:40:19 - INFO - [Round 8][Client 1][LATENCY] training=20.2163s, encryption=0.4408s
2025-12-05 03:40:19 - INFO - [Round 8][Client 1][PAYLOAD] upload=42.67 MB
2025-12-05 03:40:19 - INFO - [Round 8][Client 1][RESOURCE] peak_memory=1919.69 MB, cpu=98.7%
2025-12-05 03:40:19 - INFO - [Round 8] 收到客户端 1 更新，大小: 43694.25 KB
2025-12-05 03:40:19 - INFO - [Round 8] 收到客户端 1 明文更新
2025-12-05 03:40:19 - INFO - [Round 8] 所有客户端更新已收集，开始聚合
2025-12-05 03:40:19 - INFO - [Round 8][LATENCY] decryption=0.0000s
2025-12-05 03:40:19 - INFO - [Round 8][LATENCY] aggregation=0.0609s
2025-12-05 03:40:19 - INFO - [Round 8] 明文聚合完成
2025-12-05 03:40:19 - INFO - [Round 8][Server][RESOURCE] peak_memory=1491.03 MB, cpu=112.7%, cpu_time=0.0700s
2025-12-05 03:40:19 - INFO - [Round 8] 全局模型更新完成
2025-12-05 03:40:28 - INFO - [Round 8] 全局评估: Acc=0.8387, AUC=0.9876
2025-12-05 03:40:28 - INFO - [Round 8] 客户端聚合: Loss=0.1940
2025-12-05 03:40:28 - INFO - [CONVERGENCE] round=8 accuracy=0.8387 auc=0.9876 loss=0.1940
2025-12-05 03:40:28 - INFO - [Round 8] 聚合完成，进入 Round 9
2025-12-05 03:41:06 - INFO - [Round 9][Client 3][LATENCY] training=15.9587s, encryption=0.3476s
2025-12-05 03:41:06 - INFO - [Round 9][Client 3][PAYLOAD] upload=42.67 MB
2025-12-05 03:41:06 - INFO - [Round 9][Client 3][RESOURCE] peak_memory=1781.22 MB, cpu=98.4%
2025-12-05 03:41:06 - INFO - [Round 9] 收到客户端 3 更新，大小: 43694.25 KB
2025-12-05 03:41:06 - INFO - [Round 9] 收到客户端 3 明文更新
2025-12-05 03:41:14 - INFO - [Round 9][Client 1][LATENCY] training=19.6640s, encryption=0.3991s
2025-12-05 03:41:14 - INFO - [Round 9][Client 1][PAYLOAD] upload=42.67 MB
2025-12-05 03:41:14 - INFO - [Round 9][Client 1][RESOURCE] peak_memory=1922.81 MB, cpu=101.8%
2025-12-05 03:41:14 - INFO - [Round 9] 收到客户端 1 更新，大小: 43694.25 KB
2025-12-05 03:41:14 - INFO - [Round 9] 收到客户端 1 明文更新
2025-12-05 03:41:14 - INFO - [Round 9][Client 2][LATENCY] training=21.5869s, encryption=0.4881s
2025-12-05 03:41:14 - INFO - [Round 9][Client 2][PAYLOAD] upload=42.67 MB
2025-12-05 03:41:14 - INFO - [Round 9][Client 2][RESOURCE] peak_memory=1936.02 MB, cpu=100.2%
2025-12-05 03:41:14 - INFO - [Round 9] 收到客户端 2 更新，大小: 43694.25 KB
2025-12-05 03:41:15 - INFO - [Round 9] 收到客户端 2 明文更新
2025-12-05 03:41:15 - INFO - [Round 9] 所有客户端更新已收集，开始聚合
2025-12-05 03:41:15 - INFO - [Round 9][LATENCY] decryption=0.0000s
2025-12-05 03:41:15 - INFO - [Round 9][LATENCY] aggregation=0.0604s
2025-12-05 03:41:15 - INFO - [Round 9] 明文聚合完成
2025-12-05 03:41:15 - INFO - [Round 9][Server][RESOURCE] peak_memory=1497.22 MB, cpu=113.7%, cpu_time=0.0700s
2025-12-05 03:41:15 - INFO - [Round 9] 全局模型更新完成
2025-12-05 03:41:24 - INFO - [Round 9] 全局评估: Acc=0.8282, AUC=0.9862
2025-12-05 03:41:24 - INFO - [Round 9] 客户端聚合: Loss=0.1857
2025-12-05 03:41:24 - INFO - [CONVERGENCE] round=9 accuracy=0.8282 auc=0.9862 loss=0.1857
2025-12-05 03:41:24 - INFO - [Round 9] 聚合完成，进入 Round 10
2025-12-05 03:42:02 - INFO - [Round 10][Client 3][LATENCY] training=15.7636s, encryption=0.3378s
2025-12-05 03:42:02 - INFO - [Round 10][Client 3][PAYLOAD] upload=42.67 MB
2025-12-05 03:42:02 - INFO - [Round 10][Client 3][RESOURCE] peak_memory=1785.27 MB, cpu=96.8%
2025-12-05 03:42:02 - INFO - [Round 10] 收到客户端 3 更新，大小: 43694.25 KB
2025-12-05 03:42:02 - INFO - [Round 10] 收到客户端 3 明文更新
2025-12-05 03:42:11 - INFO - [Round 10][Client 1][LATENCY] training=19.7853s, encryption=0.4888s
2025-12-05 03:42:11 - INFO - [Round 10][Client 1][PAYLOAD] upload=42.67 MB
2025-12-05 03:42:11 - INFO - [Round 10][Client 1][RESOURCE] peak_memory=1931.17 MB, cpu=100.2%
2025-12-05 03:42:11 - INFO - [Round 10] 收到客户端 1 更新，大小: 43694.25 KB
2025-12-05 03:42:11 - INFO - [Round 10] 收到客户端 1 明文更新
2025-12-05 03:42:11 - INFO - [Round 10][Client 2][LATENCY] training=21.6694s, encryption=0.4810s
2025-12-05 03:42:11 - INFO - [Round 10][Client 2][PAYLOAD] upload=42.67 MB
2025-12-05 03:42:11 - INFO - [Round 10][Client 2][RESOURCE] peak_memory=1942.97 MB, cpu=99.9%
2025-12-05 03:42:11 - INFO - [Round 10] 收到客户端 2 更新，大小: 43694.25 KB
2025-12-05 03:42:11 - INFO - [Round 10] 收到客户端 2 明文更新
2025-12-05 03:42:11 - INFO - [Round 10] 所有客户端更新已收集，开始聚合
2025-12-05 03:42:11 - INFO - [Round 10][LATENCY] decryption=0.0000s
2025-12-05 03:42:11 - INFO - [Round 10][LATENCY] aggregation=0.0630s
2025-12-05 03:42:11 - INFO - [Round 10] 明文聚合完成
2025-12-05 03:42:11 - INFO - [Round 10][Server][RESOURCE] peak_memory=1484.85 MB, cpu=93.6%, cpu_time=0.0600s
2025-12-05 03:42:11 - INFO - [Round 10] 全局模型更新完成
2025-12-05 03:42:21 - INFO - [Round 10] 全局评估: Acc=0.8471, AUC=0.9887
2025-12-05 03:42:21 - INFO - [Round 10] 客户端聚合: Loss=0.1594
2025-12-05 03:42:21 - INFO - [CONVERGENCE] round=10 accuracy=0.8471 auc=0.9887 loss=0.1594
2025-12-05 03:42:21 - INFO - [Round 10] 聚合完成，进入 Round 11
2025-12-05 03:43:02 - INFO - [Round 11][Client 3][LATENCY] training=17.5522s, encryption=0.3300s
2025-12-05 03:43:02 - INFO - [Round 11][Client 3][PAYLOAD] upload=42.67 MB
2025-12-05 03:43:02 - INFO - [Round 11][Client 3][RESOURCE] peak_memory=1789.04 MB, cpu=101.1%
2025-12-05 03:43:02 - INFO - [Round 11] 收到客户端 3 更新，大小: 43694.25 KB
2025-12-05 03:43:02 - INFO - [Round 11] 收到客户端 3 明文更新
2025-12-05 03:43:07 - INFO - [Round 11][Client 1][LATENCY] training=20.0258s, encryption=0.4296s
2025-12-05 03:43:07 - INFO - [Round 11][Client 1][PAYLOAD] upload=42.67 MB
2025-12-05 03:43:07 - INFO - [Round 11][Client 1][RESOURCE] peak_memory=1939.95 MB, cpu=100.0%
2025-12-05 03:43:07 - INFO - [Round 11] 收到客户端 1 更新，大小: 43694.25 KB
2025-12-05 03:43:07 - INFO - [Round 11] 收到客户端 1 明文更新
2025-12-05 03:43:08 - INFO - [Round 11][Client 2][LATENCY] training=21.7573s, encryption=0.4464s
2025-12-05 03:43:08 - INFO - [Round 11][Client 2][PAYLOAD] upload=42.67 MB
2025-12-05 03:43:08 - INFO - [Round 11][Client 2][RESOURCE] peak_memory=1967.34 MB, cpu=101.5%
2025-12-05 03:43:08 - INFO - [Round 11] 收到客户端 2 更新，大小: 43694.25 KB
2025-12-05 03:43:08 - INFO - [Round 11] 收到客户端 2 明文更新
2025-12-05 03:43:08 - INFO - [Round 11] 所有客户端更新已收集，开始聚合
2025-12-05 03:43:08 - INFO - [Round 11][LATENCY] decryption=0.0000s
2025-12-05 03:43:08 - INFO - [Round 11][LATENCY] aggregation=0.0607s
2025-12-05 03:43:08 - INFO - [Round 11] 明文聚合完成
2025-12-05 03:43:08 - INFO - [Round 11][Server][RESOURCE] peak_memory=1507.54 MB, cpu=113.1%, cpu_time=0.0600s
2025-12-05 03:43:08 - INFO - [Round 11] 全局模型更新完成
2025-12-05 03:43:19 - INFO - [Round 11] 全局评估: Acc=0.8436, AUC=0.9889
2025-12-05 03:43:19 - INFO - [Round 11] 客户端聚合: Loss=0.1447
2025-12-05 03:43:19 - INFO - [CONVERGENCE] round=11 accuracy=0.8436 auc=0.9889 loss=0.1447
2025-12-05 03:43:19 - INFO - [Round 11] 聚合完成，进入 Round 12
2025-12-05 03:43:59 - INFO - [Round 12][Client 3][LATENCY] training=17.0623s, encryption=0.2627s
2025-12-05 03:43:59 - INFO - [Round 12][Client 3][PAYLOAD] upload=42.67 MB
2025-12-05 03:43:59 - INFO - [Round 12][Client 3][RESOURCE] peak_memory=1792.99 MB, cpu=98.2%
2025-12-05 03:43:59 - INFO - [Round 12] 收到客户端 3 更新，大小: 43694.25 KB
2025-12-05 03:43:59 - INFO - [Round 12] 收到客户端 3 明文更新
2025-12-05 03:44:04 - INFO - [Round 12][Client 1][LATENCY] training=20.1357s, encryption=0.3295s
2025-12-05 03:44:04 - INFO - [Round 12][Client 1][PAYLOAD] upload=42.67 MB
2025-12-05 03:44:04 - INFO - [Round 12][Client 1][RESOURCE] peak_memory=1948.17 MB, cpu=101.5%
2025-12-05 03:44:04 - INFO - [Round 12] 收到客户端 1 更新，大小: 43694.25 KB
2025-12-05 03:44:04 - INFO - [Round 12] 收到客户端 1 明文更新
2025-12-05 03:44:05 - INFO - [Round 12][Client 2][LATENCY] training=21.6438s, encryption=0.4645s
2025-12-05 03:44:05 - INFO - [Round 12][Client 2][PAYLOAD] upload=42.67 MB
2025-12-05 03:44:05 - INFO - [Round 12][Client 2][RESOURCE] peak_memory=1985.47 MB, cpu=101.0%
2025-12-05 03:44:05 - INFO - [Round 12] 收到客户端 2 更新，大小: 43694.25 KB
2025-12-05 03:44:05 - INFO - [Round 12] 收到客户端 2 明文更新
2025-12-05 03:44:05 - INFO - [Round 12] 所有客户端更新已收集，开始聚合
2025-12-05 03:44:05 - INFO - [Round 12][LATENCY] decryption=0.0000s
2025-12-05 03:44:05 - INFO - [Round 12][LATENCY] aggregation=0.0610s
2025-12-05 03:44:05 - INFO - [Round 12] 明文聚合完成
2025-12-05 03:44:05 - INFO - [Round 12][Server][RESOURCE] peak_memory=1482.21 MB, cpu=96.8%, cpu_time=0.0600s
2025-12-05 03:44:05 - INFO - [Round 12] 全局模型更新完成
2025-12-05 03:44:15 - INFO - [Round 12] 全局评估: Acc=0.8506, AUC=0.9892
2025-12-05 03:44:15 - INFO - [Round 12] 客户端聚合: Loss=0.1127
2025-12-05 03:44:15 - INFO - [CONVERGENCE] round=12 accuracy=0.8506 auc=0.9892 loss=0.1127
2025-12-05 03:44:15 - INFO - [Round 12] 聚合完成，进入 Round 13
2025-12-05 03:44:52 - INFO - [Round 13][Client 3][LATENCY] training=14.6017s, encryption=0.3504s
2025-12-05 03:44:52 - INFO - [Round 13][Client 3][PAYLOAD] upload=42.67 MB
2025-12-05 03:44:52 - INFO - [Round 13][Client 3][RESOURCE] peak_memory=1794.11 MB, cpu=101.0%
2025-12-05 03:44:52 - INFO - [Round 13] 收到客户端 3 更新，大小: 43694.25 KB
2025-12-05 03:44:52 - INFO - [Round 13] 收到客户端 3 明文更新
2025-12-05 03:44:58 - INFO - [Round 13][Client 1][LATENCY] training=20.2965s, encryption=0.4819s
2025-12-05 03:44:58 - INFO - [Round 13][Client 1][PAYLOAD] upload=42.67 MB
2025-12-05 03:44:58 - INFO - [Round 13][Client 1][RESOURCE] peak_memory=1955.75 MB, cpu=101.1%
2025-12-05 03:44:58 - INFO - [Round 13] 收到客户端 1 更新，大小: 43694.25 KB
2025-12-05 03:44:58 - INFO - [Round 13] 收到客户端 1 明文更新
2025-12-05 03:45:01 - INFO - [Round 13][Client 2][LATENCY] training=22.1706s, encryption=0.4249s
2025-12-05 03:45:01 - INFO - [Round 13][Client 2][PAYLOAD] upload=42.67 MB
2025-12-05 03:45:01 - INFO - [Round 13][Client 2][RESOURCE] peak_memory=1984.50 MB, cpu=100.1%
2025-12-05 03:45:01 - INFO - [Round 13] 收到客户端 2 更新，大小: 43694.25 KB
2025-12-05 03:45:01 - INFO - [Round 13] 收到客户端 2 明文更新
2025-12-05 03:45:01 - INFO - [Round 13] 所有客户端更新已收集，开始聚合
2025-12-05 03:45:01 - INFO - [Round 13][LATENCY] decryption=0.0000s
2025-12-05 03:45:01 - INFO - [Round 13][LATENCY] aggregation=0.0636s
2025-12-05 03:45:01 - INFO - [Round 13] 明文聚合完成
2025-12-05 03:45:01 - INFO - [Round 13][Server][RESOURCE] peak_memory=1503.21 MB, cpu=123.9%, cpu_time=0.0800s
2025-12-05 03:45:01 - INFO - [Round 13] 全局模型更新完成
2025-12-05 03:45:11 - INFO - [Round 13] 全局评估: Acc=0.8594, AUC=0.9902
2025-12-05 03:45:11 - INFO - [Round 13] 客户端聚合: Loss=0.1007
2025-12-05 03:45:11 - INFO - [CONVERGENCE] round=13 accuracy=0.8594 auc=0.9902 loss=0.1007
2025-12-05 03:45:11 - INFO - [Round 13] 聚合完成，进入 Round 14
2025-12-05 03:45:50 - INFO - [Round 14][Client 3][LATENCY] training=15.3009s, encryption=0.3381s
2025-12-05 03:45:50 - INFO - [Round 14][Client 3][PAYLOAD] upload=42.67 MB
2025-12-05 03:45:50 - INFO - [Round 14][Client 3][RESOURCE] peak_memory=1799.05 MB, cpu=98.4%
2025-12-05 03:45:50 - INFO - [Round 14] 收到客户端 3 更新，大小: 43694.25 KB
2025-12-05 03:45:50 - INFO - [Round 14] 收到客户端 3 明文更新
2025-12-05 03:45:53 - INFO - [Round 14][Client 1][LATENCY] training=19.2173s, encryption=0.4837s
2025-12-05 03:45:53 - INFO - [Round 14][Client 1][PAYLOAD] upload=42.67 MB
2025-12-05 03:45:53 - INFO - [Round 14][Client 1][RESOURCE] peak_memory=1963.95 MB, cpu=100.8%
2025-12-05 03:45:53 - INFO - [Round 14] 收到客户端 1 更新，大小: 43694.25 KB
2025-12-05 03:45:53 - INFO - [Round 14] 收到客户端 1 明文更新
2025-12-05 03:45:57 - INFO - [Round 14][Client 2][LATENCY] training=23.6590s, encryption=0.4832s
2025-12-05 03:45:57 - INFO - [Round 14][Client 2][PAYLOAD] upload=42.67 MB
2025-12-05 03:45:57 - INFO - [Round 14][Client 2][RESOURCE] peak_memory=1994.05 MB, cpu=101.1%
2025-12-05 03:45:57 - INFO - [Round 14] 收到客户端 2 更新，大小: 43694.25 KB
2025-12-05 03:45:57 - INFO - [Round 14] 收到客户端 2 明文更新
2025-12-05 03:45:57 - INFO - [Round 14] 所有客户端更新已收集，开始聚合
2025-12-05 03:45:57 - INFO - [Round 14][LATENCY] decryption=0.0000s
2025-12-05 03:45:57 - INFO - [Round 14][LATENCY] aggregation=0.0616s
2025-12-05 03:45:57 - INFO - [Round 14] 明文聚合完成
2025-12-05 03:45:57 - INFO - [Round 14][Server][RESOURCE] peak_memory=1503.29 MB, cpu=111.5%, cpu_time=0.0700s
2025-12-05 03:45:57 - INFO - [Round 14] 全局模型更新完成
2025-12-05 03:46:06 - INFO - [Round 14] 全局评估: Acc=0.8747, AUC=0.9919
2025-12-05 03:46:06 - INFO - [Round 14] 客户端聚合: Loss=0.1265
2025-12-05 03:46:06 - INFO - [CONVERGENCE] round=14 accuracy=0.8747 auc=0.9919 loss=0.1265
2025-12-05 03:46:06 - INFO - [Round 14] 聚合完成，进入 Round 15
2025-12-05 03:46:44 - INFO - [Round 15][Client 3][LATENCY] training=15.3037s, encryption=0.3561s
2025-12-05 03:46:44 - INFO - [Round 15][Client 3][PAYLOAD] upload=42.67 MB
2025-12-05 03:46:44 - INFO - [Round 15][Client 3][RESOURCE] peak_memory=1798.75 MB, cpu=101.8%
2025-12-05 03:46:44 - INFO - [Round 15] 收到客户端 3 更新，大小: 43694.25 KB
2025-12-05 03:46:44 - INFO - [Round 15] 收到客户端 3 明文更新
2025-12-05 03:46:47 - INFO - [Round 15][Client 2][LATENCY] training=21.7945s, encryption=0.2870s
2025-12-05 03:46:47 - INFO - [Round 15][Client 2][PAYLOAD] upload=42.67 MB
2025-12-05 03:46:47 - INFO - [Round 15][Client 2][RESOURCE] peak_memory=1992.08 MB, cpu=101.7%
2025-12-05 03:46:47 - INFO - [Round 15] 收到客户端 2 更新，大小: 43694.25 KB
2025-12-05 03:46:47 - INFO - [Round 15] 收到客户端 2 明文更新
2025-12-05 03:46:51 - INFO - [Round 15][Client 1][LATENCY] training=18.6116s, encryption=0.4377s
2025-12-05 03:46:51 - INFO - [Round 15][Client 1][PAYLOAD] upload=42.67 MB
2025-12-05 03:46:51 - INFO - [Round 15][Client 1][RESOURCE] peak_memory=1965.59 MB, cpu=98.6%
2025-12-05 03:46:51 - INFO - [Round 15] 收到客户端 1 更新，大小: 43694.25 KB
2025-12-05 03:46:51 - INFO - [Round 15] 收到客户端 1 明文更新
2025-12-05 03:46:51 - INFO - [Round 15] 所有客户端更新已收集，开始聚合
2025-12-05 03:46:51 - INFO - [Round 15][LATENCY] decryption=0.0000s
2025-12-05 03:46:51 - INFO - [Round 15][LATENCY] aggregation=0.0407s
2025-12-05 03:46:51 - INFO - [Round 15] 明文聚合完成
2025-12-05 03:46:51 - INFO - [Round 15][Server][RESOURCE] peak_memory=1516.87 MB, cpu=96.2%, cpu_time=0.0400s
2025-12-05 03:46:51 - INFO - [Round 15] 全局模型更新完成
2025-12-05 03:47:01 - INFO - [Round 15] 全局评估: Acc=0.8664, AUC=0.9908
2025-12-05 03:47:01 - INFO - [Round 15] 客户端聚合: Loss=0.1128
2025-12-05 03:47:01 - INFO - [CONVERGENCE] round=15 accuracy=0.8664 auc=0.9908 loss=0.1128
2025-12-05 03:47:01 - INFO - [Round 15] 聚合完成，进入 Round 16
2025-12-05 03:47:41 - INFO - [Round 16][Client 3][LATENCY] training=16.0474s, encryption=0.3554s
2025-12-05 03:47:41 - INFO - [Round 16][Client 3][PAYLOAD] upload=42.67 MB
2025-12-05 03:47:41 - INFO - [Round 16][Client 3][RESOURCE] peak_memory=1803.46 MB, cpu=98.7%
2025-12-05 03:47:41 - INFO - [Round 16] 收到客户端 3 更新，大小: 43694.25 KB
2025-12-05 03:47:41 - INFO - [Round 16] 收到客户端 3 明文更新
2025-12-05 03:47:47 - INFO - [Round 16][Client 1][LATENCY] training=19.8323s, encryption=0.3382s
2025-12-05 03:47:47 - INFO - [Round 16][Client 1][PAYLOAD] upload=42.67 MB
2025-12-05 03:47:47 - INFO - [Round 16][Client 1][RESOURCE] peak_memory=1973.52 MB, cpu=101.5%
2025-12-05 03:47:47 - INFO - [Round 16] 收到客户端 1 更新，大小: 43694.25 KB
2025-12-05 03:47:47 - INFO - [Round 16] 收到客户端 1 明文更新
2025-12-05 03:47:48 - INFO - [Round 16][Client 2][LATENCY] training=21.9220s, encryption=0.4538s
2025-12-05 03:47:48 - INFO - [Round 16][Client 2][PAYLOAD] upload=42.67 MB
2025-12-05 03:47:48 - INFO - [Round 16][Client 2][RESOURCE] peak_memory=2006.37 MB, cpu=100.4%
2025-12-05 03:47:48 - INFO - [Round 16] 收到客户端 2 更新，大小: 43694.25 KB
2025-12-05 03:47:48 - INFO - [Round 16] 收到客户端 2 明文更新
2025-12-05 03:47:48 - INFO - [Round 16] 所有客户端更新已收集，开始聚合
2025-12-05 03:47:48 - INFO - [Round 16][LATENCY] decryption=0.0000s
2025-12-05 03:47:48 - INFO - [Round 16][LATENCY] aggregation=0.0636s
2025-12-05 03:47:48 - INFO - [Round 16] 明文聚合完成
2025-12-05 03:47:48 - INFO - [Round 16][Server][RESOURCE] peak_memory=1527.24 MB, cpu=108.0%, cpu_time=0.0700s
2025-12-05 03:47:48 - INFO - [Round 16] 全局模型更新完成
2025-12-05 03:47:58 - INFO - [Round 16] 全局评估: Acc=0.8690, AUC=0.9912
2025-12-05 03:47:58 - INFO - [Round 16] 客户端聚合: Loss=0.0789
2025-12-05 03:47:58 - INFO - [CONVERGENCE] round=16 accuracy=0.8690 auc=0.9912 loss=0.0789
2025-12-05 03:47:58 - INFO - [Round 16] 聚合完成，进入 Round 17
2025-12-05 03:48:35 - INFO - [Round 17][Client 3][LATENCY] training=15.1490s, encryption=0.5246s
2025-12-05 03:48:35 - INFO - [Round 17][Client 3][PAYLOAD] upload=42.67 MB
2025-12-05 03:48:35 - INFO - [Round 17][Client 3][RESOURCE] peak_memory=1819.20 MB, cpu=98.5%
2025-12-05 03:48:35 - INFO - [Round 17] 收到客户端 3 更新，大小: 43694.25 KB
2025-12-05 03:48:35 - INFO - [Round 17] 收到客户端 3 明文更新
2025-12-05 03:48:43 - INFO - [Round 17][Client 2][LATENCY] training=20.8266s, encryption=0.3917s
2025-12-05 03:48:43 - INFO - [Round 17][Client 2][PAYLOAD] upload=42.67 MB
2025-12-05 03:48:43 - INFO - [Round 17][Client 2][RESOURCE] peak_memory=2013.63 MB, cpu=101.4%
2025-12-05 03:48:43 - INFO - [Round 17] 收到客户端 2 更新，大小: 43694.25 KB
2025-12-05 03:48:43 - INFO - [Round 17] 收到客户端 2 明文更新
2025-12-05 03:48:44 - INFO - [Round 17][Client 1][LATENCY] training=22.4723s, encryption=0.4791s
2025-12-05 03:48:44 - INFO - [Round 17][Client 1][PAYLOAD] upload=42.67 MB
2025-12-05 03:48:44 - INFO - [Round 17][Client 1][RESOURCE] peak_memory=1974.91 MB, cpu=100.1%
2025-12-05 03:48:44 - INFO - [Round 17] 收到客户端 1 更新，大小: 43694.25 KB
2025-12-05 03:48:44 - INFO - [Round 17] 收到客户端 1 明文更新
2025-12-05 03:48:44 - INFO - [Round 17] 所有客户端更新已收集，开始聚合
2025-12-05 03:48:44 - INFO - [Round 17][LATENCY] decryption=0.0000s
2025-12-05 03:48:44 - INFO - [Round 17][LATENCY] aggregation=0.0635s
2025-12-05 03:48:44 - INFO - [Round 17] 明文聚合完成
2025-12-05 03:48:44 - INFO - [Round 17][Server][RESOURCE] peak_memory=1556.50 MB, cpu=108.0%, cpu_time=0.0700s
2025-12-05 03:48:44 - INFO - [Round 17] 全局模型更新完成
2025-12-05 03:48:53 - INFO - [Round 17] 全局评估: Acc=0.8754, AUC=0.9920
2025-12-05 03:48:53 - INFO - [Round 17] 客户端聚合: Loss=0.0860
2025-12-05 03:48:53 - INFO - [CONVERGENCE] round=17 accuracy=0.8754 auc=0.9920 loss=0.0860
2025-12-05 03:48:53 - INFO - [Round 17] 聚合完成，进入 Round 18
2025-12-05 03:49:31 - INFO - [Round 18][Client 3][LATENCY] training=15.0574s, encryption=0.3449s
2025-12-05 03:49:31 - INFO - [Round 18][Client 3][PAYLOAD] upload=42.67 MB
2025-12-05 03:49:31 - INFO - [Round 18][Client 3][RESOURCE] peak_memory=1823.13 MB, cpu=99.6%
2025-12-05 03:49:31 - INFO - [Round 18] 收到客户端 3 更新，大小: 43694.25 KB
2025-12-05 03:49:31 - INFO - [Round 18] 收到客户端 3 明文更新
2025-12-05 03:49:35 - INFO - [Round 18][Client 1][LATENCY] training=18.6140s, encryption=0.4408s
2025-12-05 03:49:35 - INFO - [Round 18][Client 1][PAYLOAD] upload=42.67 MB
2025-12-05 03:49:35 - INFO - [Round 18][Client 1][RESOURCE] peak_memory=1968.48 MB, cpu=99.5%
2025-12-05 03:49:35 - INFO - [Round 18] 收到客户端 1 更新，大小: 43694.25 KB
2025-12-05 03:49:35 - INFO - [Round 18] 收到客户端 1 明文更新
2025-12-05 03:49:39 - INFO - [Round 18][Client 2][LATENCY] training=23.9409s, encryption=0.4757s
2025-12-05 03:49:39 - INFO - [Round 18][Client 2][PAYLOAD] upload=42.67 MB
2025-12-05 03:49:39 - INFO - [Round 18][Client 2][RESOURCE] peak_memory=2018.81 MB, cpu=100.3%
2025-12-05 03:49:39 - INFO - [Round 18] 收到客户端 2 更新，大小: 43694.25 KB
2025-12-05 03:49:39 - INFO - [Round 18] 收到客户端 2 明文更新
2025-12-05 03:49:39 - INFO - [Round 18] 所有客户端更新已收集，开始聚合
2025-12-05 03:49:39 - INFO - [Round 18][LATENCY] decryption=0.0000s
2025-12-05 03:49:39 - INFO - [Round 18][LATENCY] aggregation=0.0611s
2025-12-05 03:49:39 - INFO - [Round 18] 明文聚合完成
2025-12-05 03:49:39 - INFO - [Round 18][Server][RESOURCE] peak_memory=1556.50 MB, cpu=96.5%, cpu_time=0.0700s
2025-12-05 03:49:39 - INFO - [Round 18] 全局模型更新完成
2025-12-05 03:49:49 - INFO - [Round 18] 全局评估: Acc=0.8686, AUC=0.9912
2025-12-05 03:49:49 - INFO - [Round 18] 客户端聚合: Loss=0.0688
2025-12-05 03:49:49 - INFO - [CONVERGENCE] round=18 accuracy=0.8686 auc=0.9912 loss=0.0688
2025-12-05 03:49:49 - INFO - [Round 18] 聚合完成，进入 Round 19
2025-12-05 03:50:28 - INFO - [Round 19][Client 3][LATENCY] training=16.0957s, encryption=0.4984s
2025-12-05 03:50:28 - INFO - [Round 19][Client 3][PAYLOAD] upload=42.67 MB
2025-12-05 03:50:28 - INFO - [Round 19][Client 3][RESOURCE] peak_memory=1823.74 MB, cpu=100.7%
2025-12-05 03:50:28 - INFO - [Round 19] 收到客户端 3 更新，大小: 43694.25 KB
2025-12-05 03:50:28 - INFO - [Round 19] 收到客户端 3 明文更新
2025-12-05 03:50:32 - INFO - [Round 19][Client 1][LATENCY] training=20.0105s, encryption=0.3574s
2025-12-05 03:50:32 - INFO - [Round 19][Client 1][PAYLOAD] upload=42.67 MB
2025-12-05 03:50:32 - INFO - [Round 19][Client 1][RESOURCE] peak_memory=1967.72 MB, cpu=96.5%
2025-12-05 03:50:32 - INFO - [Round 19] 收到客户端 1 更新，大小: 43694.25 KB
2025-12-05 03:50:32 - INFO - [Round 19] 收到客户端 1 明文更新
2025-12-05 03:50:36 - INFO - [Round 19][Client 2][LATENCY] training=22.0601s, encryption=0.4911s
2025-12-05 03:50:36 - INFO - [Round 19][Client 2][PAYLOAD] upload=42.67 MB
2025-12-05 03:50:36 - INFO - [Round 19][Client 2][RESOURCE] peak_memory=2021.27 MB, cpu=99.8%
2025-12-05 03:50:36 - INFO - [Round 19] 收到客户端 2 更新，大小: 43694.25 KB
2025-12-05 03:50:36 - INFO - [Round 19] 收到客户端 2 明文更新
2025-12-05 03:50:36 - INFO - [Round 19] 所有客户端更新已收集，开始聚合
2025-12-05 03:50:36 - INFO - [Round 19][LATENCY] decryption=0.0000s
2025-12-05 03:50:36 - INFO - [Round 19][LATENCY] aggregation=0.0649s
2025-12-05 03:50:36 - INFO - [Round 19] 明文聚合完成
2025-12-05 03:50:36 - INFO - [Round 19][Server][RESOURCE] peak_memory=1533.09 MB, cpu=105.9%, cpu_time=0.0700s
2025-12-05 03:50:36 - INFO - [Round 19] 全局模型更新完成
2025-12-05 03:50:45 - INFO - [Round 19] 全局评估: Acc=0.8714, AUC=0.9912
2025-12-05 03:50:45 - INFO - [Round 19] 客户端聚合: Loss=0.0566
2025-12-05 03:50:45 - INFO - [CONVERGENCE] round=19 accuracy=0.8714 auc=0.9912 loss=0.0566
2025-12-05 03:50:45 - INFO - [Round 19] 聚合完成，进入 Round 20
2025-12-05 03:51:31 - INFO - [Round 20][Client 3][LATENCY] training=20.3540s, encryption=0.4132s
2025-12-05 03:51:31 - INFO - [Round 20][Client 3][PAYLOAD] upload=42.67 MB
2025-12-05 03:51:31 - INFO - [Round 20][Client 3][RESOURCE] peak_memory=1822.96 MB, cpu=97.6%
2025-12-05 03:51:31 - INFO - [Round 20] 收到客户端 3 更新，大小: 43694.25 KB
2025-12-05 03:51:31 - INFO - [Round 20] 收到客户端 3 明文更新
2025-12-05 03:51:33 - INFO - [Round 20][Client 1][LATENCY] training=22.7448s, encryption=0.4849s
2025-12-05 03:51:33 - INFO - [Round 20][Client 1][PAYLOAD] upload=42.67 MB
2025-12-05 03:51:33 - INFO - [Round 20][Client 1][RESOURCE] peak_memory=1966.74 MB, cpu=100.9%
2025-12-05 03:51:33 - INFO - [Round 20] 收到客户端 1 更新，大小: 43694.25 KB
2025-12-05 03:51:33 - INFO - [Round 20] 收到客户端 1 明文更新
2025-12-05 03:51:36 - INFO - [Round 20][Client 2][LATENCY] training=22.6094s, encryption=0.4595s
2025-12-05 03:51:36 - INFO - [Round 20][Client 2][PAYLOAD] upload=42.67 MB
2025-12-05 03:51:36 - INFO - [Round 20][Client 2][RESOURCE] peak_memory=2028.90 MB, cpu=99.8%
2025-12-05 03:51:36 - INFO - [Round 20] 收到客户端 2 更新，大小: 43694.25 KB
2025-12-05 03:51:36 - INFO - [Round 20] 收到客户端 2 明文更新
2025-12-05 03:51:36 - INFO - [Round 20] 所有客户端更新已收集，开始聚合
2025-12-05 03:51:36 - INFO - [Round 20][LATENCY] decryption=0.0000s
2025-12-05 03:51:36 - INFO - [Round 20][LATENCY] aggregation=0.0626s
2025-12-05 03:51:36 - INFO - [Round 20] 明文聚合完成
2025-12-05 03:51:36 - INFO - [Round 20][Server][RESOURCE] peak_memory=1536.97 MB, cpu=110.0%, cpu_time=0.0700s
2025-12-05 03:51:36 - INFO - [Round 20] 全局模型更新完成
2025-12-05 03:51:46 - INFO - [Round 20] 全局评估: Acc=0.8719, AUC=0.9916
2025-12-05 03:51:46 - INFO - [Round 20] 客户端聚合: Loss=0.0544
2025-12-05 03:51:46 - INFO - [CONVERGENCE] round=20 accuracy=0.8719 auc=0.9916 loss=0.0544
2025-12-05 03:51:46 - INFO - [Round 20] 聚合完成，进入 Round 21
2025-12-05 03:52:23 - INFO - [Round 21][Client 3][LATENCY] training=14.3248s, encryption=0.2667s
2025-12-05 03:52:23 - INFO - [Round 21][Client 3][PAYLOAD] upload=42.67 MB
2025-12-05 03:52:23 - INFO - [Round 21][Client 3][RESOURCE] peak_memory=1813.74 MB, cpu=102.1%
2025-12-05 03:52:23 - INFO - [Round 21] 收到客户端 3 更新，大小: 43694.25 KB
2025-12-05 03:52:23 - INFO - [Round 21] 收到客户端 3 明文更新
2025-12-05 03:52:27 - INFO - [Round 21][Client 1][LATENCY] training=18.2860s, encryption=0.3480s
2025-12-05 03:52:27 - INFO - [Round 21][Client 1][PAYLOAD] upload=42.67 MB
2025-12-05 03:52:27 - INFO - [Round 21][Client 1][RESOURCE] peak_memory=1974.60 MB, cpu=99.1%
2025-12-05 03:52:27 - INFO - [Round 21] 收到客户端 1 更新，大小: 43694.25 KB
2025-12-05 03:52:27 - INFO - [Round 21] 收到客户端 1 明文更新
2025-12-05 03:52:30 - INFO - [Round 21][Client 2][LATENCY] training=22.3063s, encryption=0.4474s
2025-12-05 03:52:30 - INFO - [Round 21][Client 2][PAYLOAD] upload=42.67 MB
2025-12-05 03:52:30 - INFO - [Round 21][Client 2][RESOURCE] peak_memory=2035.78 MB, cpu=102.1%
2025-12-05 03:52:30 - INFO - [Round 21] 收到客户端 2 更新，大小: 43694.25 KB
2025-12-05 03:52:30 - INFO - [Round 21] 收到客户端 2 明文更新
2025-12-05 03:52:30 - INFO - [Round 21] 所有客户端更新已收集，开始聚合
2025-12-05 03:52:30 - INFO - [Round 21][LATENCY] decryption=0.0000s
2025-12-05 03:52:30 - INFO - [Round 21][LATENCY] aggregation=0.0631s
2025-12-05 03:52:30 - INFO - [Round 21] 明文聚合完成
2025-12-05 03:52:30 - INFO - [Round 21][Server][RESOURCE] peak_memory=1540.36 MB, cpu=109.1%, cpu_time=0.0700s
2025-12-05 03:52:30 - INFO - [Round 21] 全局模型更新完成
2025-12-05 03:52:40 - INFO - [Round 21] 全局评估: Acc=0.8851, AUC=0.9928
2025-12-05 03:52:40 - INFO - [Round 21] 客户端聚合: Loss=0.0671
2025-12-05 03:52:40 - INFO - [CONVERGENCE] round=21 accuracy=0.8851 auc=0.9928 loss=0.0671
2025-12-05 03:52:40 - INFO - [Round 21] 聚合完成，进入 Round 22
2025-12-05 03:53:18 - INFO - [Round 22][Client 3][LATENCY] training=15.7885s, encryption=0.4811s
2025-12-05 03:53:18 - INFO - [Round 22][Client 3][PAYLOAD] upload=42.67 MB
2025-12-05 03:53:18 - INFO - [Round 22][Client 3][RESOURCE] peak_memory=1814.69 MB, cpu=101.2%
2025-12-05 03:53:18 - INFO - [Round 22] 收到客户端 3 更新，大小: 43694.25 KB
2025-12-05 03:53:19 - INFO - [Round 22] 收到客户端 3 明文更新
2025-12-05 03:53:22 - INFO - [Round 22][Client 1][LATENCY] training=19.3782s, encryption=0.4630s
2025-12-05 03:53:22 - INFO - [Round 22][Client 1][PAYLOAD] upload=42.67 MB
2025-12-05 03:53:22 - INFO - [Round 22][Client 1][RESOURCE] peak_memory=1983.10 MB, cpu=101.2%
2025-12-05 03:53:22 - INFO - [Round 22] 收到客户端 1 更新，大小: 43694.25 KB
2025-12-05 03:53:22 - INFO - [Round 22] 收到客户端 1 明文更新
2025-12-05 03:53:26 - INFO - [Round 22][Client 2][LATENCY] training=22.5385s, encryption=0.4735s
2025-12-05 03:53:26 - INFO - [Round 22][Client 2][PAYLOAD] upload=42.67 MB
2025-12-05 03:53:26 - INFO - [Round 22][Client 2][RESOURCE] peak_memory=2034.38 MB, cpu=101.2%
2025-12-05 03:53:26 - INFO - [Round 22] 收到客户端 2 更新，大小: 43694.25 KB
2025-12-05 03:53:26 - INFO - [Round 22] 收到客户端 2 明文更新
2025-12-05 03:53:26 - INFO - [Round 22] 所有客户端更新已收集，开始聚合
2025-12-05 03:53:26 - INFO - [Round 22][LATENCY] decryption=0.0000s
2025-12-05 03:53:26 - INFO - [Round 22][LATENCY] aggregation=0.0410s
2025-12-05 03:53:26 - INFO - [Round 22] 明文聚合完成
2025-12-05 03:53:26 - INFO - [Round 22][Server][RESOURCE] peak_memory=1553.41 MB, cpu=95.6%, cpu_time=0.0400s
2025-12-05 03:53:26 - INFO - [Round 22] 全局模型更新完成
2025-12-05 03:53:36 - INFO - [Round 22] 全局评估: Acc=0.8909, AUC=0.9932
2025-12-05 03:53:36 - INFO - [Round 22] 客户端聚合: Loss=0.0637
2025-12-05 03:53:36 - INFO - [CONVERGENCE] round=22 accuracy=0.8909 auc=0.9932 loss=0.0637
2025-12-05 03:53:36 - INFO - [Round 22] 聚合完成，进入 Round 23
2025-12-05 03:54:16 - INFO - [Round 23][Client 3][LATENCY] training=16.0535s, encryption=0.3924s
2025-12-05 03:54:16 - INFO - [Round 23][Client 3][PAYLOAD] upload=42.67 MB
2025-12-05 03:54:16 - INFO - [Round 23][Client 3][RESOURCE] peak_memory=1826.05 MB, cpu=101.3%
2025-12-05 03:54:16 - INFO - [Round 23] 收到客户端 3 更新，大小: 43694.25 KB
2025-12-05 03:54:16 - INFO - [Round 23] 收到客户端 3 明文更新
2025-12-05 03:54:22 - INFO - [Round 23][Client 2][LATENCY] training=21.8825s, encryption=0.4473s
2025-12-05 03:54:22 - INFO - [Round 23][Client 2][PAYLOAD] upload=42.67 MB
2025-12-05 03:54:22 - INFO - [Round 23][Client 2][RESOURCE] peak_memory=2034.08 MB, cpu=101.7%
2025-12-05 03:54:22 - INFO - [Round 23] 收到客户端 2 更新，大小: 43694.25 KB
2025-12-05 03:54:22 - INFO - [Round 23] 收到客户端 2 明文更新
2025-12-05 03:54:23 - INFO - [Round 23][Client 1][LATENCY] training=19.9117s, encryption=0.3378s
2025-12-05 03:54:23 - INFO - [Round 23][Client 1][PAYLOAD] upload=42.67 MB
2025-12-05 03:54:23 - INFO - [Round 23][Client 1][RESOURCE] peak_memory=1998.20 MB, cpu=99.2%
2025-12-05 03:54:23 - INFO - [Round 23] 收到客户端 1 更新，大小: 43694.25 KB
2025-12-05 03:54:23 - INFO - [Round 23] 收到客户端 1 明文更新
2025-12-05 03:54:23 - INFO - [Round 23] 所有客户端更新已收集，开始聚合
2025-12-05 03:54:23 - INFO - [Round 23][LATENCY] decryption=0.0000s
2025-12-05 03:54:23 - INFO - [Round 23][LATENCY] aggregation=0.0660s
2025-12-05 03:54:23 - INFO - [Round 23] 明文聚合完成
2025-12-05 03:54:23 - INFO - [Round 23][Server][RESOURCE] peak_memory=1563.57 MB, cpu=89.0%, cpu_time=0.0600s
2025-12-05 03:54:23 - INFO - [Round 23] 全局模型更新完成
2025-12-05 03:54:33 - INFO - [Round 23] 全局评估: Acc=0.8830, AUC=0.9924
2025-12-05 03:54:33 - INFO - [Round 23] 客户端聚合: Loss=0.0408
2025-12-05 03:54:33 - INFO - [CONVERGENCE] round=23 accuracy=0.8830 auc=0.9924 loss=0.0408
2025-12-05 03:54:33 - INFO - [Round 23] 聚合完成，进入 Round 24
2025-12-05 03:55:12 - INFO - [Round 24][Client 3][LATENCY] training=15.9852s, encryption=0.3268s
2025-12-05 03:55:12 - INFO - [Round 24][Client 3][PAYLOAD] upload=42.67 MB
2025-12-05 03:55:12 - INFO - [Round 24][Client 3][RESOURCE] peak_memory=1826.54 MB, cpu=102.1%
2025-12-05 03:55:12 - INFO - [Round 24] 收到客户端 3 更新，大小: 43694.25 KB
2025-12-05 03:55:12 - INFO - [Round 24] 收到客户端 3 明文更新
2025-12-05 03:55:15 - INFO - [Round 24][Client 1][LATENCY] training=18.4831s, encryption=0.4843s
2025-12-05 03:55:15 - INFO - [Round 24][Client 1][PAYLOAD] upload=42.67 MB
2025-12-05 03:55:15 - INFO - [Round 24][Client 1][RESOURCE] peak_memory=2016.53 MB, cpu=98.9%
2025-12-05 03:55:15 - INFO - [Round 24] 收到客户端 1 更新，大小: 43694.25 KB
2025-12-05 03:55:15 - INFO - [Round 24] 收到客户端 1 明文更新
2025-12-05 03:55:19 - INFO - [Round 24][Client 2][LATENCY] training=23.3805s, encryption=0.4870s
2025-12-05 03:55:19 - INFO - [Round 24][Client 2][PAYLOAD] upload=42.67 MB
2025-12-05 03:55:19 - INFO - [Round 24][Client 2][RESOURCE] peak_memory=2036.70 MB, cpu=100.4%
2025-12-05 03:55:19 - INFO - [Round 24] 收到客户端 2 更新，大小: 43694.25 KB
2025-12-05 03:55:19 - INFO - [Round 24] 收到客户端 2 明文更新
2025-12-05 03:55:19 - INFO - [Round 24] 所有客户端更新已收集，开始聚合
2025-12-05 03:55:19 - INFO - [Round 24][LATENCY] decryption=0.0000s
2025-12-05 03:55:19 - INFO - [Round 24][LATENCY] aggregation=0.0624s
2025-12-05 03:55:19 - INFO - [Round 24] 明文聚合完成
2025-12-05 03:55:19 - INFO - [Round 24][Server][RESOURCE] peak_memory=1526.61 MB, cpu=110.0%, cpu_time=0.0700s
2025-12-05 03:55:19 - INFO - [Round 24] 全局模型更新完成
2025-12-05 03:55:28 - INFO - [Round 24] 全局评估: Acc=0.8800, AUC=0.9922
2025-12-05 03:55:28 - INFO - [Round 24] 客户端聚合: Loss=0.0546
2025-12-05 03:55:28 - INFO - [CONVERGENCE] round=24 accuracy=0.8800 auc=0.9922 loss=0.0546
2025-12-05 03:55:28 - INFO - [Round 24] 聚合完成，进入 Round 25
2025-12-05 03:56:11 - INFO - [Round 25][Client 3][LATENCY] training=18.6615s, encryption=0.3319s
2025-12-05 03:56:11 - INFO - [Round 25][Client 3][PAYLOAD] upload=42.67 MB
2025-12-05 03:56:11 - INFO - [Round 25][Client 3][RESOURCE] peak_memory=1825.87 MB, cpu=100.4%
2025-12-05 03:56:11 - INFO - [Round 25] 收到客户端 3 更新，大小: 43694.25 KB
2025-12-05 03:56:11 - INFO - [Round 25] 收到客户端 3 明文更新
2025-12-05 03:56:13 - INFO - [Round 25][Client 1][LATENCY] training=19.4235s, encryption=0.4998s
2025-12-05 03:56:13 - INFO - [Round 25][Client 1][PAYLOAD] upload=42.67 MB
2025-12-05 03:56:13 - INFO - [Round 25][Client 1][RESOURCE] peak_memory=2016.45 MB, cpu=101.2%
2025-12-05 03:56:13 - INFO - [Round 25] 收到客户端 1 更新，大小: 43694.25 KB
2025-12-05 03:56:13 - INFO - [Round 25] 收到客户端 1 明文更新
2025-12-05 03:56:17 - INFO - [Round 25][Client 2][LATENCY] training=21.9083s, encryption=0.5044s
2025-12-05 03:56:17 - INFO - [Round 25][Client 2][PAYLOAD] upload=42.67 MB
2025-12-05 03:56:17 - INFO - [Round 25][Client 2][RESOURCE] peak_memory=2043.66 MB, cpu=99.1%
2025-12-05 03:56:17 - INFO - [Round 25] 收到客户端 2 更新，大小: 43694.25 KB
2025-12-05 03:56:17 - INFO - [Round 25] 收到客户端 2 明文更新
2025-12-05 03:56:17 - INFO - [Round 25] 所有客户端更新已收集，开始聚合
2025-12-05 03:56:17 - INFO - [Round 25][LATENCY] decryption=0.0000s
2025-12-05 03:56:17 - INFO - [Round 25][LATENCY] aggregation=0.0630s
2025-12-05 03:56:17 - INFO - [Round 25] 明文聚合完成
2025-12-05 03:56:17 - INFO - [Round 25][Server][RESOURCE] peak_memory=1533.21 MB, cpu=109.0%, cpu_time=0.0700s
2025-12-05 03:56:17 - INFO - [Round 25] 全局模型更新完成
2025-12-05 03:56:27 - INFO - [Round 25] 全局评估: Acc=0.8769, AUC=0.9919
2025-12-05 03:56:27 - INFO - [Round 25] 客户端聚合: Loss=0.0423
2025-12-05 03:56:27 - INFO - [CONVERGENCE] round=25 accuracy=0.8769 auc=0.9919 loss=0.0423
2025-12-05 03:56:27 - INFO - [Round 25] 聚合完成，进入 Round 26
2025-12-05 03:57:04 - INFO - [Round 26][Client 3][LATENCY] training=15.5026s, encryption=0.4862s
2025-12-05 03:57:04 - INFO - [Round 26][Client 3][PAYLOAD] upload=42.67 MB
2025-12-05 03:57:04 - INFO - [Round 26][Client 3][RESOURCE] peak_memory=1829.70 MB, cpu=100.3%
2025-12-05 03:57:04 - INFO - [Round 26] 收到客户端 3 更新，大小: 43694.25 KB
2025-12-05 03:57:04 - INFO - [Round 26] 收到客户端 3 明文更新
2025-12-05 03:57:08 - INFO - [Round 26][Client 1][LATENCY] training=19.3993s, encryption=0.4065s
2025-12-05 03:57:08 - INFO - [Round 26][Client 1][PAYLOAD] upload=42.67 MB
2025-12-05 03:57:08 - INFO - [Round 26][Client 1][RESOURCE] peak_memory=2016.26 MB, cpu=101.6%
2025-12-05 03:57:08 - INFO - [Round 26] 收到客户端 1 更新，大小: 43694.25 KB
2025-12-05 03:57:08 - INFO - [Round 26] 收到客户端 1 明文更新
2025-12-05 03:57:12 - INFO - [Round 26][Client 2][LATENCY] training=23.5493s, encryption=0.3480s
2025-12-05 03:57:12 - INFO - [Round 26][Client 2][PAYLOAD] upload=42.67 MB
2025-12-05 03:57:12 - INFO - [Round 26][Client 2][RESOURCE] peak_memory=2048.48 MB, cpu=98.7%
2025-12-05 03:57:12 - INFO - [Round 26] 收到客户端 2 更新，大小: 43694.25 KB
2025-12-05 03:57:12 - INFO - [Round 26] 收到客户端 2 明文更新
2025-12-05 03:57:12 - INFO - [Round 26] 所有客户端更新已收集，开始聚合
2025-12-05 03:57:12 - INFO - [Round 26][LATENCY] decryption=0.0000s
2025-12-05 03:57:12 - INFO - [Round 26][LATENCY] aggregation=0.0623s
2025-12-05 03:57:12 - INFO - [Round 26] 明文聚合完成
2025-12-05 03:57:12 - INFO - [Round 26][Server][RESOURCE] peak_memory=1553.20 MB, cpu=94.4%, cpu_time=0.0600s
2025-12-05 03:57:12 - INFO - [Round 26] 全局模型更新完成
2025-12-05 03:57:22 - INFO - [Round 26] 全局评估: Acc=0.8862, AUC=0.9925
2025-12-05 03:57:22 - INFO - [Round 26] 客户端聚合: Loss=0.0516
2025-12-05 03:57:22 - INFO - [CONVERGENCE] round=26 accuracy=0.8862 auc=0.9925 loss=0.0516
2025-12-05 03:57:22 - INFO - [Round 26] 聚合完成，进入 Round 27
2025-12-05 03:57:59 - INFO - [Round 27][Client 3][LATENCY] training=16.0836s, encryption=0.3342s
2025-12-05 03:57:59 - INFO - [Round 27][Client 3][PAYLOAD] upload=42.67 MB
2025-12-05 03:57:59 - INFO - [Round 27][Client 3][RESOURCE] peak_memory=1833.38 MB, cpu=100.0%
2025-12-05 03:57:59 - INFO - [Round 27] 收到客户端 3 更新，大小: 43694.25 KB
2025-12-05 03:57:59 - INFO - [Round 27] 收到客户端 3 明文更新
2025-12-05 03:58:04 - INFO - [Round 27][Client 1][LATENCY] training=19.0856s, encryption=0.3400s
2025-12-05 03:58:04 - INFO - [Round 27][Client 1][PAYLOAD] upload=42.67 MB
2025-12-05 03:58:04 - INFO - [Round 27][Client 1][RESOURCE] peak_memory=2017.01 MB, cpu=102.0%
2025-12-05 03:58:04 - INFO - [Round 27] 收到客户端 1 更新，大小: 43694.25 KB
2025-12-05 03:58:04 - INFO - [Round 27] 收到客户端 1 明文更新
2025-12-05 03:58:07 - INFO - [Round 27][Client 2][LATENCY] training=23.2201s, encryption=0.4570s
2025-12-05 03:58:07 - INFO - [Round 27][Client 2][PAYLOAD] upload=42.67 MB
2025-12-05 03:58:07 - INFO - [Round 27][Client 2][RESOURCE] peak_memory=2048.03 MB, cpu=101.8%
2025-12-05 03:58:07 - INFO - [Round 27] 收到客户端 2 更新，大小: 43694.25 KB
2025-12-05 03:58:07 - INFO - [Round 27] 收到客户端 2 明文更新
2025-12-05 03:58:07 - INFO - [Round 27] 所有客户端更新已收集，开始聚合
2025-12-05 03:58:07 - INFO - [Round 27][LATENCY] decryption=0.0000s
2025-12-05 03:58:07 - INFO - [Round 27][LATENCY] aggregation=0.0578s
2025-12-05 03:58:07 - INFO - [Round 27] 明文聚合完成
2025-12-05 03:58:07 - INFO - [Round 27][Server][RESOURCE] peak_memory=1558.34 MB, cpu=102.2%, cpu_time=0.0600s
2025-12-05 03:58:07 - INFO - [Round 27] 全局模型更新完成
2025-12-05 03:58:17 - INFO - [Round 27] 全局评估: Acc=0.8703, AUC=0.9908
2025-12-05 03:58:17 - INFO - [Round 27] 客户端聚合: Loss=0.0473
2025-12-05 03:58:17 - INFO - [CONVERGENCE] round=27 accuracy=0.8703 auc=0.9908 loss=0.0473
2025-12-05 03:58:17 - INFO - [Round 27] 聚合完成，进入 Round 28
2025-12-05 03:58:54 - INFO - [Round 28][Client 3][LATENCY] training=14.9611s, encryption=0.4387s
2025-12-05 03:58:54 - INFO - [Round 28][Client 3][PAYLOAD] upload=42.67 MB
2025-12-05 03:58:54 - INFO - [Round 28][Client 3][RESOURCE] peak_memory=1833.25 MB, cpu=101.5%
2025-12-05 03:58:54 - INFO - [Round 28] 收到客户端 3 更新，大小: 43694.25 KB
2025-12-05 03:58:54 - INFO - [Round 28] 收到客户端 3 明文更新
2025-12-05 03:59:03 - INFO - [Round 28][Client 2][LATENCY] training=21.1657s, encryption=0.4633s
2025-12-05 03:59:03 - INFO - [Round 28][Client 2][PAYLOAD] upload=42.67 MB
2025-12-05 03:59:03 - INFO - [Round 28][Client 2][RESOURCE] peak_memory=2059.71 MB, cpu=101.2%
2025-12-05 03:59:03 - INFO - [Round 28] 收到客户端 2 更新，大小: 43694.25 KB
2025-12-05 03:59:03 - INFO - [Round 28] 收到客户端 2 明文更新
2025-12-05 03:59:03 - INFO - [Round 28][Client 1][LATENCY] training=21.4353s, encryption=0.4449s
2025-12-05 03:59:03 - INFO - [Round 28][Client 1][PAYLOAD] upload=42.67 MB
2025-12-05 03:59:03 - INFO - [Round 28][Client 1][RESOURCE] peak_memory=2016.76 MB, cpu=100.5%
2025-12-05 03:59:03 - INFO - [Round 28] 收到客户端 1 更新，大小: 43694.25 KB
2025-12-05 03:59:03 - INFO - [Round 28] 收到客户端 1 明文更新
2025-12-05 03:59:03 - INFO - [Round 28] 所有客户端更新已收集，开始聚合
2025-12-05 03:59:03 - INFO - [Round 28][LATENCY] decryption=0.0000s
2025-12-05 03:59:03 - INFO - [Round 28][LATENCY] aggregation=0.0630s
2025-12-05 03:59:03 - INFO - [Round 28] 明文聚合完成
2025-12-05 03:59:03 - INFO - [Round 28][Server][RESOURCE] peak_memory=1566.18 MB, cpu=93.6%, cpu_time=0.0600s
2025-12-05 03:59:03 - INFO - [Round 28] 全局模型更新完成
2025-12-05 03:59:13 - INFO - [Round 28] 全局评估: Acc=0.8832, AUC=0.9923
2025-12-05 03:59:13 - INFO - [Round 28] 客户端聚合: Loss=0.0453
2025-12-05 03:59:13 - INFO - [CONVERGENCE] round=28 accuracy=0.8832 auc=0.9923 loss=0.0453
2025-12-05 03:59:13 - INFO - [Round 28] 聚合完成，进入 Round 29
2025-12-05 03:59:53 - INFO - [Round 29][Client 3][LATENCY] training=16.1173s, encryption=0.4889s
2025-12-05 03:59:53 - INFO - [Round 29][Client 3][PAYLOAD] upload=42.67 MB
2025-12-05 03:59:53 - INFO - [Round 29][Client 3][RESOURCE] peak_memory=1835.18 MB, cpu=101.3%
2025-12-05 03:59:53 - INFO - [Round 29] 收到客户端 3 更新，大小: 43694.25 KB
2025-12-05 03:59:53 - INFO - [Round 29] 收到客户端 3 明文更新
2025-12-05 03:59:59 - INFO - [Round 29][Client 2][LATENCY] training=21.9837s, encryption=0.3303s
2025-12-05 03:59:59 - INFO - [Round 29][Client 2][PAYLOAD] upload=42.67 MB
2025-12-05 03:59:59 - INFO - [Round 29][Client 2][RESOURCE] peak_memory=2062.45 MB, cpu=101.1%
2025-12-05 03:59:59 - INFO - [Round 29] 收到客户端 2 更新，大小: 43694.25 KB
2025-12-05 03:59:59 - INFO - [Round 29] 收到客户端 2 明文更新
2025-12-05 04:00:00 - INFO - [Round 29][Client 1][LATENCY] training=19.9157s, encryption=0.4907s
2025-12-05 04:00:00 - INFO - [Round 29][Client 1][PAYLOAD] upload=42.67 MB
2025-12-05 04:00:00 - INFO - [Round 29][Client 1][RESOURCE] peak_memory=2017.97 MB, cpu=99.7%
2025-12-05 04:00:00 - INFO - [Round 29] 收到客户端 1 更新，大小: 43694.25 KB
2025-12-05 04:00:00 - INFO - [Round 29] 收到客户端 1 明文更新
2025-12-05 04:00:00 - INFO - [Round 29] 所有客户端更新已收集，开始聚合
2025-12-05 04:00:00 - INFO - [Round 29][LATENCY] decryption=0.0000s
2025-12-05 04:00:00 - INFO - [Round 29][LATENCY] aggregation=0.0652s
2025-12-05 04:00:00 - INFO - [Round 29] 明文聚合完成
2025-12-05 04:00:00 - INFO - [Round 29][Server][RESOURCE] peak_memory=1571.81 MB, cpu=90.5%, cpu_time=0.0600s
2025-12-05 04:00:00 - INFO - [Round 29] 全局模型更新完成
2025-12-05 04:00:10 - INFO - [Round 29] 全局评估: Acc=0.8902, AUC=0.9931
2025-12-05 04:00:10 - INFO - [Round 29] 客户端聚合: Loss=0.0336
2025-12-05 04:00:10 - INFO - [CONVERGENCE] round=29 accuracy=0.8902 auc=0.9931 loss=0.0336
2025-12-05 04:00:10 - INFO - [Round 29] 聚合完成，进入 Round 30
2025-12-05 04:00:52 - INFO - [Round 30][Client 3][LATENCY] training=17.4416s, encryption=0.3915s
2025-12-05 04:00:52 - INFO - [Round 30][Client 3][PAYLOAD] upload=42.67 MB
2025-12-05 04:00:52 - INFO - [Round 30][Client 3][RESOURCE] peak_memory=1837.94 MB, cpu=101.0%
2025-12-05 04:00:52 - INFO - [Round 30] 收到客户端 3 更新，大小: 43694.25 KB
2025-12-05 04:00:52 - INFO - [Round 30] 收到客户端 3 明文更新
2025-12-05 04:00:58 - INFO - [Round 30][Client 2][LATENCY] training=22.0983s, encryption=0.4458s
2025-12-05 04:00:58 - INFO - [Round 30][Client 2][PAYLOAD] upload=42.67 MB
2025-12-05 04:00:58 - INFO - [Round 30][Client 2][RESOURCE] peak_memory=2062.19 MB, cpu=100.8%
2025-12-05 04:00:58 - INFO - [Round 30] 收到客户端 2 更新，大小: 43694.25 KB
2025-12-05 04:00:58 - INFO - [Round 30] 收到客户端 2 明文更新
2025-12-05 04:00:58 - INFO - [Round 30][Client 1][LATENCY] training=19.4367s, encryption=0.4676s
2025-12-05 04:00:58 - INFO - [Round 30][Client 1][PAYLOAD] upload=42.67 MB
2025-12-05 04:00:58 - INFO - [Round 30][Client 1][RESOURCE] peak_memory=2027.02 MB, cpu=100.1%
2025-12-05 04:00:58 - INFO - [Round 30] 收到客户端 1 更新，大小: 43694.25 KB
2025-12-05 04:00:58 - INFO - [Round 30] 收到客户端 1 明文更新
2025-12-05 04:00:58 - INFO - [Round 30] 所有客户端更新已收集，开始聚合
2025-12-05 04:00:58 - INFO - [Round 30][LATENCY] decryption=0.0000s
2025-12-05 04:00:59 - INFO - [Round 30][LATENCY] aggregation=0.0636s
2025-12-05 04:00:59 - INFO - [Round 30] 明文聚合完成
2025-12-05 04:00:59 - INFO - [Round 30][Server][RESOURCE] peak_memory=1561.38 MB, cpu=108.1%, cpu_time=0.0700s
2025-12-05 04:00:59 - INFO - [Round 30] 全局模型更新完成
2025-12-05 04:01:08 - INFO - [Round 30] 全局评估: Acc=0.8894, AUC=0.9932
2025-12-05 04:01:08 - INFO - [Round 30] 客户端聚合: Loss=0.0509
2025-12-05 04:01:08 - INFO - [CONVERGENCE] round=30 accuracy=0.8894 auc=0.9932 loss=0.0509
2025-12-05 04:01:08 - INFO - [Round 30] 聚合完成，进入 Round 31
2025-12-05 04:01:47 - INFO - [Round 31][Client 3][LATENCY] training=15.9716s, encryption=0.5035s
2025-12-05 04:01:47 - INFO - [Round 31][Client 3][PAYLOAD] upload=42.67 MB
2025-12-05 04:01:47 - INFO - [Round 31][Client 3][RESOURCE] peak_memory=1839.55 MB, cpu=100.5%
2025-12-05 04:01:47 - INFO - [Round 31] 收到客户端 3 更新，大小: 43694.25 KB
2025-12-05 04:01:47 - INFO - [Round 31] 收到客户端 3 明文更新
2025-12-05 04:01:51 - INFO - [Round 31][Client 1][LATENCY] training=19.2560s, encryption=0.4238s
2025-12-05 04:01:51 - INFO - [Round 31][Client 1][PAYLOAD] upload=42.67 MB
2025-12-05 04:01:51 - INFO - [Round 31][Client 1][RESOURCE] peak_memory=2027.70 MB, cpu=100.9%
2025-12-05 04:01:51 - INFO - [Round 31] 收到客户端 1 更新，大小: 43694.25 KB
2025-12-05 04:01:51 - INFO - [Round 31] 收到客户端 1 明文更新
2025-12-05 04:01:54 - INFO - [Round 31][Client 2][LATENCY] training=22.7870s, encryption=0.4830s
2025-12-05 04:01:54 - INFO - [Round 31][Client 2][PAYLOAD] upload=42.67 MB
2025-12-05 04:01:54 - INFO - [Round 31][Client 2][RESOURCE] peak_memory=2062.19 MB, cpu=101.1%
2025-12-05 04:01:54 - INFO - [Round 31] 收到客户端 2 更新，大小: 43694.25 KB
2025-12-05 04:01:54 - INFO - [Round 31] 收到客户端 2 明文更新
2025-12-05 04:01:54 - INFO - [Round 31] 所有客户端更新已收集，开始聚合
2025-12-05 04:01:54 - INFO - [Round 31][LATENCY] decryption=0.0000s
2025-12-05 04:01:54 - INFO - [Round 31][LATENCY] aggregation=0.0613s
2025-12-05 04:01:54 - INFO - [Round 31] 明文聚合完成
2025-12-05 04:01:54 - INFO - [Round 31][Server][RESOURCE] peak_memory=1579.46 MB, cpu=112.2%, cpu_time=0.0700s
2025-12-05 04:01:54 - INFO - [Round 31] 全局模型更新完成
2025-12-05 04:02:04 - INFO - [Round 31] 全局评估: Acc=0.8824, AUC=0.9925
2025-12-05 04:02:04 - INFO - [Round 31] 客户端聚合: Loss=0.0394
2025-12-05 04:02:04 - INFO - [CONVERGENCE] round=31 accuracy=0.8824 auc=0.9925 loss=0.0394
2025-12-05 04:02:04 - INFO - [Round 31] 聚合完成，进入 Round 32
2025-12-05 04:02:42 - INFO - [Round 32][Client 3][LATENCY] training=15.6031s, encryption=0.4794s
2025-12-05 04:02:42 - INFO - [Round 32][Client 3][PAYLOAD] upload=42.67 MB
2025-12-05 04:02:42 - INFO - [Round 32][Client 3][RESOURCE] peak_memory=1839.20 MB, cpu=101.2%
2025-12-05 04:02:42 - INFO - [Round 32] 收到客户端 3 更新，大小: 43694.25 KB
2025-12-05 04:02:42 - INFO - [Round 32] 收到客户端 3 明文更新
2025-12-05 04:02:49 - INFO - [Round 32][Client 1][LATENCY] training=21.4202s, encryption=0.3296s
2025-12-05 04:02:49 - INFO - [Round 32][Client 1][PAYLOAD] upload=42.67 MB
2025-12-05 04:02:49 - INFO - [Round 32][Client 1][RESOURCE] peak_memory=2027.77 MB, cpu=98.6%
2025-12-05 04:02:49 - INFO - [Round 32] 收到客户端 1 更新，大小: 43694.25 KB
2025-12-05 04:02:50 - INFO - [Round 32] 收到客户端 1 明文更新
2025-12-05 04:02:51 - INFO - [Round 32][Client 2][LATENCY] training=22.1800s, encryption=0.4944s
2025-12-05 04:02:51 - INFO - [Round 32][Client 2][PAYLOAD] upload=42.67 MB
2025-12-05 04:02:51 - INFO - [Round 32][Client 2][RESOURCE] peak_memory=2062.30 MB, cpu=100.6%
2025-12-05 04:02:51 - INFO - [Round 32] 收到客户端 2 更新，大小: 43694.25 KB
2025-12-05 04:02:51 - INFO - [Round 32] 收到客户端 2 明文更新
2025-12-05 04:02:51 - INFO - [Round 32] 所有客户端更新已收集，开始聚合
2025-12-05 04:02:51 - INFO - [Round 32][LATENCY] decryption=0.0000s
2025-12-05 04:02:51 - INFO - [Round 32][LATENCY] aggregation=0.0635s
2025-12-05 04:02:51 - INFO - [Round 32] 明文聚合完成
2025-12-05 04:02:51 - INFO - [Round 32][Server][RESOURCE] peak_memory=1537.21 MB, cpu=108.5%, cpu_time=0.0700s
2025-12-05 04:02:51 - INFO - [Round 32] 全局模型更新完成
2025-12-05 04:03:01 - INFO - [Round 32] 全局评估: Acc=0.8913, AUC=0.9932
2025-12-05 04:03:01 - INFO - [Round 32] 客户端聚合: Loss=0.0548
2025-12-05 04:03:01 - INFO - [CONVERGENCE] round=32 accuracy=0.8913 auc=0.9932 loss=0.0548
2025-12-05 04:03:01 - INFO - [Round 32] 聚合完成，进入 Round 33
2025-12-05 04:03:40 - INFO - [Round 33][Client 3][LATENCY] training=16.9214s, encryption=0.3487s
2025-12-05 04:03:40 - INFO - [Round 33][Client 3][PAYLOAD] upload=42.67 MB
2025-12-05 04:03:40 - INFO - [Round 33][Client 3][RESOURCE] peak_memory=1838.71 MB, cpu=101.2%
2025-12-05 04:03:40 - INFO - [Round 33] 收到客户端 3 更新，大小: 43694.25 KB
2025-12-05 04:03:40 - INFO - [Round 33] 收到客户端 3 明文更新
2025-12-05 04:03:45 - INFO - [Round 33][Client 1][LATENCY] training=20.9127s, encryption=0.4580s
2025-12-05 04:03:45 - INFO - [Round 33][Client 1][PAYLOAD] upload=42.67 MB
2025-12-05 04:03:45 - INFO - [Round 33][Client 1][RESOURCE] peak_memory=2028.06 MB, cpu=100.3%
2025-12-05 04:03:45 - INFO - [Round 33] 收到客户端 1 更新，大小: 43694.25 KB
2025-12-05 04:03:45 - INFO - [Round 33] 收到客户端 1 明文更新
2025-12-05 04:03:47 - INFO - [Round 33][Client 2][LATENCY] training=21.4845s, encryption=0.4960s
2025-12-05 04:03:47 - INFO - [Round 33][Client 2][PAYLOAD] upload=42.67 MB
2025-12-05 04:03:47 - INFO - [Round 33][Client 2][RESOURCE] peak_memory=2062.14 MB, cpu=102.0%
2025-12-05 04:03:47 - INFO - [Round 33] 收到客户端 2 更新，大小: 43694.25 KB
2025-12-05 04:03:47 - INFO - [Round 33] 收到客户端 2 明文更新
2025-12-05 04:03:47 - INFO - [Round 33] 所有客户端更新已收集，开始聚合
2025-12-05 04:03:47 - INFO - [Round 33][LATENCY] decryption=0.0000s
2025-12-05 04:03:47 - INFO - [Round 33][LATENCY] aggregation=0.0633s
2025-12-05 04:03:47 - INFO - [Round 33] 明文聚合完成
2025-12-05 04:03:47 - INFO - [Round 33][Server][RESOURCE] peak_memory=1574.77 MB, cpu=93.1%, cpu_time=0.0600s
2025-12-05 04:03:47 - INFO - [Round 33] 全局模型更新完成
2025-12-05 04:03:57 - INFO - [Round 33] 全局评估: Acc=0.8960, AUC=0.9938
2025-12-05 04:03:57 - INFO - [Round 33] 客户端聚合: Loss=0.0263
2025-12-05 04:03:57 - INFO - [CONVERGENCE] round=33 accuracy=0.8960 auc=0.9938 loss=0.0263
2025-12-05 04:03:57 - INFO - [Round 33] 聚合完成，进入 Round 34
2025-12-05 04:04:36 - INFO - [Round 34][Client 3][LATENCY] training=16.3230s, encryption=0.3475s
2025-12-05 04:04:36 - INFO - [Round 34][Client 3][PAYLOAD] upload=42.67 MB
2025-12-05 04:04:36 - INFO - [Round 34][Client 3][RESOURCE] peak_memory=1838.78 MB, cpu=99.8%
2025-12-05 04:04:36 - INFO - [Round 34] 收到客户端 3 更新，大小: 43694.25 KB
2025-12-05 04:04:36 - INFO - [Round 34] 收到客户端 3 明文更新
2025-12-05 04:04:41 - INFO - [Round 34][Client 1][LATENCY] training=19.8244s, encryption=0.4719s
2025-12-05 04:04:41 - INFO - [Round 34][Client 1][PAYLOAD] upload=42.67 MB
2025-12-05 04:04:41 - INFO - [Round 34][Client 1][RESOURCE] peak_memory=2034.20 MB, cpu=100.9%
2025-12-05 04:04:41 - INFO - [Round 34] 收到客户端 1 更新，大小: 43694.25 KB
2025-12-05 04:04:41 - INFO - [Round 34] 收到客户端 1 明文更新
2025-12-05 04:04:43 - INFO - [Round 34][Client 2][LATENCY] training=22.0393s, encryption=0.3509s
2025-12-05 04:04:43 - INFO - [Round 34][Client 2][PAYLOAD] upload=42.67 MB
2025-12-05 04:04:43 - INFO - [Round 34][Client 2][RESOURCE] peak_memory=2060.82 MB, cpu=103.1%
2025-12-05 04:04:43 - INFO - [Round 34] 收到客户端 2 更新，大小: 43694.25 KB
2025-12-05 04:04:43 - INFO - [Round 34] 收到客户端 2 明文更新
2025-12-05 04:04:43 - INFO - [Round 34] 所有客户端更新已收集，开始聚合
2025-12-05 04:04:43 - INFO - [Round 34][LATENCY] decryption=0.0000s
2025-12-05 04:04:43 - INFO - [Round 34][LATENCY] aggregation=0.0620s
2025-12-05 04:04:43 - INFO - [Round 34] 明文聚合完成
2025-12-05 04:04:43 - INFO - [Round 34][Server][RESOURCE] peak_memory=1571.89 MB, cpu=110.8%, cpu_time=0.0700s
2025-12-05 04:04:43 - INFO - [Round 34] 全局模型更新完成
2025-12-05 04:04:53 - INFO - [Round 34] 全局评估: Acc=0.8875, AUC=0.9929
2025-12-05 04:04:53 - INFO - [Round 34] 客户端聚合: Loss=0.0382
2025-12-05 04:04:53 - INFO - [CONVERGENCE] round=34 accuracy=0.8875 auc=0.9929 loss=0.0382
2025-12-05 04:04:53 - INFO - [Round 34] 聚合完成，进入 Round 35
2025-12-05 04:05:33 - INFO - [Round 35][Client 3][LATENCY] training=17.1949s, encryption=0.4813s
2025-12-05 04:05:33 - INFO - [Round 35][Client 3][PAYLOAD] upload=42.67 MB
2025-12-05 04:05:33 - INFO - [Round 35][Client 3][RESOURCE] peak_memory=1840.24 MB, cpu=99.8%
2025-12-05 04:05:33 - INFO - [Round 35] 收到客户端 3 更新，大小: 43694.25 KB
2025-12-05 04:05:33 - INFO - [Round 35] 收到客户端 3 明文更新
2025-12-05 04:05:39 - INFO - [Round 35][Client 2][LATENCY] training=22.0216s, encryption=0.5043s
2025-12-05 04:05:39 - INFO - [Round 35][Client 2][PAYLOAD] upload=42.67 MB
2025-12-05 04:05:39 - INFO - [Round 35][Client 2][RESOURCE] peak_memory=2071.38 MB, cpu=100.5%
2025-12-05 04:05:39 - INFO - [Round 35] 收到客户端 2 更新，大小: 43694.25 KB
2025-12-05 04:05:39 - INFO - [Round 35] 收到客户端 2 明文更新
2025-12-05 04:05:41 - INFO - [Round 35][Client 1][LATENCY] training=19.8397s, encryption=0.4910s
2025-12-05 04:05:41 - INFO - [Round 35][Client 1][PAYLOAD] upload=42.67 MB
2025-12-05 04:05:41 - INFO - [Round 35][Client 1][RESOURCE] peak_memory=2033.68 MB, cpu=98.9%
2025-12-05 04:05:41 - INFO - [Round 35] 收到客户端 1 更新，大小: 43694.25 KB
2025-12-05 04:05:41 - INFO - [Round 35] 收到客户端 1 明文更新
2025-12-05 04:05:41 - INFO - [Round 35] 所有客户端更新已收集，开始聚合
2025-12-05 04:05:41 - INFO - [Round 35][LATENCY] decryption=0.0000s
2025-12-05 04:05:41 - INFO - [Round 35][LATENCY] aggregation=0.0601s
2025-12-05 04:05:41 - INFO - [Round 35] 明文聚合完成
2025-12-05 04:05:41 - INFO - [Round 35][Server][RESOURCE] peak_memory=1578.82 MB, cpu=98.0%, cpu_time=0.0600s
2025-12-05 04:05:41 - INFO - [Round 35] 全局模型更新完成
2025-12-05 04:05:50 - INFO - [Round 35] 全局评估: Acc=0.8928, AUC=0.9930
2025-12-05 04:05:50 - INFO - [Round 35] 客户端聚合: Loss=0.0468
2025-12-05 04:05:50 - INFO - [CONVERGENCE] round=35 accuracy=0.8928 auc=0.9930 loss=0.0468
2025-12-05 04:05:50 - INFO - [Round 35] 聚合完成，进入 Round 36
2025-12-05 04:06:27 - INFO - [Round 36][Client 3][LATENCY] training=14.8389s, encryption=0.3456s
2025-12-05 04:06:27 - INFO - [Round 36][Client 3][PAYLOAD] upload=42.67 MB
2025-12-05 04:06:27 - INFO - [Round 36][Client 3][RESOURCE] peak_memory=1840.09 MB, cpu=99.5%
2025-12-05 04:06:27 - INFO - [Round 36] 收到客户端 3 更新，大小: 43694.25 KB
2025-12-05 04:06:27 - INFO - [Round 36] 收到客户端 3 明文更新
2025-12-05 04:06:36 - INFO - [Round 36][Client 2][LATENCY] training=21.3486s, encryption=0.4872s
2025-12-05 04:06:36 - INFO - [Round 36][Client 2][PAYLOAD] upload=42.67 MB
2025-12-05 04:06:36 - INFO - [Round 36][Client 2][RESOURCE] peak_memory=2071.41 MB, cpu=98.8%
2025-12-05 04:06:36 - INFO - [Round 36] 收到客户端 2 更新，大小: 43694.25 KB
2025-12-05 04:06:36 - INFO - [Round 36] 收到客户端 2 明文更新
2025-12-05 04:06:36 - INFO - [Round 36][Client 1][LATENCY] training=20.9788s, encryption=0.4402s
2025-12-05 04:06:36 - INFO - [Round 36][Client 1][PAYLOAD] upload=42.67 MB
2025-12-05 04:06:36 - INFO - [Round 36][Client 1][RESOURCE] peak_memory=2033.73 MB, cpu=99.3%
2025-12-05 04:06:36 - INFO - [Round 36] 收到客户端 1 更新，大小: 43694.25 KB
2025-12-05 04:06:36 - INFO - [Round 36] 收到客户端 1 明文更新
2025-12-05 04:06:36 - INFO - [Round 36] 所有客户端更新已收集，开始聚合
2025-12-05 04:06:36 - INFO - [Round 36][LATENCY] decryption=0.0000s
2025-12-05 04:06:37 - INFO - [Round 36][LATENCY] aggregation=0.0621s
2025-12-05 04:06:37 - INFO - [Round 36] 明文聚合完成
2025-12-05 04:06:37 - INFO - [Round 36][Server][RESOURCE] peak_memory=1623.70 MB, cpu=94.7%, cpu_time=0.0600s
2025-12-05 04:06:37 - INFO - [Round 36] 全局模型更新完成
2025-12-05 04:06:46 - INFO - [Round 36] 全局评估: Acc=0.8809, AUC=0.9915
2025-12-05 04:06:46 - INFO - [Round 36] 客户端聚合: Loss=0.0464
2025-12-05 04:06:46 - INFO - [CONVERGENCE] round=36 accuracy=0.8809 auc=0.9915 loss=0.0464
2025-12-05 04:06:46 - INFO - [Round 36] 聚合完成，进入 Round 37
2025-12-05 04:07:26 - INFO - [Round 37][Client 3][LATENCY] training=17.4133s, encryption=0.4957s
2025-12-05 04:07:26 - INFO - [Round 37][Client 3][PAYLOAD] upload=42.67 MB
2025-12-05 04:07:26 - INFO - [Round 37][Client 3][RESOURCE] peak_memory=1843.69 MB, cpu=99.8%
2025-12-05 04:07:26 - INFO - [Round 37] 收到客户端 3 更新，大小: 43694.25 KB
2025-12-05 04:07:26 - INFO - [Round 37] 收到客户端 3 明文更新
2025-12-05 04:07:32 - INFO - [Round 37][Client 2][LATENCY] training=23.6639s, encryption=0.2770s
2025-12-05 04:07:32 - INFO - [Round 37][Client 2][PAYLOAD] upload=42.67 MB
2025-12-05 04:07:32 - INFO - [Round 37][Client 2][RESOURCE] peak_memory=2078.85 MB, cpu=100.4%
2025-12-05 04:07:32 - INFO - [Round 37] 收到客户端 2 更新，大小: 43694.25 KB
2025-12-05 04:07:32 - INFO - [Round 37] 收到客户端 2 明文更新
2025-12-05 04:07:34 - INFO - [Round 37][Client 1][LATENCY] training=19.7648s, encryption=0.4886s
2025-12-05 04:07:34 - INFO - [Round 37][Client 1][PAYLOAD] upload=42.67 MB
2025-12-05 04:07:34 - INFO - [Round 37][Client 1][RESOURCE] peak_memory=2033.68 MB, cpu=101.4%
2025-12-05 04:07:34 - INFO - [Round 37] 收到客户端 1 更新，大小: 43694.25 KB
2025-12-05 04:07:34 - INFO - [Round 37] 收到客户端 1 明文更新
2025-12-05 04:07:34 - INFO - [Round 37] 所有客户端更新已收集，开始聚合
2025-12-05 04:07:34 - INFO - [Round 37][LATENCY] decryption=0.0000s
2025-12-05 04:07:34 - INFO - [Round 37][LATENCY] aggregation=0.0647s
2025-12-05 04:07:34 - INFO - [Round 37] 明文聚合完成
2025-12-05 04:07:34 - INFO - [Round 37][Server][RESOURCE] peak_memory=1593.94 MB, cpu=106.3%, cpu_time=0.0700s
2025-12-05 04:07:34 - INFO - [Round 37] 全局模型更新完成
2025-12-05 04:07:43 - INFO - [Round 37] 全局评估: Acc=0.8854, AUC=0.9924
2025-12-05 04:07:43 - INFO - [Round 37] 客户端聚合: Loss=0.0344
2025-12-05 04:07:43 - INFO - [CONVERGENCE] round=37 accuracy=0.8854 auc=0.9924 loss=0.0344
2025-12-05 04:07:43 - INFO - [Round 37] 聚合完成，进入 Round 38
2025-12-05 04:08:21 - INFO - [Round 38][Client 3][LATENCY] training=15.5481s, encryption=0.3911s
2025-12-05 04:08:21 - INFO - [Round 38][Client 3][PAYLOAD] upload=42.67 MB
2025-12-05 04:08:21 - INFO - [Round 38][Client 3][RESOURCE] peak_memory=1843.58 MB, cpu=100.4%
2025-12-05 04:08:21 - INFO - [Round 38] 收到客户端 3 更新，大小: 43694.25 KB
2025-12-05 04:08:21 - INFO - [Round 38] 收到客户端 3 明文更新
2025-12-05 04:08:24 - INFO - [Round 38][Client 1][LATENCY] training=18.2675s, encryption=0.2723s
2025-12-05 04:08:24 - INFO - [Round 38][Client 1][PAYLOAD] upload=42.67 MB
2025-12-05 04:08:24 - INFO - [Round 38][Client 1][RESOURCE] peak_memory=2025.21 MB, cpu=97.0%
2025-12-05 04:08:24 - INFO - [Round 38] 收到客户端 1 更新，大小: 43694.25 KB
2025-12-05 04:08:25 - INFO - [Round 38] 收到客户端 1 明文更新
2025-12-05 04:08:29 - INFO - [Round 38][Client 2][LATENCY] training=22.9162s, encryption=0.4987s
2025-12-05 04:08:29 - INFO - [Round 38][Client 2][PAYLOAD] upload=42.67 MB
2025-12-05 04:08:29 - INFO - [Round 38][Client 2][RESOURCE] peak_memory=2079.00 MB, cpu=99.8%
2025-12-05 04:08:29 - INFO - [Round 38] 收到客户端 2 更新，大小: 43694.25 KB
2025-12-05 04:08:29 - INFO - [Round 38] 收到客户端 2 明文更新
2025-12-05 04:08:29 - INFO - [Round 38] 所有客户端更新已收集，开始聚合
2025-12-05 04:08:29 - INFO - [Round 38][LATENCY] decryption=0.0000s
2025-12-05 04:08:29 - INFO - [Round 38][LATENCY] aggregation=0.0621s
2025-12-05 04:08:29 - INFO - [Round 38] 明文聚合完成
2025-12-05 04:08:29 - INFO - [Round 38][Server][RESOURCE] peak_memory=1593.75 MB, cpu=94.7%, cpu_time=0.0600s
2025-12-05 04:08:29 - INFO - [Round 38] 全局模型更新完成
2025-12-05 04:08:39 - INFO - [Round 38] 全局评估: Acc=0.8890, AUC=0.9928
2025-12-05 04:08:39 - INFO - [Round 38] 客户端聚合: Loss=0.0406
2025-12-05 04:08:39 - INFO - [CONVERGENCE] round=38 accuracy=0.8890 auc=0.9928 loss=0.0406
2025-12-05 04:08:39 - INFO - [Round 38] 聚合完成，进入 Round 39
2025-12-05 04:09:17 - INFO - [Round 39][Client 3][LATENCY] training=15.6467s, encryption=0.3354s
2025-12-05 04:09:17 - INFO - [Round 39][Client 3][PAYLOAD] upload=42.67 MB
2025-12-05 04:09:17 - INFO - [Round 39][Client 3][RESOURCE] peak_memory=1842.55 MB, cpu=99.8%
2025-12-05 04:09:17 - INFO - [Round 39] 收到客户端 3 更新，大小: 43694.25 KB
2025-12-05 04:09:17 - INFO - [Round 39] 收到客户端 3 明文更新
2025-12-05 04:09:24 - INFO - [Round 39][Client 1][LATENCY] training=19.6224s, encryption=0.3365s
2025-12-05 04:09:24 - INFO - [Round 39][Client 1][PAYLOAD] upload=42.67 MB
2025-12-05 04:09:24 - INFO - [Round 39][Client 1][RESOURCE] peak_memory=2025.19 MB, cpu=99.3%
2025-12-05 04:09:24 - INFO - [Round 39] 收到客户端 1 更新，大小: 43694.25 KB
2025-12-05 04:09:24 - INFO - [Round 39] 收到客户端 1 明文更新
2025-12-05 04:09:25 - INFO - [Round 39][Client 2][LATENCY] training=21.7164s, encryption=0.4041s
2025-12-05 04:09:25 - INFO - [Round 39][Client 2][PAYLOAD] upload=42.67 MB
2025-12-05 04:09:25 - INFO - [Round 39][Client 2][RESOURCE] peak_memory=2071.79 MB, cpu=99.1%
2025-12-05 04:09:25 - INFO - [Round 39] 收到客户端 2 更新，大小: 43694.25 KB
2025-12-05 04:09:25 - INFO - [Round 39] 收到客户端 2 明文更新
2025-12-05 04:09:25 - INFO - [Round 39] 所有客户端更新已收集，开始聚合
2025-12-05 04:09:25 - INFO - [Round 39][LATENCY] decryption=0.0000s
2025-12-05 04:09:25 - INFO - [Round 39][LATENCY] aggregation=0.0404s
2025-12-05 04:09:25 - INFO - [Round 39] 明文聚合完成
2025-12-05 04:09:25 - INFO - [Round 39][Server][RESOURCE] peak_memory=1636.50 MB, cpu=96.9%, cpu_time=0.0400s
2025-12-05 04:09:25 - INFO - [Round 39] 全局模型更新完成
2025-12-05 04:09:34 - INFO - [Round 39] 全局评估: Acc=0.8932, AUC=0.9933
2025-12-05 04:09:34 - INFO - [Round 39] 客户端聚合: Loss=0.0456
2025-12-05 04:09:34 - INFO - [CONVERGENCE] round=39 accuracy=0.8932 auc=0.9933 loss=0.0456
2025-12-05 04:09:34 - INFO - [Round 39] 聚合完成，进入 Round 40
2025-12-05 04:10:14 - INFO - [Round 40][Client 3][LATENCY] training=17.0555s, encryption=0.4872s
2025-12-05 04:10:14 - INFO - [Round 40][Client 3][PAYLOAD] upload=42.67 MB
2025-12-05 04:10:14 - INFO - [Round 40][Client 3][RESOURCE] peak_memory=1842.21 MB, cpu=100.0%
2025-12-05 04:10:14 - INFO - [Round 40] 收到客户端 3 更新，大小: 43694.25 KB
2025-12-05 04:10:14 - INFO - [Round 40] 收到客户端 3 明文更新
2025-12-05 04:10:20 - INFO - [Round 40][Client 2][LATENCY] training=22.0486s, encryption=0.4790s
2025-12-05 04:10:20 - INFO - [Round 40][Client 2][PAYLOAD] upload=42.67 MB
2025-12-05 04:10:20 - INFO - [Round 40][Client 2][RESOURCE] peak_memory=2072.04 MB, cpu=100.1%
2025-12-05 04:10:20 - INFO - [Round 40] 收到客户端 2 更新，大小: 43694.25 KB
2025-12-05 04:10:20 - INFO - [Round 40] 收到客户端 2 明文更新
2025-12-05 04:10:21 - INFO - [Round 40][Client 1][LATENCY] training=20.1530s, encryption=0.4415s
2025-12-05 04:10:21 - INFO - [Round 40][Client 1][PAYLOAD] upload=42.67 MB
2025-12-05 04:10:21 - INFO - [Round 40][Client 1][RESOURCE] peak_memory=2031.51 MB, cpu=100.9%
2025-12-05 04:10:21 - INFO - [Round 40] 收到客户端 1 更新，大小: 43694.25 KB
2025-12-05 04:10:21 - INFO - [Round 40] 收到客户端 1 明文更新
2025-12-05 04:10:21 - INFO - [Round 40] 所有客户端更新已收集，开始聚合
2025-12-05 04:10:21 - INFO - [Round 40][LATENCY] decryption=0.0000s
2025-12-05 04:10:21 - INFO - [Round 40][LATENCY] aggregation=0.0499s
2025-12-05 04:10:21 - INFO - [Round 40] 明文聚合完成
2025-12-05 04:10:21 - INFO - [Round 40][Server][RESOURCE] peak_memory=1585.82 MB, cpu=118.0%, cpu_time=0.0600s
2025-12-05 04:10:21 - INFO - [Round 40] 全局模型更新完成
2025-12-05 04:10:31 - INFO - [Round 40] 全局评估: Acc=0.8912, AUC=0.9930
2025-12-05 04:10:31 - INFO - [Round 40] 客户端聚合: Loss=0.0276
2025-12-05 04:10:31 - INFO - [CONVERGENCE] round=40 accuracy=0.8912 auc=0.9930 loss=0.0276
2025-12-05 04:10:31 - INFO - [Round 40] 聚合完成，进入 Round 41
2025-12-05 04:11:10 - INFO - [Round 41][Client 3][LATENCY] training=16.1612s, encryption=0.4915s
2025-12-05 04:11:10 - INFO - [Round 41][Client 3][PAYLOAD] upload=42.67 MB
2025-12-05 04:11:10 - INFO - [Round 41][Client 3][RESOURCE] peak_memory=1842.81 MB, cpu=101.4%
2025-12-05 04:11:10 - INFO - [Round 41] 收到客户端 3 更新，大小: 43694.25 KB
2025-12-05 04:11:10 - INFO - [Round 41] 收到客户端 3 明文更新
2025-12-05 04:11:17 - INFO - [Round 41][Client 2][LATENCY] training=21.2197s, encryption=0.2679s
2025-12-05 04:11:17 - INFO - [Round 41][Client 2][PAYLOAD] upload=42.67 MB
2025-12-05 04:11:17 - INFO - [Round 41][Client 2][RESOURCE] peak_memory=2080.07 MB, cpu=103.1%
2025-12-05 04:11:17 - INFO - [Round 41] 收到客户端 2 更新，大小: 43694.25 KB
2025-12-05 04:11:17 - INFO - [Round 41] 收到客户端 2 明文更新
2025-12-05 04:11:18 - INFO - [Round 41][Client 1][LATENCY] training=21.4281s, encryption=0.3508s
2025-12-05 04:11:18 - INFO - [Round 41][Client 1][PAYLOAD] upload=42.67 MB
2025-12-05 04:11:18 - INFO - [Round 41][Client 1][RESOURCE] peak_memory=2050.36 MB, cpu=100.7%
2025-12-05 04:11:18 - INFO - [Round 41] 收到客户端 1 更新，大小: 43694.25 KB
2025-12-05 04:11:18 - INFO - [Round 41] 收到客户端 1 明文更新
2025-12-05 04:11:18 - INFO - [Round 41] 所有客户端更新已收集，开始聚合
2025-12-05 04:11:18 - INFO - [Round 41][LATENCY] decryption=0.0000s
2025-12-05 04:11:18 - INFO - [Round 41][LATENCY] aggregation=0.0369s
2025-12-05 04:11:18 - INFO - [Round 41] 明文聚合完成
2025-12-05 04:11:18 - INFO - [Round 41][Server][RESOURCE] peak_memory=1622.49 MB, cpu=106.0%, cpu_time=0.0400s
2025-12-05 04:11:18 - INFO - [Round 41] 全局模型更新完成
2025-12-05 04:11:28 - INFO - [Round 41] 全局评估: Acc=0.8893, AUC=0.9928
2025-12-05 04:11:28 - INFO - [Round 41] 客户端聚合: Loss=0.0541
2025-12-05 04:11:28 - INFO - [CONVERGENCE] round=41 accuracy=0.8893 auc=0.9928 loss=0.0541
2025-12-05 04:11:28 - INFO - [Round 41] 训练收敛: Acc 变化 (0.004200) < 阈值 (0.005)
2025-12-05 04:11:28 - INFO - [Server] 训练结束，总耗时: 2311.84s
2025-12-05 04:11:28 - INFO - [Server] 通信开销汇总 (KB):
           Total_KB
1      1.791464e+06
2      1.791464e+06
3      1.791464e+06
Total  5.374392e+06
2025-12-05 04:11:28 - INFO - [Server] 评估指标汇总:
      Accuracy     AUC    Loss
Round                         
1       0.2450  0.7263  0.8105
2       0.5708  0.9329  0.5804
3       0.6599  0.9553  0.4731
4       0.7304  0.9689  0.3965
5       0.7911  0.9800  0.2873
6       0.8059  0.9832  0.2647
7       0.8312  0.9869  0.2552
8       0.8387  0.9876  0.1940
9       0.8282  0.9862  0.1857
10      0.8471  0.9887  0.1594
11      0.8436  0.9889  0.1447
12      0.8506  0.9892  0.1127
13      0.8594  0.9902  0.1007
14      0.8747  0.9919  0.1265
15      0.8664  0.9908  0.1128
16      0.8690  0.9912  0.0789
17      0.8754  0.9920  0.0860
18      0.8686  0.9912  0.0688
19      0.8714  0.9912  0.0566
20      0.8719  0.9916  0.0544
21      0.8851  0.9928  0.0671
22      0.8909  0.9932  0.0637
23      0.8830  0.9924  0.0408
24      0.8800  0.9922  0.0546
25      0.8769  0.9919  0.0423
26      0.8862  0.9925  0.0516
27      0.8703  0.9908  0.0473
28      0.8832  0.9923  0.0453
29      0.8902  0.9931  0.0336
30      0.8894  0.9932  0.0509
31      0.8824  0.9925  0.0394
32      0.8913  0.9932  0.0548
33      0.8960  0.9938  0.0263
34      0.8875  0.9929  0.0382
35      0.8928  0.9930  0.0468
36      0.8809  0.9915  0.0464
37      0.8854  0.9924  0.0344
38      0.8890  0.9928  0.0406
39      0.8932  0.9933  0.0456
40      0.8912  0.9930  0.0276
41      0.8893  0.9928  0.0541
