2025-12-02 03:00:09 - INFO - [logging_config.py:70] - 日志文件已创建: logs/server_tee.log
2025-12-02 03:00:09 - INFO - [server_grpc.py:69] - 服务器配置: Dataset=cifar10, Model=resnet18
2025-12-02 03:00:09 - INFO - [tee_aggregation_strategy.py:19] - 启动TEE模式：正在生成RSA密钥对用于模拟Enclave...
2025-12-02 03:00:09 - INFO - [tee_aggregation_strategy.py:23] - 启动TEE模式：正在模拟生成身份指纹(MRENCLAVE)...
2025-12-02 03:00:09 - INFO - [server_grpc.py:97] - 服务器初始化完成 (模式: tee)，等待 3 个客户端注册...
2025-12-02 03:00:09 - INFO - [server_grpc.py:394] - 联邦学习安全服务器正在启动，监听端口: 50052
2025-12-02 03:00:52 - INFO - [server_grpc.py:116] - 接收到客户端 3 的注册请求 (模型: resnet18, 数据量: 16000)
2025-12-02 03:00:52 - INFO - [server_grpc.py:125] - 客户端 3 注册成功。当前 1/3 个客户端。
2025-12-02 03:00:52 - INFO - [tee_aggregation_strategy.py:28] - 向客户端 3 提供模拟的证明报告和公钥。
2025-12-02 03:00:52 - INFO - [server_grpc.py:116] - 接收到客户端 2 的注册请求 (模型: resnet18, 数据量: 16000)
2025-12-02 03:00:52 - INFO - [server_grpc.py:125] - 客户端 2 注册成功。当前 2/3 个客户端。
2025-12-02 03:00:52 - INFO - [tee_aggregation_strategy.py:28] - 向客户端 2 提供模拟的证明报告和公钥。
2025-12-02 03:00:53 - INFO - [server_grpc.py:116] - 接收到客户端 1 的注册请求 (模型: resnet18, 数据量: 16000)
2025-12-02 03:00:53 - INFO - [server_grpc.py:125] - 客户端 1 注册成功。当前 3/3 个客户端。
2025-12-02 03:00:53 - INFO - [tee_aggregation_strategy.py:28] - 向客户端 1 提供模拟的证明报告和公钥。
2025-12-02 03:00:53 - INFO - [server_grpc.py:131] - 所有客户端已注册，设置 next_step=True，准备开始训练。
2025-12-02 03:00:53 - INFO - [server_grpc.py:134] - 联邦学习流程计时开始
2025-12-02 03:01:01 - INFO - [server_grpc.py:146] - 客户端 3 开始订阅训练状态
2025-12-02 03:01:03 - INFO - [server_grpc.py:146] - 客户端 2 开始订阅训练状态
2025-12-02 03:01:06 - INFO - [server_grpc.py:146] - 客户端 1 开始订阅训练状态
2025-12-02 03:01:27 - INFO - [server_grpc.py:217] - [Round 1] 收到来自客户端 3 的更新，数据大小: 43694.48 KB
2025-12-02 03:01:27 - INFO - [tee_aggregation_strategy.py:70] - [Round 1] 收到并解密了客户端 3 的TEE模式更新。
2025-12-02 03:01:27 - INFO - [server_grpc.py:146] - 客户端 3 开始订阅训练状态
2025-12-02 03:01:32 - INFO - [server_grpc.py:217] - [Round 1] 收到来自客户端 2 的更新，数据大小: 43694.48 KB
2025-12-02 03:01:32 - INFO - [tee_aggregation_strategy.py:70] - [Round 1] 收到并解密了客户端 2 的TEE模式更新。
2025-12-02 03:01:32 - INFO - [server_grpc.py:146] - 客户端 2 开始订阅训练状态
2025-12-02 03:01:35 - INFO - [server_grpc.py:217] - [Round 1] 收到来自客户端 1 的更新，数据大小: 43694.48 KB
2025-12-02 03:01:36 - INFO - [tee_aggregation_strategy.py:70] - [Round 1] 收到并解密了客户端 1 的TEE模式更新。
2025-12-02 03:01:36 - INFO - [server_grpc.py:280] - [Round 1] 所有客户端参数已收集完毕，开始聚合。
2025-12-02 03:01:36 - INFO - [server_grpc.py:146] - 客户端 1 开始订阅训练状态
2025-12-02 03:01:36 - INFO - [tee_aggregation_strategy.py:111] - [Round 1] TEE模式下明文参数聚合完成。
2025-12-02 03:01:36 - INFO - [server_grpc.py:299] - [Round 1] Server Aggregation Resources - CPU Time: 0.0400s, Memory Usage: 895.26 MB
2025-12-02 03:01:36 - INFO - [server_grpc.py:306] - [Round 1] 全局模型参数更新完成。
2025-12-02 03:01:36 - INFO - [tee_aggregation_strategy.py:140] - [Round 1] 全局评估 (TEE): Acc=0.6362, AUC=0.9184, Loss=1.0753
2025-12-02 03:01:36 - INFO - [server_grpc.py:352] - 第 1 轮聚合完成，进入第 2 轮。
2025-12-02 03:01:36 - INFO - [server_grpc.py:268] - 向客户端 2 提供第1轮全局模型
2025-12-02 03:01:36 - INFO - [server_grpc.py:268] - 向客户端 3 提供第1轮全局模型
2025-12-02 03:01:36 - INFO - [server_grpc.py:268] - 向客户端 1 提供第1轮全局模型
2025-12-02 03:02:22 - INFO - [server_grpc.py:217] - [Round 2] 收到来自客户端 2 的更新，数据大小: 43694.49 KB
2025-12-02 03:02:23 - INFO - [tee_aggregation_strategy.py:70] - [Round 2] 收到并解密了客户端 2 的TEE模式更新。
2025-12-02 03:02:23 - INFO - [server_grpc.py:146] - 客户端 2 开始订阅训练状态
2025-12-02 03:02:25 - INFO - [server_grpc.py:217] - [Round 2] 收到来自客户端 1 的更新，数据大小: 43694.49 KB
2025-12-02 03:02:25 - INFO - [tee_aggregation_strategy.py:70] - [Round 2] 收到并解密了客户端 1 的TEE模式更新。
2025-12-02 03:02:25 - INFO - [server_grpc.py:146] - 客户端 1 开始订阅训练状态
2025-12-02 03:02:27 - INFO - [server_grpc.py:217] - [Round 2] 收到来自客户端 3 的更新，数据大小: 43694.49 KB
2025-12-02 03:02:27 - INFO - [tee_aggregation_strategy.py:70] - [Round 2] 收到并解密了客户端 3 的TEE模式更新。
2025-12-02 03:02:27 - INFO - [server_grpc.py:280] - [Round 2] 所有客户端参数已收集完毕，开始聚合。
2025-12-02 03:02:27 - INFO - [server_grpc.py:146] - 客户端 3 开始订阅训练状态
2025-12-02 03:02:27 - INFO - [tee_aggregation_strategy.py:111] - [Round 2] TEE模式下明文参数聚合完成。
2025-12-02 03:02:27 - INFO - [server_grpc.py:299] - [Round 2] Server Aggregation Resources - CPU Time: 0.0300s, Memory Usage: 958.52 MB
2025-12-02 03:02:27 - INFO - [server_grpc.py:306] - [Round 2] 全局模型参数更新完成。
2025-12-02 03:02:27 - INFO - [tee_aggregation_strategy.py:140] - [Round 2] 全局评估 (TEE): Acc=0.7241, AUC=0.9451, Loss=0.7141
2025-12-02 03:02:27 - INFO - [server_grpc.py:352] - 第 2 轮聚合完成，进入第 3 轮。
2025-12-02 03:02:27 - INFO - [server_grpc.py:268] - 向客户端 2 提供第2轮全局模型
2025-12-02 03:02:27 - INFO - [server_grpc.py:268] - 向客户端 1 提供第2轮全局模型
2025-12-02 03:02:27 - INFO - [server_grpc.py:268] - 向客户端 3 提供第2轮全局模型
2025-12-02 03:03:13 - INFO - [server_grpc.py:217] - [Round 3] 收到来自客户端 1 的更新，数据大小: 43694.49 KB
2025-12-02 03:03:13 - INFO - [tee_aggregation_strategy.py:70] - [Round 3] 收到并解密了客户端 1 的TEE模式更新。
2025-12-02 03:03:13 - INFO - [server_grpc.py:146] - 客户端 1 开始订阅训练状态
2025-12-02 03:03:14 - INFO - [server_grpc.py:217] - [Round 3] 收到来自客户端 3 的更新，数据大小: 43694.49 KB
2025-12-02 03:03:14 - INFO - [tee_aggregation_strategy.py:70] - [Round 3] 收到并解密了客户端 3 的TEE模式更新。
2025-12-02 03:03:14 - INFO - [server_grpc.py:146] - 客户端 3 开始订阅训练状态
2025-12-02 03:03:15 - INFO - [server_grpc.py:217] - [Round 3] 收到来自客户端 2 的更新，数据大小: 43694.49 KB
2025-12-02 03:03:15 - INFO - [tee_aggregation_strategy.py:70] - [Round 3] 收到并解密了客户端 2 的TEE模式更新。
2025-12-02 03:03:15 - INFO - [server_grpc.py:280] - [Round 3] 所有客户端参数已收集完毕，开始聚合。
2025-12-02 03:03:15 - INFO - [server_grpc.py:146] - 客户端 2 开始订阅训练状态
2025-12-02 03:03:15 - INFO - [tee_aggregation_strategy.py:111] - [Round 3] TEE模式下明文参数聚合完成。
2025-12-02 03:03:15 - INFO - [server_grpc.py:299] - [Round 3] Server Aggregation Resources - CPU Time: 0.0400s, Memory Usage: 1011.57 MB
2025-12-02 03:03:15 - INFO - [server_grpc.py:306] - [Round 3] 全局模型参数更新完成。
2025-12-02 03:03:15 - INFO - [tee_aggregation_strategy.py:140] - [Round 3] 全局评估 (TEE): Acc=0.7678, AUC=0.9580, Loss=0.5718
2025-12-02 03:03:15 - INFO - [server_grpc.py:352] - 第 3 轮聚合完成，进入第 4 轮。
2025-12-02 03:03:15 - INFO - [server_grpc.py:268] - 向客户端 3 提供第3轮全局模型
2025-12-02 03:03:15 - INFO - [server_grpc.py:268] - 向客户端 2 提供第3轮全局模型
2025-12-02 03:03:15 - INFO - [server_grpc.py:268] - 向客户端 1 提供第3轮全局模型
2025-12-02 03:04:02 - INFO - [server_grpc.py:217] - [Round 4] 收到来自客户端 3 的更新，数据大小: 43694.49 KB
2025-12-02 03:04:02 - INFO - [tee_aggregation_strategy.py:70] - [Round 4] 收到并解密了客户端 3 的TEE模式更新。
2025-12-02 03:04:02 - INFO - [server_grpc.py:146] - 客户端 3 开始订阅训练状态
2025-12-02 03:04:06 - INFO - [server_grpc.py:217] - [Round 4] 收到来自客户端 2 的更新，数据大小: 43694.49 KB
2025-12-02 03:04:06 - INFO - [server_grpc.py:217] - [Round 4] 收到来自客户端 1 的更新，数据大小: 43694.49 KB
2025-12-02 03:04:06 - INFO - [tee_aggregation_strategy.py:70] - [Round 4] 收到并解密了客户端 2 的TEE模式更新。
2025-12-02 03:04:06 - INFO - [server_grpc.py:146] - 客户端 2 开始订阅训练状态
2025-12-02 03:04:06 - INFO - [tee_aggregation_strategy.py:70] - [Round 4] 收到并解密了客户端 1 的TEE模式更新。
2025-12-02 03:04:06 - INFO - [server_grpc.py:280] - [Round 4] 所有客户端参数已收集完毕，开始聚合。
2025-12-02 03:04:06 - INFO - [server_grpc.py:146] - 客户端 1 开始订阅训练状态
2025-12-02 03:04:06 - INFO - [tee_aggregation_strategy.py:111] - [Round 4] TEE模式下明文参数聚合完成。
2025-12-02 03:04:06 - INFO - [server_grpc.py:299] - [Round 4] Server Aggregation Resources - CPU Time: 0.0400s, Memory Usage: 1025.48 MB
2025-12-02 03:04:06 - INFO - [server_grpc.py:306] - [Round 4] 全局模型参数更新完成。
2025-12-02 03:04:06 - INFO - [tee_aggregation_strategy.py:140] - [Round 4] 全局评估 (TEE): Acc=0.7793, AUC=0.9641, Loss=0.5367
2025-12-02 03:04:06 - INFO - [server_grpc.py:352] - 第 4 轮聚合完成，进入第 5 轮。
2025-12-02 03:04:06 - INFO - [server_grpc.py:268] - 向客户端 3 提供第4轮全局模型
2025-12-02 03:04:06 - INFO - [server_grpc.py:268] - 向客户端 1 提供第4轮全局模型
2025-12-02 03:04:07 - INFO - [server_grpc.py:268] - 向客户端 2 提供第4轮全局模型
2025-12-02 03:04:54 - INFO - [server_grpc.py:217] - [Round 5] 收到来自客户端 3 的更新，数据大小: 43694.49 KB
2025-12-02 03:04:54 - INFO - [tee_aggregation_strategy.py:70] - [Round 5] 收到并解密了客户端 3 的TEE模式更新。
2025-12-02 03:04:54 - INFO - [server_grpc.py:146] - 客户端 3 开始订阅训练状态
2025-12-02 03:04:56 - INFO - [server_grpc.py:217] - [Round 5] 收到来自客户端 2 的更新，数据大小: 43694.49 KB
2025-12-02 03:04:56 - INFO - [tee_aggregation_strategy.py:70] - [Round 5] 收到并解密了客户端 2 的TEE模式更新。
2025-12-02 03:04:56 - INFO - [server_grpc.py:146] - 客户端 2 开始订阅训练状态
2025-12-02 03:04:57 - INFO - [server_grpc.py:217] - [Round 5] 收到来自客户端 1 的更新，数据大小: 43694.49 KB
2025-12-02 03:04:57 - INFO - [tee_aggregation_strategy.py:70] - [Round 5] 收到并解密了客户端 1 的TEE模式更新。
2025-12-02 03:04:57 - INFO - [server_grpc.py:280] - [Round 5] 所有客户端参数已收集完毕，开始聚合。
2025-12-02 03:04:57 - INFO - [server_grpc.py:146] - 客户端 1 开始订阅训练状态
2025-12-02 03:04:57 - INFO - [tee_aggregation_strategy.py:111] - [Round 5] TEE模式下明文参数聚合完成。
2025-12-02 03:04:57 - INFO - [server_grpc.py:299] - [Round 5] Server Aggregation Resources - CPU Time: 0.0300s, Memory Usage: 1033.39 MB
2025-12-02 03:04:57 - INFO - [server_grpc.py:306] - [Round 5] 全局模型参数更新完成。
2025-12-02 03:04:57 - INFO - [tee_aggregation_strategy.py:140] - [Round 5] 全局评估 (TEE): Acc=0.8090, AUC=0.9717, Loss=0.4058
2025-12-02 03:04:57 - INFO - [server_grpc.py:352] - 第 5 轮聚合完成，进入第 6 轮。
2025-12-02 03:04:57 - INFO - [server_grpc.py:268] - 向客户端 2 提供第5轮全局模型
2025-12-02 03:04:57 - INFO - [server_grpc.py:268] - 向客户端 3 提供第5轮全局模型
2025-12-02 03:04:57 - INFO - [server_grpc.py:268] - 向客户端 1 提供第5轮全局模型
2025-12-02 03:05:44 - INFO - [server_grpc.py:217] - [Round 6] 收到来自客户端 1 的更新，数据大小: 43694.49 KB
2025-12-02 03:05:44 - INFO - [tee_aggregation_strategy.py:70] - [Round 6] 收到并解密了客户端 1 的TEE模式更新。
2025-12-02 03:05:44 - INFO - [server_grpc.py:217] - [Round 6] 收到来自客户端 3 的更新，数据大小: 43694.49 KB
2025-12-02 03:05:44 - INFO - [server_grpc.py:146] - 客户端 1 开始订阅训练状态
2025-12-02 03:05:44 - INFO - [tee_aggregation_strategy.py:70] - [Round 6] 收到并解密了客户端 3 的TEE模式更新。
2025-12-02 03:05:44 - INFO - [server_grpc.py:146] - 客户端 3 开始订阅训练状态
2025-12-02 03:05:46 - INFO - [server_grpc.py:217] - [Round 6] 收到来自客户端 2 的更新，数据大小: 43694.49 KB
2025-12-02 03:05:46 - INFO - [tee_aggregation_strategy.py:70] - [Round 6] 收到并解密了客户端 2 的TEE模式更新。
2025-12-02 03:05:46 - INFO - [server_grpc.py:280] - [Round 6] 所有客户端参数已收集完毕，开始聚合。
2025-12-02 03:05:46 - INFO - [server_grpc.py:146] - 客户端 2 开始订阅训练状态
2025-12-02 03:05:46 - INFO - [tee_aggregation_strategy.py:111] - [Round 6] TEE模式下明文参数聚合完成。
2025-12-02 03:05:46 - INFO - [server_grpc.py:299] - [Round 6] Server Aggregation Resources - CPU Time: 0.0300s, Memory Usage: 1049.05 MB
2025-12-02 03:05:46 - INFO - [server_grpc.py:306] - [Round 6] 全局模型参数更新完成。
2025-12-02 03:05:46 - INFO - [tee_aggregation_strategy.py:140] - [Round 6] 全局评估 (TEE): Acc=0.8174, AUC=0.9748, Loss=0.3640
2025-12-02 03:05:46 - INFO - [server_grpc.py:352] - 第 6 轮聚合完成，进入第 7 轮。
2025-12-02 03:05:46 - INFO - [server_grpc.py:268] - 向客户端 2 提供第6轮全局模型
2025-12-02 03:05:46 - INFO - [server_grpc.py:268] - 向客户端 3 提供第6轮全局模型
2025-12-02 03:05:46 - INFO - [server_grpc.py:268] - 向客户端 1 提供第6轮全局模型
2025-12-02 03:06:36 - INFO - [server_grpc.py:217] - [Round 7] 收到来自客户端 3 的更新，数据大小: 43694.49 KB
2025-12-02 03:06:36 - INFO - [server_grpc.py:217] - [Round 7] 收到来自客户端 2 的更新，数据大小: 43694.49 KB
2025-12-02 03:06:37 - INFO - [tee_aggregation_strategy.py:70] - [Round 7] 收到并解密了客户端 3 的TEE模式更新。
2025-12-02 03:06:37 - INFO - [tee_aggregation_strategy.py:70] - [Round 7] 收到并解密了客户端 2 的TEE模式更新。
2025-12-02 03:06:37 - INFO - [server_grpc.py:146] - 客户端 3 开始订阅训练状态
2025-12-02 03:06:37 - INFO - [server_grpc.py:146] - 客户端 2 开始订阅训练状态
2025-12-02 03:06:37 - INFO - [server_grpc.py:217] - [Round 7] 收到来自客户端 1 的更新，数据大小: 43694.49 KB
2025-12-02 03:06:37 - INFO - [tee_aggregation_strategy.py:70] - [Round 7] 收到并解密了客户端 1 的TEE模式更新。
2025-12-02 03:06:37 - INFO - [server_grpc.py:280] - [Round 7] 所有客户端参数已收集完毕，开始聚合。
2025-12-02 03:06:37 - INFO - [server_grpc.py:146] - 客户端 1 开始订阅训练状态
2025-12-02 03:06:37 - INFO - [tee_aggregation_strategy.py:111] - [Round 7] TEE模式下明文参数聚合完成。
2025-12-02 03:06:37 - INFO - [server_grpc.py:299] - [Round 7] Server Aggregation Resources - CPU Time: 0.0300s, Memory Usage: 1068.42 MB
2025-12-02 03:06:37 - INFO - [server_grpc.py:306] - [Round 7] 全局模型参数更新完成。
2025-12-02 03:06:37 - INFO - [tee_aggregation_strategy.py:140] - [Round 7] 全局评估 (TEE): Acc=0.8360, AUC=0.9784, Loss=0.3141
2025-12-02 03:06:37 - INFO - [server_grpc.py:352] - 第 7 轮聚合完成，进入第 8 轮。
2025-12-02 03:06:37 - INFO - [server_grpc.py:268] - 向客户端 3 提供第7轮全局模型
2025-12-02 03:06:37 - INFO - [server_grpc.py:268] - 向客户端 2 提供第7轮全局模型
2025-12-02 03:06:38 - INFO - [server_grpc.py:268] - 向客户端 1 提供第7轮全局模型
2025-12-02 03:07:27 - INFO - [server_grpc.py:217] - [Round 8] 收到来自客户端 3 的更新，数据大小: 43694.49 KB
2025-12-02 03:07:27 - INFO - [tee_aggregation_strategy.py:70] - [Round 8] 收到并解密了客户端 3 的TEE模式更新。
2025-12-02 03:07:27 - INFO - [server_grpc.py:146] - 客户端 3 开始订阅训练状态
2025-12-02 03:07:27 - INFO - [server_grpc.py:217] - [Round 8] 收到来自客户端 1 的更新，数据大小: 43694.49 KB
2025-12-02 03:07:28 - INFO - [tee_aggregation_strategy.py:70] - [Round 8] 收到并解密了客户端 1 的TEE模式更新。
2025-12-02 03:07:28 - INFO - [server_grpc.py:146] - 客户端 1 开始订阅训练状态
2025-12-02 03:07:28 - INFO - [server_grpc.py:217] - [Round 8] 收到来自客户端 2 的更新，数据大小: 43694.49 KB
2025-12-02 03:07:28 - INFO - [tee_aggregation_strategy.py:70] - [Round 8] 收到并解密了客户端 2 的TEE模式更新。
2025-12-02 03:07:28 - INFO - [server_grpc.py:280] - [Round 8] 所有客户端参数已收集完毕，开始聚合。
2025-12-02 03:07:28 - INFO - [server_grpc.py:146] - 客户端 2 开始订阅训练状态
2025-12-02 03:07:28 - INFO - [tee_aggregation_strategy.py:111] - [Round 8] TEE模式下明文参数聚合完成。
2025-12-02 03:07:28 - INFO - [server_grpc.py:299] - [Round 8] Server Aggregation Resources - CPU Time: 0.0400s, Memory Usage: 1074.77 MB
2025-12-02 03:07:28 - INFO - [server_grpc.py:306] - [Round 8] 全局模型参数更新完成。
2025-12-02 03:07:28 - INFO - [tee_aggregation_strategy.py:140] - [Round 8] 全局评估 (TEE): Acc=0.8303, AUC=0.9776, Loss=0.3220
2025-12-02 03:07:28 - INFO - [server_grpc.py:352] - 第 8 轮聚合完成，进入第 9 轮。
2025-12-02 03:07:29 - INFO - [server_grpc.py:268] - 向客户端 2 提供第8轮全局模型
2025-12-02 03:07:29 - INFO - [server_grpc.py:268] - 向客户端 1 提供第8轮全局模型
2025-12-02 03:07:29 - INFO - [server_grpc.py:268] - 向客户端 3 提供第8轮全局模型
2025-12-02 03:08:14 - INFO - [server_grpc.py:217] - [Round 9] 收到来自客户端 2 的更新，数据大小: 43694.49 KB
2025-12-02 03:08:14 - INFO - [tee_aggregation_strategy.py:70] - [Round 9] 收到并解密了客户端 2 的TEE模式更新。
2025-12-02 03:08:14 - INFO - [server_grpc.py:146] - 客户端 2 开始订阅训练状态
2025-12-02 03:08:18 - INFO - [server_grpc.py:217] - [Round 9] 收到来自客户端 1 的更新，数据大小: 43694.49 KB
2025-12-02 03:08:18 - INFO - [tee_aggregation_strategy.py:70] - [Round 9] 收到并解密了客户端 1 的TEE模式更新。
2025-12-02 03:08:18 - INFO - [server_grpc.py:146] - 客户端 1 开始订阅训练状态
2025-12-02 03:08:18 - INFO - [server_grpc.py:217] - [Round 9] 收到来自客户端 3 的更新，数据大小: 43694.49 KB
2025-12-02 03:08:19 - INFO - [tee_aggregation_strategy.py:70] - [Round 9] 收到并解密了客户端 3 的TEE模式更新。
2025-12-02 03:08:19 - INFO - [server_grpc.py:280] - [Round 9] 所有客户端参数已收集完毕，开始聚合。
2025-12-02 03:08:19 - INFO - [server_grpc.py:146] - 客户端 3 开始订阅训练状态
2025-12-02 03:08:19 - INFO - [tee_aggregation_strategy.py:111] - [Round 9] TEE模式下明文参数聚合完成。
2025-12-02 03:08:19 - INFO - [server_grpc.py:299] - [Round 9] Server Aggregation Resources - CPU Time: 0.0300s, Memory Usage: 1090.00 MB
2025-12-02 03:08:19 - INFO - [server_grpc.py:306] - [Round 9] 全局模型参数更新完成。
2025-12-02 03:08:19 - INFO - [tee_aggregation_strategy.py:140] - [Round 9] 全局评估 (TEE): Acc=0.8504, AUC=0.9821, Loss=0.2520
2025-12-02 03:08:19 - INFO - [server_grpc.py:352] - 第 9 轮聚合完成，进入第 10 轮。
2025-12-02 03:08:19 - INFO - [server_grpc.py:268] - 向客户端 1 提供第9轮全局模型
2025-12-02 03:08:19 - INFO - [server_grpc.py:268] - 向客户端 3 提供第9轮全局模型
2025-12-02 03:08:19 - INFO - [server_grpc.py:268] - 向客户端 2 提供第9轮全局模型
2025-12-02 03:09:06 - INFO - [server_grpc.py:217] - [Round 10] 收到来自客户端 1 的更新，数据大小: 43694.49 KB
2025-12-02 03:09:06 - INFO - [tee_aggregation_strategy.py:70] - [Round 10] 收到并解密了客户端 1 的TEE模式更新。
2025-12-02 03:09:06 - INFO - [server_grpc.py:146] - 客户端 1 开始订阅训练状态
2025-12-02 03:09:07 - INFO - [server_grpc.py:217] - [Round 10] 收到来自客户端 2 的更新，数据大小: 43694.49 KB
2025-12-02 03:09:08 - INFO - [tee_aggregation_strategy.py:70] - [Round 10] 收到并解密了客户端 2 的TEE模式更新。
2025-12-02 03:09:08 - INFO - [server_grpc.py:146] - 客户端 2 开始订阅训练状态
2025-12-02 03:09:09 - INFO - [server_grpc.py:217] - [Round 10] 收到来自客户端 3 的更新，数据大小: 43694.49 KB
2025-12-02 03:09:09 - INFO - [tee_aggregation_strategy.py:70] - [Round 10] 收到并解密了客户端 3 的TEE模式更新。
2025-12-02 03:09:09 - INFO - [server_grpc.py:280] - [Round 10] 所有客户端参数已收集完毕，开始聚合。
2025-12-02 03:09:09 - INFO - [server_grpc.py:146] - 客户端 3 开始订阅训练状态
2025-12-02 03:09:09 - INFO - [tee_aggregation_strategy.py:111] - [Round 10] TEE模式下明文参数聚合完成。
2025-12-02 03:09:09 - INFO - [server_grpc.py:299] - [Round 10] Server Aggregation Resources - CPU Time: 0.0900s, Memory Usage: 1099.95 MB
2025-12-02 03:09:09 - INFO - [server_grpc.py:306] - [Round 10] 全局模型参数更新完成。
2025-12-02 03:09:09 - INFO - [tee_aggregation_strategy.py:140] - [Round 10] 全局评估 (TEE): Acc=0.8495, AUC=0.9824, Loss=0.2562
2025-12-02 03:09:09 - INFO - [server_grpc.py:352] - 第 10 轮聚合完成，进入第 11 轮。
2025-12-02 03:09:09 - INFO - [server_grpc.py:268] - 向客户端 2 提供第10轮全局模型
2025-12-02 03:09:09 - INFO - [server_grpc.py:268] - 向客户端 1 提供第10轮全局模型
2025-12-02 03:09:10 - INFO - [server_grpc.py:268] - 向客户端 3 提供第10轮全局模型
2025-12-02 03:09:55 - INFO - [server_grpc.py:217] - [Round 11] 收到来自客户端 1 的更新，数据大小: 43694.49 KB
2025-12-02 03:09:55 - INFO - [tee_aggregation_strategy.py:70] - [Round 11] 收到并解密了客户端 1 的TEE模式更新。
2025-12-02 03:09:56 - INFO - [server_grpc.py:146] - 客户端 1 开始订阅训练状态
2025-12-02 03:09:58 - INFO - [server_grpc.py:217] - [Round 11] 收到来自客户端 3 的更新，数据大小: 43694.49 KB
2025-12-02 03:09:59 - INFO - [server_grpc.py:217] - [Round 11] 收到来自客户端 2 的更新，数据大小: 43694.49 KB
2025-12-02 03:09:59 - INFO - [tee_aggregation_strategy.py:70] - [Round 11] 收到并解密了客户端 3 的TEE模式更新。
2025-12-02 03:09:59 - INFO - [tee_aggregation_strategy.py:70] - [Round 11] 收到并解密了客户端 2 的TEE模式更新。
2025-12-02 03:09:59 - INFO - [server_grpc.py:146] - 客户端 3 开始订阅训练状态
2025-12-02 03:09:59 - INFO - [server_grpc.py:280] - [Round 11] 所有客户端参数已收集完毕，开始聚合。
2025-12-02 03:09:59 - INFO - [server_grpc.py:146] - 客户端 2 开始订阅训练状态
2025-12-02 03:09:59 - INFO - [tee_aggregation_strategy.py:111] - [Round 11] TEE模式下明文参数聚合完成。
2025-12-02 03:09:59 - INFO - [server_grpc.py:299] - [Round 11] Server Aggregation Resources - CPU Time: 0.0800s, Memory Usage: 1104.06 MB
2025-12-02 03:09:59 - INFO - [server_grpc.py:306] - [Round 11] 全局模型参数更新完成。
2025-12-02 03:09:59 - INFO - [tee_aggregation_strategy.py:140] - [Round 11] 全局评估 (TEE): Acc=0.8586, AUC=0.9844, Loss=0.2024
2025-12-02 03:09:59 - INFO - [server_grpc.py:365] - [Round 11] 训练已收敛，准确率变化 (0.009083) 小于阈值 (0.01)。
2025-12-02 03:09:59 - INFO - [server_grpc.py:316] - 训练结束。总耗时: 545.94 秒
2025-12-02 03:09:59 - INFO - [server_grpc.py:330] - 通信开销 (KB) 汇总:
           Total_KB
1      4.806393e+05
2      4.806393e+05
3      4.806393e+05
Total  1.441918e+06
2025-12-02 03:09:59 - INFO - [server_grpc.py:343] - 全局模型评估指标汇总:
      Accuracy     AUC    Loss
Round                         
1       0.6362  0.9184  1.0753
2       0.7241  0.9451  0.7141
3       0.7678  0.9580  0.5718
4       0.7793  0.9641  0.5367
5       0.8090  0.9717  0.4058
6       0.8174  0.9748  0.3640
7       0.8360  0.9784  0.3141
8       0.8303  0.9776  0.3220
9       0.8504  0.9821  0.2520
10      0.8495  0.9824  0.2562
11      0.8586  0.9844  0.2024
2025-12-02 03:10:00 - INFO - [server_grpc.py:268] - 向客户端 2 提供第11轮全局模型
2025-12-02 03:10:00 - INFO - [server_grpc.py:268] - 向客户端 1 提供第11轮全局模型
2025-12-02 03:10:00 - INFO - [server_grpc.py:268] - 向客户端 3 提供第11轮全局模型
