2025-12-02 03:53:38 - INFO - [logging_config.py:70] - 日志文件已创建: logs/server_sgx.log
2025-12-02 03:53:38 - INFO - [server_grpc.py:69] - 服务器配置: Dataset=cifar10, Model=resnet18
2025-12-02 03:53:38 - INFO - [sgx_aggregation_strategy.py:55] - 正在从enclave请求初始证明数据...
2025-12-02 03:53:38 - INFO - [sgx_aggregation_strategy.py:31] - 正在尝试连接到SGX聚合器enclave at aggregator:8000...
2025-12-02 03:53:38 - WARNING - [sgx_aggregation_strategy.py:39] - 连接enclave失败: [Errno 111] Connection refused。等待聚合器启动... (1/20)
2025-12-02 03:53:40 - WARNING - [sgx_aggregation_strategy.py:39] - 连接enclave失败: [Errno 111] Connection refused。等待聚合器启动... (2/20)
2025-12-02 03:53:42 - WARNING - [sgx_aggregation_strategy.py:39] - 连接enclave失败: [Errno 111] Connection refused。等待聚合器启动... (3/20)
2025-12-02 03:53:44 - INFO - [sgx_aggregation_strategy.py:36] - ✅ 成功连接到SGX聚合器enclave。
2025-12-02 03:53:44 - INFO - [sgx_aggregation_strategy.py:60] - ✅ 已从enclave收到公钥和quote。
2025-12-02 03:53:44 - INFO - [server_grpc.py:97] - 服务器初始化完成 (模式: sgx)，等待 3 个客户端注册...
2025-12-02 03:53:44 - INFO - [server_grpc.py:394] - 联邦学习安全服务器正在启动，监听端口: 50051
2025-12-02 03:54:22 - INFO - [server_grpc.py:116] - 接收到客户端 1 的注册请求 (模型: resnet18, 数据量: 16000)
2025-12-02 03:54:22 - INFO - [server_grpc.py:125] - 客户端 1 注册成功。当前 1/3 个客户端。
2025-12-02 03:54:23 - INFO - [server_grpc.py:116] - 接收到客户端 3 的注册请求 (模型: resnet18, 数据量: 16000)
2025-12-02 03:54:23 - INFO - [server_grpc.py:125] - 客户端 3 注册成功。当前 2/3 个客户端。
2025-12-02 03:54:23 - INFO - [server_grpc.py:116] - 接收到客户端 2 的注册请求 (模型: resnet18, 数据量: 16000)
2025-12-02 03:54:23 - INFO - [server_grpc.py:125] - 客户端 2 注册成功。当前 3/3 个客户端。
2025-12-02 03:54:24 - INFO - [server_grpc.py:131] - 所有客户端已注册，设置 next_step=True，准备开始训练。
2025-12-02 03:54:24 - INFO - [server_grpc.py:134] - 联邦学习流程计时开始
2025-12-02 03:54:34 - INFO - [server_grpc.py:146] - 客户端 1 开始订阅训练状态
2025-12-02 03:54:35 - INFO - [server_grpc.py:146] - 客户端 2 开始订阅训练状态
2025-12-02 03:54:36 - INFO - [server_grpc.py:146] - 客户端 3 开始订阅训练状态
2025-12-02 03:55:01 - INFO - [server_grpc.py:217] - [Round 1] 收到来自客户端 1 的更新，数据大小: 21851.44 KB
2025-12-02 03:55:01 - INFO - [sgx_aggregation_strategy.py:92] - 已收到并存储来自客户端 1 的第 1 轮SGX更新。
2025-12-02 03:55:01 - INFO - [server_grpc.py:146] - 客户端 1 开始订阅训练状态
2025-12-02 03:55:04 - INFO - [server_grpc.py:217] - [Round 1] 收到来自客户端 2 的更新，数据大小: 21851.44 KB
2025-12-02 03:55:04 - INFO - [sgx_aggregation_strategy.py:92] - 已收到并存储来自客户端 2 的第 1 轮SGX更新。
2025-12-02 03:55:04 - INFO - [server_grpc.py:146] - 客户端 2 开始订阅训练状态
2025-12-02 03:55:04 - INFO - [server_grpc.py:217] - [Round 1] 收到来自客户端 3 的更新，数据大小: 21851.44 KB
2025-12-02 03:55:04 - INFO - [sgx_aggregation_strategy.py:92] - 已收到并存储来自客户端 3 的第 1 轮SGX更新。
2025-12-02 03:55:04 - INFO - [server_grpc.py:280] - [Round 1] 所有客户端参数已收集完毕，开始聚合。
2025-12-02 03:55:04 - INFO - [sgx_aggregation_strategy.py:104] - [第 1 轮] 正在将聚合任务委托给SGX enclave（流式模式）。
2025-12-02 03:55:04 - INFO - [sgx_aggregation_strategy.py:31] - 正在尝试连接到SGX聚合器enclave at aggregator:8000...
2025-12-02 03:55:04 - INFO - [sgx_aggregation_strategy.py:36] - ✅ 成功连接到SGX聚合器enclave。
2025-12-02 03:55:04 - INFO - [sgx_aggregation_strategy.py:119] - 📤 开始流式发送 3 个客户端的数据...
2025-12-02 03:55:04 - INFO - [server_grpc.py:146] - 客户端 3 开始订阅训练状态
2025-12-02 03:55:05 - INFO - [sgx_aggregation_strategy.py:140] - 📤 已发送客户端 1/3 的数据 (21.34 MB)
2025-12-02 03:55:05 - INFO - [sgx_aggregation_strategy.py:140] - 📤 已发送客户端 2/3 的数据 (21.34 MB)
2025-12-02 03:55:07 - INFO - [sgx_aggregation_strategy.py:140] - 📤 已发送客户端 3/3 的数据 (21.34 MB)
2025-12-02 03:55:07 - INFO - [sgx_aggregation_strategy.py:142] - 📤 所有客户端数据已发送，等待Enclave处理结果...
2025-12-02 03:55:16 - INFO - [sgx_aggregation_strategy.py:155] - ✅ 已从SGX enclave收到聚合后的参数和指标。
2025-12-02 03:55:16 - INFO - [server_grpc.py:302] - [Round 1] Server Process (Host) Resources - CPU Time: 7.0600s, Memory Usage: 912.81 MB (See previous log for Enclave resources)
2025-12-02 03:55:16 - INFO - [server_grpc.py:306] - [Round 1] 全局模型参数更新完成。
2025-12-02 03:55:16 - INFO - [sgx_aggregation_strategy.py:183] - [第 1 轮] 全局指标 - 准确率: 0.6776, AUC: 0.9328, 损失: 0.9055
2025-12-02 03:55:16 - INFO - [sgx_aggregation_strategy.py:184] - [第 1 轮] Enclave资源 - CPU耗时: 0.0000s, 内存使用: 299.78 MB
2025-12-02 03:55:16 - INFO - [server_grpc.py:352] - 第 1 轮聚合完成，进入第 2 轮。
2025-12-02 03:55:16 - INFO - [server_grpc.py:268] - 向客户端 2 提供第1轮全局模型
2025-12-02 03:55:16 - INFO - [server_grpc.py:268] - 向客户端 1 提供第1轮全局模型
2025-12-02 03:55:16 - INFO - [server_grpc.py:268] - 向客户端 3 提供第1轮全局模型
2025-12-02 03:55:52 - INFO - [server_grpc.py:217] - [Round 2] 收到来自客户端 2 的更新，数据大小: 21851.44 KB
2025-12-02 03:55:52 - INFO - [sgx_aggregation_strategy.py:92] - 已收到并存储来自客户端 2 的第 2 轮SGX更新。
2025-12-02 03:55:52 - INFO - [server_grpc.py:146] - 客户端 2 开始订阅训练状态
2025-12-02 03:55:56 - INFO - [server_grpc.py:217] - [Round 2] 收到来自客户端 1 的更新，数据大小: 21851.44 KB
2025-12-02 03:55:56 - INFO - [sgx_aggregation_strategy.py:92] - 已收到并存储来自客户端 1 的第 2 轮SGX更新。
2025-12-02 03:55:56 - INFO - [server_grpc.py:146] - 客户端 1 开始订阅训练状态
2025-12-02 03:55:57 - INFO - [server_grpc.py:217] - [Round 2] 收到来自客户端 3 的更新，数据大小: 21851.44 KB
2025-12-02 03:55:57 - INFO - [sgx_aggregation_strategy.py:92] - 已收到并存储来自客户端 3 的第 2 轮SGX更新。
2025-12-02 03:55:57 - INFO - [server_grpc.py:280] - [Round 2] 所有客户端参数已收集完毕，开始聚合。
2025-12-02 03:55:57 - INFO - [sgx_aggregation_strategy.py:104] - [第 2 轮] 正在将聚合任务委托给SGX enclave（流式模式）。
2025-12-02 03:55:57 - INFO - [sgx_aggregation_strategy.py:31] - 正在尝试连接到SGX聚合器enclave at aggregator:8000...
2025-12-02 03:55:57 - INFO - [sgx_aggregation_strategy.py:36] - ✅ 成功连接到SGX聚合器enclave。
2025-12-02 03:55:57 - INFO - [server_grpc.py:146] - 客户端 3 开始订阅训练状态
2025-12-02 03:55:57 - INFO - [sgx_aggregation_strategy.py:119] - 📤 开始流式发送 3 个客户端的数据...
2025-12-02 03:55:57 - INFO - [sgx_aggregation_strategy.py:140] - 📤 已发送客户端 1/3 的数据 (21.34 MB)
2025-12-02 03:55:58 - INFO - [sgx_aggregation_strategy.py:140] - 📤 已发送客户端 2/3 的数据 (21.34 MB)
2025-12-02 03:55:59 - INFO - [sgx_aggregation_strategy.py:140] - 📤 已发送客户端 3/3 的数据 (21.34 MB)
2025-12-02 03:55:59 - INFO - [sgx_aggregation_strategy.py:142] - 📤 所有客户端数据已发送，等待Enclave处理结果...
2025-12-02 03:56:05 - INFO - [sgx_aggregation_strategy.py:155] - ✅ 已从SGX enclave收到聚合后的参数和指标。
2025-12-02 03:56:05 - INFO - [server_grpc.py:302] - [Round 2] Server Process (Host) Resources - CPU Time: 4.5500s, Memory Usage: 959.47 MB (See previous log for Enclave resources)
2025-12-02 03:56:05 - INFO - [server_grpc.py:306] - [Round 2] 全局模型参数更新完成。
2025-12-02 03:56:05 - INFO - [sgx_aggregation_strategy.py:183] - [第 2 轮] 全局指标 - 准确率: 0.6799, AUC: 0.9381, 损失: 0.8746
2025-12-02 03:56:05 - INFO - [sgx_aggregation_strategy.py:184] - [第 2 轮] Enclave资源 - CPU耗时: 0.0000s, 内存使用: 385.21 MB
2025-12-02 03:56:05 - INFO - [server_grpc.py:352] - 第 2 轮聚合完成，进入第 3 轮。
2025-12-02 03:56:05 - INFO - [server_grpc.py:268] - 向客户端 3 提供第2轮全局模型
2025-12-02 03:56:06 - INFO - [server_grpc.py:268] - 向客户端 1 提供第2轮全局模型
2025-12-02 03:56:06 - INFO - [server_grpc.py:268] - 向客户端 2 提供第2轮全局模型
2025-12-02 03:56:42 - INFO - [server_grpc.py:217] - [Round 3] 收到来自客户端 3 的更新，数据大小: 21851.44 KB
2025-12-02 03:56:42 - INFO - [sgx_aggregation_strategy.py:92] - 已收到并存储来自客户端 3 的第 3 轮SGX更新。
2025-12-02 03:56:42 - INFO - [server_grpc.py:146] - 客户端 3 开始订阅训练状态
2025-12-02 03:56:46 - INFO - [server_grpc.py:217] - [Round 3] 收到来自客户端 1 的更新，数据大小: 21851.44 KB
2025-12-02 03:56:46 - INFO - [sgx_aggregation_strategy.py:92] - 已收到并存储来自客户端 1 的第 3 轮SGX更新。
2025-12-02 03:56:46 - INFO - [server_grpc.py:146] - 客户端 1 开始订阅训练状态
2025-12-02 03:56:46 - INFO - [server_grpc.py:217] - [Round 3] 收到来自客户端 2 的更新，数据大小: 21851.44 KB
2025-12-02 03:56:46 - INFO - [sgx_aggregation_strategy.py:92] - 已收到并存储来自客户端 2 的第 3 轮SGX更新。
2025-12-02 03:56:46 - INFO - [server_grpc.py:280] - [Round 3] 所有客户端参数已收集完毕，开始聚合。
2025-12-02 03:56:46 - INFO - [sgx_aggregation_strategy.py:104] - [第 3 轮] 正在将聚合任务委托给SGX enclave（流式模式）。
2025-12-02 03:56:46 - INFO - [sgx_aggregation_strategy.py:31] - 正在尝试连接到SGX聚合器enclave at aggregator:8000...
2025-12-02 03:56:46 - INFO - [sgx_aggregation_strategy.py:36] - ✅ 成功连接到SGX聚合器enclave。
2025-12-02 03:56:46 - INFO - [server_grpc.py:146] - 客户端 2 开始订阅训练状态
2025-12-02 03:56:46 - INFO - [sgx_aggregation_strategy.py:119] - 📤 开始流式发送 3 个客户端的数据...
2025-12-02 03:56:46 - INFO - [sgx_aggregation_strategy.py:140] - 📤 已发送客户端 1/3 的数据 (21.34 MB)
2025-12-02 03:56:47 - INFO - [sgx_aggregation_strategy.py:140] - 📤 已发送客户端 2/3 的数据 (21.34 MB)
2025-12-02 03:56:49 - INFO - [sgx_aggregation_strategy.py:140] - 📤 已发送客户端 3/3 的数据 (21.34 MB)
2025-12-02 03:56:49 - INFO - [sgx_aggregation_strategy.py:142] - 📤 所有客户端数据已发送，等待Enclave处理结果...
2025-12-02 03:56:55 - INFO - [sgx_aggregation_strategy.py:155] - ✅ 已从SGX enclave收到聚合后的参数和指标。
2025-12-02 03:56:55 - INFO - [server_grpc.py:302] - [Round 3] Server Process (Host) Resources - CPU Time: 4.5000s, Memory Usage: 1034.44 MB (See previous log for Enclave resources)
2025-12-02 03:56:55 - INFO - [server_grpc.py:306] - [Round 3] 全局模型参数更新完成。
2025-12-02 03:56:55 - INFO - [sgx_aggregation_strategy.py:183] - [第 3 轮] 全局指标 - 准确率: 0.7702, AUC: 0.9567, 损失: 0.5453
2025-12-02 03:56:55 - INFO - [sgx_aggregation_strategy.py:184] - [第 3 轮] Enclave资源 - CPU耗时: 0.0000s, 内存使用: 385.21 MB
2025-12-02 03:56:55 - INFO - [server_grpc.py:352] - 第 3 轮聚合完成，进入第 4 轮。
2025-12-02 03:56:55 - INFO - [server_grpc.py:268] - 向客户端 1 提供第3轮全局模型
2025-12-02 03:56:55 - INFO - [server_grpc.py:268] - 向客户端 2 提供第3轮全局模型
2025-12-02 03:56:56 - INFO - [server_grpc.py:268] - 向客户端 3 提供第3轮全局模型
2025-12-02 03:57:39 - INFO - [server_grpc.py:217] - [Round 4] 收到来自客户端 1 的更新，数据大小: 21851.44 KB
2025-12-02 03:57:39 - INFO - [sgx_aggregation_strategy.py:92] - 已收到并存储来自客户端 1 的第 4 轮SGX更新。
2025-12-02 03:57:40 - INFO - [server_grpc.py:146] - 客户端 1 开始订阅训练状态
2025-12-02 03:57:40 - INFO - [server_grpc.py:217] - [Round 4] 收到来自客户端 3 的更新，数据大小: 21851.44 KB
2025-12-02 03:57:40 - INFO - [sgx_aggregation_strategy.py:92] - 已收到并存储来自客户端 3 的第 4 轮SGX更新。
2025-12-02 03:57:40 - INFO - [server_grpc.py:146] - 客户端 3 开始订阅训练状态
2025-12-02 03:57:41 - INFO - [server_grpc.py:217] - [Round 4] 收到来自客户端 2 的更新，数据大小: 21851.44 KB
2025-12-02 03:57:41 - INFO - [sgx_aggregation_strategy.py:92] - 已收到并存储来自客户端 2 的第 4 轮SGX更新。
2025-12-02 03:57:41 - INFO - [server_grpc.py:280] - [Round 4] 所有客户端参数已收集完毕，开始聚合。
2025-12-02 03:57:41 - INFO - [sgx_aggregation_strategy.py:104] - [第 4 轮] 正在将聚合任务委托给SGX enclave（流式模式）。
2025-12-02 03:57:41 - INFO - [sgx_aggregation_strategy.py:31] - 正在尝试连接到SGX聚合器enclave at aggregator:8000...
2025-12-02 03:57:41 - INFO - [sgx_aggregation_strategy.py:36] - ✅ 成功连接到SGX聚合器enclave。
2025-12-02 03:57:41 - INFO - [server_grpc.py:146] - 客户端 2 开始订阅训练状态
2025-12-02 03:57:41 - INFO - [sgx_aggregation_strategy.py:119] - 📤 开始流式发送 3 个客户端的数据...
2025-12-02 03:57:41 - INFO - [sgx_aggregation_strategy.py:140] - 📤 已发送客户端 1/3 的数据 (21.34 MB)
2025-12-02 03:57:42 - INFO - [sgx_aggregation_strategy.py:140] - 📤 已发送客户端 2/3 的数据 (21.34 MB)
2025-12-02 03:57:43 - INFO - [sgx_aggregation_strategy.py:140] - 📤 已发送客户端 3/3 的数据 (21.34 MB)
2025-12-02 03:57:43 - INFO - [sgx_aggregation_strategy.py:142] - 📤 所有客户端数据已发送，等待Enclave处理结果...
2025-12-02 03:57:52 - INFO - [sgx_aggregation_strategy.py:155] - ✅ 已从SGX enclave收到聚合后的参数和指标。
2025-12-02 03:57:52 - INFO - [server_grpc.py:302] - [Round 4] Server Process (Host) Resources - CPU Time: 6.5000s, Memory Usage: 1055.07 MB (See previous log for Enclave resources)
2025-12-02 03:57:52 - INFO - [server_grpc.py:306] - [Round 4] 全局模型参数更新完成。
2025-12-02 03:57:52 - INFO - [sgx_aggregation_strategy.py:183] - [第 4 轮] 全局指标 - 准确率: 0.7939, AUC: 0.9675, 损失: 0.4764
2025-12-02 03:57:52 - INFO - [sgx_aggregation_strategy.py:184] - [第 4 轮] Enclave资源 - CPU耗时: 0.0000s, 内存使用: 385.21 MB
2025-12-02 03:57:52 - INFO - [server_grpc.py:352] - 第 4 轮聚合完成，进入第 5 轮。
2025-12-02 03:57:52 - INFO - [server_grpc.py:268] - 向客户端 2 提供第4轮全局模型
2025-12-02 03:57:52 - INFO - [server_grpc.py:268] - 向客户端 3 提供第4轮全局模型
2025-12-02 03:57:53 - INFO - [server_grpc.py:268] - 向客户端 1 提供第4轮全局模型
2025-12-02 03:58:29 - INFO - [server_grpc.py:217] - [Round 5] 收到来自客户端 2 的更新，数据大小: 21851.44 KB
2025-12-02 03:58:29 - INFO - [sgx_aggregation_strategy.py:92] - 已收到并存储来自客户端 2 的第 5 轮SGX更新。
2025-12-02 03:58:29 - INFO - [server_grpc.py:146] - 客户端 2 开始订阅训练状态
2025-12-02 03:58:33 - INFO - [server_grpc.py:217] - [Round 5] 收到来自客户端 1 的更新，数据大小: 21851.44 KB
2025-12-02 03:58:33 - INFO - [sgx_aggregation_strategy.py:92] - 已收到并存储来自客户端 1 的第 5 轮SGX更新。
2025-12-02 03:58:33 - INFO - [server_grpc.py:146] - 客户端 1 开始订阅训练状态
2025-12-02 03:58:34 - INFO - [server_grpc.py:217] - [Round 5] 收到来自客户端 3 的更新，数据大小: 21851.44 KB
2025-12-02 03:58:34 - INFO - [sgx_aggregation_strategy.py:92] - 已收到并存储来自客户端 3 的第 5 轮SGX更新。
2025-12-02 03:58:34 - INFO - [server_grpc.py:280] - [Round 5] 所有客户端参数已收集完毕，开始聚合。
2025-12-02 03:58:34 - INFO - [sgx_aggregation_strategy.py:104] - [第 5 轮] 正在将聚合任务委托给SGX enclave（流式模式）。
2025-12-02 03:58:34 - INFO - [sgx_aggregation_strategy.py:31] - 正在尝试连接到SGX聚合器enclave at aggregator:8000...
2025-12-02 03:58:34 - INFO - [server_grpc.py:146] - 客户端 3 开始订阅训练状态
2025-12-02 03:58:34 - INFO - [sgx_aggregation_strategy.py:36] - ✅ 成功连接到SGX聚合器enclave。
2025-12-02 03:58:34 - INFO - [sgx_aggregation_strategy.py:119] - 📤 开始流式发送 3 个客户端的数据...
2025-12-02 03:58:34 - INFO - [sgx_aggregation_strategy.py:140] - 📤 已发送客户端 1/3 的数据 (21.34 MB)
2025-12-02 03:58:35 - INFO - [sgx_aggregation_strategy.py:140] - 📤 已发送客户端 2/3 的数据 (21.34 MB)
2025-12-02 03:58:36 - INFO - [sgx_aggregation_strategy.py:140] - 📤 已发送客户端 3/3 的数据 (21.34 MB)
2025-12-02 03:58:36 - INFO - [sgx_aggregation_strategy.py:142] - 📤 所有客户端数据已发送，等待Enclave处理结果...
2025-12-02 03:58:41 - INFO - [sgx_aggregation_strategy.py:155] - ✅ 已从SGX enclave收到聚合后的参数和指标。
2025-12-02 03:58:41 - INFO - [server_grpc.py:302] - [Round 5] Server Process (Host) Resources - CPU Time: 4.0600s, Memory Usage: 1108.38 MB (See previous log for Enclave resources)
2025-12-02 03:58:41 - INFO - [server_grpc.py:306] - [Round 5] 全局模型参数更新完成。
2025-12-02 03:58:41 - INFO - [sgx_aggregation_strategy.py:183] - [第 5 轮] 全局指标 - 准确率: 0.8172, AUC: 0.9717, 损失: 0.3950
2025-12-02 03:58:41 - INFO - [sgx_aggregation_strategy.py:184] - [第 5 轮] Enclave资源 - CPU耗时: 0.0000s, 内存使用: 385.21 MB
2025-12-02 03:58:41 - INFO - [server_grpc.py:352] - 第 5 轮聚合完成，进入第 6 轮。
2025-12-02 03:58:41 - INFO - [server_grpc.py:268] - 向客户端 1 提供第5轮全局模型
2025-12-02 03:58:42 - INFO - [server_grpc.py:268] - 向客户端 3 提供第5轮全局模型
2025-12-02 03:58:42 - INFO - [server_grpc.py:268] - 向客户端 2 提供第5轮全局模型
2025-12-02 03:59:24 - INFO - [server_grpc.py:217] - [Round 6] 收到来自客户端 3 的更新，数据大小: 21851.44 KB
2025-12-02 03:59:24 - INFO - [sgx_aggregation_strategy.py:92] - 已收到并存储来自客户端 3 的第 6 轮SGX更新。
2025-12-02 03:59:24 - INFO - [server_grpc.py:146] - 客户端 3 开始订阅训练状态
2025-12-02 03:59:25 - INFO - [server_grpc.py:217] - [Round 6] 收到来自客户端 1 的更新，数据大小: 21851.44 KB
2025-12-02 03:59:25 - INFO - [sgx_aggregation_strategy.py:92] - 已收到并存储来自客户端 1 的第 6 轮SGX更新。
2025-12-02 03:59:25 - INFO - [server_grpc.py:217] - [Round 6] 收到来自客户端 2 的更新，数据大小: 21851.44 KB
2025-12-02 03:59:25 - INFO - [sgx_aggregation_strategy.py:92] - 已收到并存储来自客户端 2 的第 6 轮SGX更新。
2025-12-02 03:59:25 - INFO - [server_grpc.py:280] - [Round 6] 所有客户端参数已收集完毕，开始聚合。
2025-12-02 03:59:25 - INFO - [server_grpc.py:146] - 客户端 1 开始订阅训练状态
2025-12-02 03:59:25 - INFO - [sgx_aggregation_strategy.py:104] - [第 6 轮] 正在将聚合任务委托给SGX enclave（流式模式）。
2025-12-02 03:59:25 - INFO - [sgx_aggregation_strategy.py:31] - 正在尝试连接到SGX聚合器enclave at aggregator:8000...
2025-12-02 03:59:25 - INFO - [server_grpc.py:146] - 客户端 2 开始订阅训练状态
2025-12-02 03:59:25 - INFO - [sgx_aggregation_strategy.py:36] - ✅ 成功连接到SGX聚合器enclave。
2025-12-02 03:59:25 - INFO - [sgx_aggregation_strategy.py:119] - 📤 开始流式发送 3 个客户端的数据...
2025-12-02 03:59:25 - INFO - [sgx_aggregation_strategy.py:140] - 📤 已发送客户端 1/3 的数据 (21.34 MB)
2025-12-02 03:59:26 - INFO - [sgx_aggregation_strategy.py:140] - 📤 已发送客户端 2/3 的数据 (21.34 MB)
2025-12-02 03:59:27 - INFO - [sgx_aggregation_strategy.py:140] - 📤 已发送客户端 3/3 的数据 (21.34 MB)
2025-12-02 03:59:27 - INFO - [sgx_aggregation_strategy.py:142] - 📤 所有客户端数据已发送，等待Enclave处理结果...
2025-12-02 03:59:34 - INFO - [sgx_aggregation_strategy.py:155] - ✅ 已从SGX enclave收到聚合后的参数和指标。
2025-12-02 03:59:34 - INFO - [server_grpc.py:302] - [Round 6] Server Process (Host) Resources - CPU Time: 4.3900s, Memory Usage: 1084.13 MB (See previous log for Enclave resources)
2025-12-02 03:59:34 - INFO - [server_grpc.py:306] - [Round 6] 全局模型参数更新完成。
2025-12-02 03:59:34 - INFO - [sgx_aggregation_strategy.py:183] - [第 6 轮] 全局指标 - 准确率: 0.8052, AUC: 0.9736, 损失: 0.3974
2025-12-02 03:59:34 - INFO - [sgx_aggregation_strategy.py:184] - [第 6 轮] Enclave资源 - CPU耗时: 0.0000s, 内存使用: 385.21 MB
2025-12-02 03:59:34 - INFO - [server_grpc.py:352] - 第 6 轮聚合完成，进入第 7 轮。
2025-12-02 03:59:34 - INFO - [server_grpc.py:268] - 向客户端 2 提供第6轮全局模型
2025-12-02 03:59:34 - INFO - [server_grpc.py:268] - 向客户端 3 提供第6轮全局模型
2025-12-02 03:59:34 - INFO - [server_grpc.py:268] - 向客户端 1 提供第6轮全局模型
2025-12-02 04:00:18 - INFO - [server_grpc.py:217] - [Round 7] 收到来自客户端 3 的更新，数据大小: 21851.44 KB
2025-12-02 04:00:18 - INFO - [sgx_aggregation_strategy.py:92] - 已收到并存储来自客户端 3 的第 7 轮SGX更新。
2025-12-02 04:00:18 - INFO - [server_grpc.py:217] - [Round 7] 收到来自客户端 2 的更新，数据大小: 21851.44 KB
2025-12-02 04:00:18 - INFO - [sgx_aggregation_strategy.py:92] - 已收到并存储来自客户端 2 的第 7 轮SGX更新。
2025-12-02 04:00:18 - INFO - [server_grpc.py:146] - 客户端 3 开始订阅训练状态
2025-12-02 04:00:19 - INFO - [server_grpc.py:217] - [Round 7] 收到来自客户端 1 的更新，数据大小: 21851.44 KB
2025-12-02 04:00:19 - INFO - [sgx_aggregation_strategy.py:92] - 已收到并存储来自客户端 1 的第 7 轮SGX更新。
2025-12-02 04:00:19 - INFO - [server_grpc.py:280] - [Round 7] 所有客户端参数已收集完毕，开始聚合。
2025-12-02 04:00:19 - INFO - [server_grpc.py:146] - 客户端 2 开始订阅训练状态
2025-12-02 04:00:19 - INFO - [sgx_aggregation_strategy.py:104] - [第 7 轮] 正在将聚合任务委托给SGX enclave（流式模式）。
2025-12-02 04:00:19 - INFO - [sgx_aggregation_strategy.py:31] - 正在尝试连接到SGX聚合器enclave at aggregator:8000...
2025-12-02 04:00:19 - INFO - [server_grpc.py:146] - 客户端 1 开始订阅训练状态
2025-12-02 04:00:19 - INFO - [sgx_aggregation_strategy.py:36] - ✅ 成功连接到SGX聚合器enclave。
2025-12-02 04:00:19 - INFO - [sgx_aggregation_strategy.py:119] - 📤 开始流式发送 3 个客户端的数据...
2025-12-02 04:00:19 - INFO - [sgx_aggregation_strategy.py:140] - 📤 已发送客户端 1/3 的数据 (21.34 MB)
2025-12-02 04:00:20 - INFO - [sgx_aggregation_strategy.py:140] - 📤 已发送客户端 2/3 的数据 (21.34 MB)
2025-12-02 04:00:21 - INFO - [sgx_aggregation_strategy.py:140] - 📤 已发送客户端 3/3 的数据 (21.34 MB)
2025-12-02 04:00:21 - INFO - [sgx_aggregation_strategy.py:142] - 📤 所有客户端数据已发送，等待Enclave处理结果...
2025-12-02 04:00:30 - INFO - [sgx_aggregation_strategy.py:155] - ✅ 已从SGX enclave收到聚合后的参数和指标。
2025-12-02 04:00:30 - INFO - [server_grpc.py:302] - [Round 7] Server Process (Host) Resources - CPU Time: 6.8100s, Memory Usage: 1054.16 MB (See previous log for Enclave resources)
2025-12-02 04:00:30 - INFO - [server_grpc.py:306] - [Round 7] 全局模型参数更新完成。
2025-12-02 04:00:30 - INFO - [sgx_aggregation_strategy.py:183] - [第 7 轮] 全局指标 - 准确率: 0.8277, AUC: 0.9762, 损失: 0.3285
2025-12-02 04:00:30 - INFO - [sgx_aggregation_strategy.py:184] - [第 7 轮] Enclave资源 - CPU耗时: 0.0000s, 内存使用: 385.21 MB
2025-12-02 04:00:30 - INFO - [server_grpc.py:352] - 第 7 轮聚合完成，进入第 8 轮。
2025-12-02 04:00:30 - INFO - [server_grpc.py:268] - 向客户端 1 提供第7轮全局模型
2025-12-02 04:00:31 - INFO - [server_grpc.py:268] - 向客户端 3 提供第7轮全局模型
2025-12-02 04:00:31 - INFO - [server_grpc.py:268] - 向客户端 2 提供第7轮全局模型
2025-12-02 04:01:12 - INFO - [server_grpc.py:217] - [Round 8] 收到来自客户端 1 的更新，数据大小: 21851.44 KB
2025-12-02 04:01:12 - INFO - [sgx_aggregation_strategy.py:92] - 已收到并存储来自客户端 1 的第 8 轮SGX更新。
2025-12-02 04:01:12 - INFO - [server_grpc.py:146] - 客户端 1 开始订阅训练状态
2025-12-02 04:01:14 - INFO - [server_grpc.py:217] - [Round 8] 收到来自客户端 3 的更新，数据大小: 21851.44 KB
2025-12-02 04:01:14 - INFO - [sgx_aggregation_strategy.py:92] - 已收到并存储来自客户端 3 的第 8 轮SGX更新。
2025-12-02 04:01:14 - INFO - [server_grpc.py:146] - 客户端 3 开始订阅训练状态
2025-12-02 04:01:14 - INFO - [server_grpc.py:217] - [Round 8] 收到来自客户端 2 的更新，数据大小: 21851.44 KB
2025-12-02 04:01:14 - INFO - [sgx_aggregation_strategy.py:92] - 已收到并存储来自客户端 2 的第 8 轮SGX更新。
2025-12-02 04:01:15 - INFO - [server_grpc.py:280] - [Round 8] 所有客户端参数已收集完毕，开始聚合。
2025-12-02 04:01:15 - INFO - [sgx_aggregation_strategy.py:104] - [第 8 轮] 正在将聚合任务委托给SGX enclave（流式模式）。
2025-12-02 04:01:15 - INFO - [sgx_aggregation_strategy.py:31] - 正在尝试连接到SGX聚合器enclave at aggregator:8000...
2025-12-02 04:01:15 - INFO - [sgx_aggregation_strategy.py:36] - ✅ 成功连接到SGX聚合器enclave。
2025-12-02 04:01:15 - INFO - [server_grpc.py:146] - 客户端 2 开始订阅训练状态
2025-12-02 04:01:15 - INFO - [sgx_aggregation_strategy.py:119] - 📤 开始流式发送 3 个客户端的数据...
2025-12-02 04:01:15 - INFO - [sgx_aggregation_strategy.py:140] - 📤 已发送客户端 1/3 的数据 (21.34 MB)
2025-12-02 04:01:16 - INFO - [sgx_aggregation_strategy.py:140] - 📤 已发送客户端 2/3 的数据 (21.34 MB)
2025-12-02 04:01:17 - INFO - [sgx_aggregation_strategy.py:140] - 📤 已发送客户端 3/3 的数据 (21.34 MB)
2025-12-02 04:01:17 - INFO - [sgx_aggregation_strategy.py:142] - 📤 所有客户端数据已发送，等待Enclave处理结果...
2025-12-02 04:01:24 - INFO - [sgx_aggregation_strategy.py:155] - ✅ 已从SGX enclave收到聚合后的参数和指标。
2025-12-02 04:01:24 - INFO - [server_grpc.py:302] - [Round 8] Server Process (Host) Resources - CPU Time: 4.8100s, Memory Usage: 1062.50 MB (See previous log for Enclave resources)
2025-12-02 04:01:24 - INFO - [server_grpc.py:306] - [Round 8] 全局模型参数更新完成。
2025-12-02 04:01:24 - INFO - [sgx_aggregation_strategy.py:183] - [第 8 轮] 全局指标 - 准确率: 0.8258, AUC: 0.9779, 损失: 0.3185
2025-12-02 04:01:24 - INFO - [sgx_aggregation_strategy.py:184] - [第 8 轮] Enclave资源 - CPU耗时: 0.0000s, 内存使用: 385.21 MB
2025-12-02 04:01:24 - INFO - [server_grpc.py:352] - 第 8 轮聚合完成，进入第 9 轮。
2025-12-02 04:01:24 - INFO - [server_grpc.py:268] - 向客户端 2 提供第8轮全局模型
2025-12-02 04:01:24 - INFO - [server_grpc.py:268] - 向客户端 3 提供第8轮全局模型
2025-12-02 04:01:24 - INFO - [server_grpc.py:268] - 向客户端 1 提供第8轮全局模型
2025-12-02 04:02:07 - INFO - [server_grpc.py:217] - [Round 9] 收到来自客户端 3 的更新，数据大小: 21851.44 KB
2025-12-02 04:02:07 - INFO - [sgx_aggregation_strategy.py:92] - 已收到并存储来自客户端 3 的第 9 轮SGX更新。
2025-12-02 04:02:07 - INFO - [server_grpc.py:217] - [Round 9] 收到来自客户端 2 的更新，数据大小: 21851.44 KB
2025-12-02 04:02:07 - INFO - [sgx_aggregation_strategy.py:92] - 已收到并存储来自客户端 2 的第 9 轮SGX更新。
2025-12-02 04:02:07 - INFO - [server_grpc.py:146] - 客户端 3 开始订阅训练状态
2025-12-02 04:02:07 - INFO - [server_grpc.py:146] - 客户端 2 开始订阅训练状态
2025-12-02 04:02:08 - INFO - [server_grpc.py:217] - [Round 9] 收到来自客户端 1 的更新，数据大小: 21851.44 KB
2025-12-02 04:02:08 - INFO - [sgx_aggregation_strategy.py:92] - 已收到并存储来自客户端 1 的第 9 轮SGX更新。
2025-12-02 04:02:08 - INFO - [server_grpc.py:280] - [Round 9] 所有客户端参数已收集完毕，开始聚合。
2025-12-02 04:02:08 - INFO - [sgx_aggregation_strategy.py:104] - [第 9 轮] 正在将聚合任务委托给SGX enclave（流式模式）。
2025-12-02 04:02:08 - INFO - [sgx_aggregation_strategy.py:31] - 正在尝试连接到SGX聚合器enclave at aggregator:8000...
2025-12-02 04:02:08 - INFO - [server_grpc.py:146] - 客户端 1 开始订阅训练状态
2025-12-02 04:02:08 - INFO - [sgx_aggregation_strategy.py:36] - ✅ 成功连接到SGX聚合器enclave。
2025-12-02 04:02:08 - INFO - [sgx_aggregation_strategy.py:119] - 📤 开始流式发送 3 个客户端的数据...
2025-12-02 04:02:08 - INFO - [sgx_aggregation_strategy.py:140] - 📤 已发送客户端 1/3 的数据 (21.34 MB)
2025-12-02 04:02:09 - INFO - [sgx_aggregation_strategy.py:140] - 📤 已发送客户端 2/3 的数据 (21.34 MB)
2025-12-02 04:02:10 - INFO - [sgx_aggregation_strategy.py:140] - 📤 已发送客户端 3/3 的数据 (21.34 MB)
2025-12-02 04:02:10 - INFO - [sgx_aggregation_strategy.py:142] - 📤 所有客户端数据已发送，等待Enclave处理结果...
2025-12-02 04:02:20 - INFO - [sgx_aggregation_strategy.py:155] - ✅ 已从SGX enclave收到聚合后的参数和指标。
2025-12-02 04:02:20 - INFO - [server_grpc.py:302] - [Round 9] Server Process (Host) Resources - CPU Time: 7.0600s, Memory Usage: 1105.53 MB (See previous log for Enclave resources)
2025-12-02 04:02:20 - INFO - [server_grpc.py:306] - [Round 9] 全局模型参数更新完成。
2025-12-02 04:02:20 - INFO - [sgx_aggregation_strategy.py:183] - [第 9 轮] 全局指标 - 准确率: 0.8598, AUC: 0.9841, 损失: 0.2314
2025-12-02 04:02:20 - INFO - [sgx_aggregation_strategy.py:184] - [第 9 轮] Enclave资源 - CPU耗时: 0.0000s, 内存使用: 385.21 MB
2025-12-02 04:02:20 - INFO - [server_grpc.py:352] - 第 9 轮聚合完成，进入第 10 轮。
2025-12-02 04:02:20 - INFO - [server_grpc.py:268] - 向客户端 1 提供第9轮全局模型
2025-12-02 04:02:20 - INFO - [server_grpc.py:268] - 向客户端 2 提供第9轮全局模型
2025-12-02 04:02:20 - INFO - [server_grpc.py:268] - 向客户端 3 提供第9轮全局模型
2025-12-02 04:03:00 - INFO - [server_grpc.py:217] - [Round 10] 收到来自客户端 2 的更新，数据大小: 21851.44 KB
2025-12-02 04:03:00 - INFO - [sgx_aggregation_strategy.py:92] - 已收到并存储来自客户端 2 的第 10 轮SGX更新。
2025-12-02 04:03:00 - INFO - [server_grpc.py:146] - 客户端 2 开始订阅训练状态
2025-12-02 04:03:01 - INFO - [server_grpc.py:217] - [Round 10] 收到来自客户端 1 的更新，数据大小: 21851.44 KB
2025-12-02 04:03:01 - INFO - [sgx_aggregation_strategy.py:92] - 已收到并存储来自客户端 1 的第 10 轮SGX更新。
2025-12-02 04:03:01 - INFO - [server_grpc.py:146] - 客户端 1 开始订阅训练状态
2025-12-02 04:03:01 - INFO - [server_grpc.py:217] - [Round 10] 收到来自客户端 3 的更新，数据大小: 21851.44 KB
2025-12-02 04:03:01 - INFO - [sgx_aggregation_strategy.py:92] - 已收到并存储来自客户端 3 的第 10 轮SGX更新。
2025-12-02 04:03:01 - INFO - [server_grpc.py:280] - [Round 10] 所有客户端参数已收集完毕，开始聚合。
2025-12-02 04:03:01 - INFO - [sgx_aggregation_strategy.py:104] - [第 10 轮] 正在将聚合任务委托给SGX enclave（流式模式）。
2025-12-02 04:03:01 - INFO - [sgx_aggregation_strategy.py:31] - 正在尝试连接到SGX聚合器enclave at aggregator:8000...
2025-12-02 04:03:01 - INFO - [sgx_aggregation_strategy.py:36] - ✅ 成功连接到SGX聚合器enclave。
2025-12-02 04:03:01 - INFO - [server_grpc.py:146] - 客户端 3 开始订阅训练状态
2025-12-02 04:03:01 - INFO - [sgx_aggregation_strategy.py:119] - 📤 开始流式发送 3 个客户端的数据...
2025-12-02 04:03:01 - INFO - [sgx_aggregation_strategy.py:140] - 📤 已发送客户端 1/3 的数据 (21.34 MB)
2025-12-02 04:03:02 - INFO - [sgx_aggregation_strategy.py:140] - 📤 已发送客户端 2/3 的数据 (21.34 MB)
2025-12-02 04:03:04 - INFO - [sgx_aggregation_strategy.py:140] - 📤 已发送客户端 3/3 的数据 (21.34 MB)
2025-12-02 04:03:04 - INFO - [sgx_aggregation_strategy.py:142] - 📤 所有客户端数据已发送，等待Enclave处理结果...
2025-12-02 04:03:11 - INFO - [sgx_aggregation_strategy.py:155] - ✅ 已从SGX enclave收到聚合后的参数和指标。
2025-12-02 04:03:11 - INFO - [server_grpc.py:302] - [Round 10] Server Process (Host) Resources - CPU Time: 4.8700s, Memory Usage: 1042.12 MB (See previous log for Enclave resources)
2025-12-02 04:03:11 - INFO - [server_grpc.py:306] - [Round 10] 全局模型参数更新完成。
2025-12-02 04:03:11 - INFO - [sgx_aggregation_strategy.py:183] - [第 10 轮] 全局指标 - 准确率: 0.8345, AUC: 0.9811, 损失: 0.2906
2025-12-02 04:03:11 - INFO - [sgx_aggregation_strategy.py:184] - [第 10 轮] Enclave资源 - CPU耗时: 0.0000s, 内存使用: 385.21 MB
2025-12-02 04:03:11 - INFO - [server_grpc.py:352] - 第 10 轮聚合完成，进入第 11 轮。
2025-12-02 04:03:11 - INFO - [server_grpc.py:268] - 向客户端 2 提供第10轮全局模型
2025-12-02 04:03:11 - INFO - [server_grpc.py:268] - 向客户端 1 提供第10轮全局模型
2025-12-02 04:03:11 - INFO - [server_grpc.py:268] - 向客户端 3 提供第10轮全局模型
2025-12-02 04:03:52 - INFO - [server_grpc.py:217] - [Round 11] 收到来自客户端 2 的更新，数据大小: 21851.44 KB
2025-12-02 04:03:52 - INFO - [sgx_aggregation_strategy.py:92] - 已收到并存储来自客户端 2 的第 11 轮SGX更新。
2025-12-02 04:03:52 - INFO - [server_grpc.py:146] - 客户端 2 开始订阅训练状态
2025-12-02 04:03:53 - INFO - [server_grpc.py:217] - [Round 11] 收到来自客户端 3 的更新，数据大小: 21851.44 KB
2025-12-02 04:03:53 - INFO - [sgx_aggregation_strategy.py:92] - 已收到并存储来自客户端 3 的第 11 轮SGX更新。
2025-12-02 04:03:53 - INFO - [server_grpc.py:146] - 客户端 3 开始订阅训练状态
2025-12-02 04:03:53 - INFO - [server_grpc.py:217] - [Round 11] 收到来自客户端 1 的更新，数据大小: 21851.44 KB
2025-12-02 04:03:53 - INFO - [sgx_aggregation_strategy.py:92] - 已收到并存储来自客户端 1 的第 11 轮SGX更新。
2025-12-02 04:03:53 - INFO - [server_grpc.py:280] - [Round 11] 所有客户端参数已收集完毕，开始聚合。
2025-12-02 04:03:53 - INFO - [sgx_aggregation_strategy.py:104] - [第 11 轮] 正在将聚合任务委托给SGX enclave（流式模式）。
2025-12-02 04:03:53 - INFO - [sgx_aggregation_strategy.py:31] - 正在尝试连接到SGX聚合器enclave at aggregator:8000...
2025-12-02 04:03:53 - INFO - [sgx_aggregation_strategy.py:36] - ✅ 成功连接到SGX聚合器enclave。
2025-12-02 04:03:53 - INFO - [server_grpc.py:146] - 客户端 1 开始订阅训练状态
2025-12-02 04:03:53 - INFO - [sgx_aggregation_strategy.py:119] - 📤 开始流式发送 3 个客户端的数据...
2025-12-02 04:03:53 - INFO - [sgx_aggregation_strategy.py:140] - 📤 已发送客户端 1/3 的数据 (21.34 MB)
2025-12-02 04:03:54 - INFO - [sgx_aggregation_strategy.py:140] - 📤 已发送客户端 2/3 的数据 (21.34 MB)
2025-12-02 04:03:55 - INFO - [sgx_aggregation_strategy.py:140] - 📤 已发送客户端 3/3 的数据 (21.34 MB)
2025-12-02 04:03:55 - INFO - [sgx_aggregation_strategy.py:142] - 📤 所有客户端数据已发送，等待Enclave处理结果...
2025-12-02 04:04:04 - INFO - [sgx_aggregation_strategy.py:155] - ✅ 已从SGX enclave收到聚合后的参数和指标。
2025-12-02 04:04:04 - INFO - [server_grpc.py:302] - [Round 11] Server Process (Host) Resources - CPU Time: 6.6700s, Memory Usage: 1127.19 MB (See previous log for Enclave resources)
2025-12-02 04:04:04 - INFO - [server_grpc.py:306] - [Round 11] 全局模型参数更新完成。
2025-12-02 04:04:04 - INFO - [sgx_aggregation_strategy.py:183] - [第 11 轮] 全局指标 - 准确率: 0.8578, AUC: 0.9845, 损失: 0.2175
2025-12-02 04:04:04 - INFO - [sgx_aggregation_strategy.py:184] - [第 11 轮] Enclave资源 - CPU耗时: 0.0000s, 内存使用: 385.21 MB
2025-12-02 04:04:04 - INFO - [server_grpc.py:352] - 第 11 轮聚合完成，进入第 12 轮。
2025-12-02 04:04:04 - INFO - [server_grpc.py:268] - 向客户端 2 提供第11轮全局模型
2025-12-02 04:04:05 - INFO - [server_grpc.py:268] - 向客户端 3 提供第11轮全局模型
2025-12-02 04:04:05 - INFO - [server_grpc.py:268] - 向客户端 1 提供第11轮全局模型
2025-12-02 04:04:41 - INFO - [server_grpc.py:217] - [Round 12] 收到来自客户端 2 的更新，数据大小: 21851.44 KB
2025-12-02 04:04:41 - INFO - [sgx_aggregation_strategy.py:92] - 已收到并存储来自客户端 2 的第 12 轮SGX更新。
2025-12-02 04:04:41 - INFO - [server_grpc.py:146] - 客户端 2 开始订阅训练状态
2025-12-02 04:04:43 - INFO - [server_grpc.py:217] - [Round 12] 收到来自客户端 3 的更新，数据大小: 21851.44 KB
2025-12-02 04:04:43 - INFO - [sgx_aggregation_strategy.py:92] - 已收到并存储来自客户端 3 的第 12 轮SGX更新。
2025-12-02 04:04:43 - INFO - [server_grpc.py:146] - 客户端 3 开始订阅训练状态
2025-12-02 04:04:43 - INFO - [server_grpc.py:217] - [Round 12] 收到来自客户端 1 的更新，数据大小: 21851.44 KB
2025-12-02 04:04:43 - INFO - [sgx_aggregation_strategy.py:92] - 已收到并存储来自客户端 1 的第 12 轮SGX更新。
2025-12-02 04:04:43 - INFO - [server_grpc.py:280] - [Round 12] 所有客户端参数已收集完毕，开始聚合。
2025-12-02 04:04:43 - INFO - [sgx_aggregation_strategy.py:104] - [第 12 轮] 正在将聚合任务委托给SGX enclave（流式模式）。
2025-12-02 04:04:43 - INFO - [sgx_aggregation_strategy.py:31] - 正在尝试连接到SGX聚合器enclave at aggregator:8000...
2025-12-02 04:04:43 - INFO - [sgx_aggregation_strategy.py:36] - ✅ 成功连接到SGX聚合器enclave。
2025-12-02 04:04:43 - INFO - [server_grpc.py:146] - 客户端 1 开始订阅训练状态
2025-12-02 04:04:43 - INFO - [sgx_aggregation_strategy.py:119] - 📤 开始流式发送 3 个客户端的数据...
2025-12-02 04:04:44 - INFO - [sgx_aggregation_strategy.py:140] - 📤 已发送客户端 1/3 的数据 (21.34 MB)
2025-12-02 04:04:44 - INFO - [sgx_aggregation_strategy.py:140] - 📤 已发送客户端 2/3 的数据 (21.34 MB)
2025-12-02 04:04:46 - INFO - [sgx_aggregation_strategy.py:140] - 📤 已发送客户端 3/3 的数据 (21.34 MB)
2025-12-02 04:04:46 - INFO - [sgx_aggregation_strategy.py:142] - 📤 所有客户端数据已发送，等待Enclave处理结果...
2025-12-02 04:04:53 - INFO - [sgx_aggregation_strategy.py:155] - ✅ 已从SGX enclave收到聚合后的参数和指标。
2025-12-02 04:04:53 - INFO - [server_grpc.py:302] - [Round 12] Server Process (Host) Resources - CPU Time: 5.4400s, Memory Usage: 1153.90 MB (See previous log for Enclave resources)
2025-12-02 04:04:53 - INFO - [server_grpc.py:306] - [Round 12] 全局模型参数更新完成。
2025-12-02 04:04:53 - INFO - [sgx_aggregation_strategy.py:183] - [第 12 轮] 全局指标 - 准确率: 0.8628, AUC: 0.9851, 损失: 0.2045
2025-12-02 04:04:53 - INFO - [sgx_aggregation_strategy.py:184] - [第 12 轮] Enclave资源 - CPU耗时: 0.0000s, 内存使用: 385.21 MB
2025-12-02 04:04:53 - INFO - [server_grpc.py:352] - 第 12 轮聚合完成，进入第 13 轮。
2025-12-02 04:04:53 - INFO - [server_grpc.py:268] - 向客户端 3 提供第12轮全局模型
2025-12-02 04:04:53 - INFO - [server_grpc.py:268] - 向客户端 2 提供第12轮全局模型
2025-12-02 04:04:53 - INFO - [server_grpc.py:268] - 向客户端 1 提供第12轮全局模型
2025-12-02 04:05:29 - INFO - [server_grpc.py:217] - [Round 13] 收到来自客户端 2 的更新，数据大小: 21851.44 KB
2025-12-02 04:05:29 - INFO - [sgx_aggregation_strategy.py:92] - 已收到并存储来自客户端 2 的第 13 轮SGX更新。
2025-12-02 04:05:29 - INFO - [server_grpc.py:146] - 客户端 2 开始订阅训练状态
2025-12-02 04:05:31 - INFO - [server_grpc.py:217] - [Round 13] 收到来自客户端 3 的更新，数据大小: 21851.44 KB
2025-12-02 04:05:31 - INFO - [sgx_aggregation_strategy.py:92] - 已收到并存储来自客户端 3 的第 13 轮SGX更新。
2025-12-02 04:05:31 - INFO - [server_grpc.py:146] - 客户端 3 开始订阅训练状态
2025-12-02 04:05:32 - INFO - [server_grpc.py:217] - [Round 13] 收到来自客户端 1 的更新，数据大小: 21851.44 KB
2025-12-02 04:05:32 - INFO - [sgx_aggregation_strategy.py:92] - 已收到并存储来自客户端 1 的第 13 轮SGX更新。
2025-12-02 04:05:32 - INFO - [server_grpc.py:280] - [Round 13] 所有客户端参数已收集完毕，开始聚合。
2025-12-02 04:05:32 - INFO - [sgx_aggregation_strategy.py:104] - [第 13 轮] 正在将聚合任务委托给SGX enclave（流式模式）。
2025-12-02 04:05:32 - INFO - [sgx_aggregation_strategy.py:31] - 正在尝试连接到SGX聚合器enclave at aggregator:8000...
2025-12-02 04:05:32 - INFO - [sgx_aggregation_strategy.py:36] - ✅ 成功连接到SGX聚合器enclave。
2025-12-02 04:05:32 - INFO - [server_grpc.py:146] - 客户端 1 开始订阅训练状态
2025-12-02 04:05:32 - INFO - [sgx_aggregation_strategy.py:119] - 📤 开始流式发送 3 个客户端的数据...
2025-12-02 04:05:32 - INFO - [sgx_aggregation_strategy.py:140] - 📤 已发送客户端 1/3 的数据 (21.34 MB)
2025-12-02 04:05:33 - INFO - [sgx_aggregation_strategy.py:140] - 📤 已发送客户端 2/3 的数据 (21.34 MB)
2025-12-02 04:05:34 - INFO - [sgx_aggregation_strategy.py:140] - 📤 已发送客户端 3/3 的数据 (21.34 MB)
2025-12-02 04:05:34 - INFO - [sgx_aggregation_strategy.py:142] - 📤 所有客户端数据已发送，等待Enclave处理结果...
2025-12-02 04:05:42 - INFO - [sgx_aggregation_strategy.py:155] - ✅ 已从SGX enclave收到聚合后的参数和指标。
2025-12-02 04:05:42 - INFO - [server_grpc.py:302] - [Round 13] Server Process (Host) Resources - CPU Time: 6.3200s, Memory Usage: 1102.60 MB (See previous log for Enclave resources)
2025-12-02 04:05:42 - INFO - [server_grpc.py:306] - [Round 13] 全局模型参数更新完成。
2025-12-02 04:05:42 - INFO - [sgx_aggregation_strategy.py:183] - [第 13 轮] 全局指标 - 准确率: 0.8691, AUC: 0.9860, 损失: 0.1832
2025-12-02 04:05:42 - INFO - [sgx_aggregation_strategy.py:184] - [第 13 轮] Enclave资源 - CPU耗时: 0.0000s, 内存使用: 385.21 MB
2025-12-02 04:05:42 - INFO - [server_grpc.py:352] - 第 13 轮聚合完成，进入第 14 轮。
2025-12-02 04:05:43 - INFO - [server_grpc.py:268] - 向客户端 2 提供第13轮全局模型
2025-12-02 04:05:43 - INFO - [server_grpc.py:268] - 向客户端 1 提供第13轮全局模型
2025-12-02 04:05:43 - INFO - [server_grpc.py:268] - 向客户端 3 提供第13轮全局模型
2025-12-02 04:06:18 - INFO - [server_grpc.py:217] - [Round 14] 收到来自客户端 2 的更新，数据大小: 21851.44 KB
2025-12-02 04:06:18 - INFO - [sgx_aggregation_strategy.py:92] - 已收到并存储来自客户端 2 的第 14 轮SGX更新。
2025-12-02 04:06:18 - INFO - [server_grpc.py:146] - 客户端 2 开始订阅训练状态
2025-12-02 04:06:20 - INFO - [server_grpc.py:217] - [Round 14] 收到来自客户端 1 的更新，数据大小: 21851.44 KB
2025-12-02 04:06:20 - INFO - [sgx_aggregation_strategy.py:92] - 已收到并存储来自客户端 1 的第 14 轮SGX更新。
2025-12-02 04:06:20 - INFO - [server_grpc.py:146] - 客户端 1 开始订阅训练状态
2025-12-02 04:06:20 - INFO - [server_grpc.py:217] - [Round 14] 收到来自客户端 3 的更新，数据大小: 21851.44 KB
2025-12-02 04:06:20 - INFO - [sgx_aggregation_strategy.py:92] - 已收到并存储来自客户端 3 的第 14 轮SGX更新。
2025-12-02 04:06:20 - INFO - [server_grpc.py:280] - [Round 14] 所有客户端参数已收集完毕，开始聚合。
2025-12-02 04:06:20 - INFO - [sgx_aggregation_strategy.py:104] - [第 14 轮] 正在将聚合任务委托给SGX enclave（流式模式）。
2025-12-02 04:06:20 - INFO - [sgx_aggregation_strategy.py:31] - 正在尝试连接到SGX聚合器enclave at aggregator:8000...
2025-12-02 04:06:20 - INFO - [server_grpc.py:146] - 客户端 3 开始订阅训练状态
2025-12-02 04:06:20 - INFO - [sgx_aggregation_strategy.py:36] - ✅ 成功连接到SGX聚合器enclave。
2025-12-02 04:06:20 - INFO - [sgx_aggregation_strategy.py:119] - 📤 开始流式发送 3 个客户端的数据...
2025-12-02 04:06:21 - INFO - [sgx_aggregation_strategy.py:140] - 📤 已发送客户端 1/3 的数据 (21.34 MB)
2025-12-02 04:06:21 - INFO - [sgx_aggregation_strategy.py:140] - 📤 已发送客户端 2/3 的数据 (21.34 MB)
2025-12-02 04:06:23 - INFO - [sgx_aggregation_strategy.py:140] - 📤 已发送客户端 3/3 的数据 (21.34 MB)
2025-12-02 04:06:23 - INFO - [sgx_aggregation_strategy.py:142] - 📤 所有客户端数据已发送，等待Enclave处理结果...
2025-12-02 04:06:28 - INFO - [sgx_aggregation_strategy.py:155] - ✅ 已从SGX enclave收到聚合后的参数和指标。
2025-12-02 04:06:28 - INFO - [server_grpc.py:302] - [Round 14] Server Process (Host) Resources - CPU Time: 3.5700s, Memory Usage: 1111.53 MB (See previous log for Enclave resources)
2025-12-02 04:06:28 - INFO - [server_grpc.py:306] - [Round 14] 全局模型参数更新完成。
2025-12-02 04:06:28 - INFO - [sgx_aggregation_strategy.py:183] - [第 14 轮] 全局指标 - 准确率: 0.8689, AUC: 0.9866, 损失: 0.1618
2025-12-02 04:06:28 - INFO - [sgx_aggregation_strategy.py:184] - [第 14 轮] Enclave资源 - CPU耗时: 0.0000s, 内存使用: 385.21 MB
2025-12-02 04:06:28 - INFO - [server_grpc.py:365] - [Round 14] 训练已收敛，准确率变化 (0.006250) 小于阈值 (0.01)。
2025-12-02 04:06:28 - INFO - [server_grpc.py:316] - 训练结束。总耗时: 724.66 秒
2025-12-02 04:06:28 - INFO - [server_grpc.py:330] - 通信开销 (KB) 汇总:
            Total_KB
1      305920.123047
2      305920.123047
3      305920.123047
Total  917760.369141
2025-12-02 04:06:28 - INFO - [server_grpc.py:343] - 全局模型评估指标汇总:
      Accuracy     AUC    Loss
Round                         
1       0.6776  0.9328  0.9055
2       0.6799  0.9381  0.8746
3       0.7702  0.9567  0.5453
4       0.7939  0.9675  0.4764
5       0.8172  0.9717  0.3950
6       0.8052  0.9736  0.3974
7       0.8277  0.9762  0.3285
8       0.8258  0.9779  0.3185
9       0.8598  0.9841  0.2314
10      0.8345  0.9811  0.2906
11      0.8578  0.9845  0.2175
12      0.8628  0.9851  0.2045
13      0.8691  0.9860  0.1832
14      0.8689  0.9866  0.1618
2025-12-02 04:06:29 - INFO - [server_grpc.py:268] - 向客户端 2 提供第14轮全局模型
2025-12-02 04:06:29 - INFO - [server_grpc.py:268] - 向客户端 1 提供第14轮全局模型
2025-12-02 04:06:29 - INFO - [server_grpc.py:268] - 向客户端 3 提供第14轮全局模型
