2025-12-05 05:38:49 - INFO - 日志文件已创建: logs/tee_20251205_053849.log
2025-12-05 05:38:49 - INFO - [Server] 配置: Dataset=cifar10, Model=resnet18
2025-12-05 05:38:50 - INFO - [Server] 加载全局测试集: /app/data/global/cifar10_test.npz, 样本数: 10000
2025-12-05 05:38:50 - INFO - [Server] TEE 模式：生成 RSA 密钥对...
2025-12-05 05:38:50 - INFO - [Server] TEE 模式：生成 MRENCLAVE 指纹...
2025-12-05 05:38:50 - INFO - [Server] 初始化完成 (模式: TEE)，等待 3 个客户端注册
2025-12-05 05:38:50 - INFO - [Server] 启动 (SSL/TLS)，监听端口: 50052
2025-12-05 05:39:28 - INFO - [Server] 收到客户端 1 注册请求 (模型: resnet18, 数据量: 15357)
2025-12-05 05:39:28 - INFO - [Server] 客户端 1 注册成功 (1/3)
2025-12-05 05:39:29 - INFO - [Server] 收到客户端 3 注册请求 (模型: resnet18, 数据量: 11332)
2025-12-05 05:39:29 - INFO - [Server] 客户端 3 注册成功 (2/3)
2025-12-05 05:39:29 - INFO - [Server] 收到客户端 2 注册请求 (模型: resnet18, 数据量: 18309)
2025-12-05 05:39:29 - INFO - [Server] 客户端 2 注册成功 (3/3)
2025-12-05 05:39:29 - INFO - [Server] 所有客户端已注册，准备开始训练
2025-12-05 05:39:29 - INFO - [Server] 联邦学习计时开始
2025-12-05 05:40:05 - INFO - [Round 1][Client 3][LATENCY] training=18.4735s, encryption=0.5713s
2025-12-05 05:40:05 - INFO - [Round 1][Client 3][PAYLOAD] upload=42.67 MB
2025-12-05 05:40:05 - INFO - [Round 1][Client 3][RESOURCE] peak_memory=1555.31 MB, cpu=99.9%
2025-12-05 05:40:05 - INFO - [Round 1] 收到客户端 3 更新，大小: 43694.53 KB
2025-12-05 05:40:05 - INFO - [Round 1] 收到客户端 3 TEE 更新
2025-12-05 05:40:10 - INFO - [Round 1][Client 1][LATENCY] training=21.1185s, encryption=0.4607s
2025-12-05 05:40:10 - INFO - [Round 1][Client 1][PAYLOAD] upload=42.67 MB
2025-12-05 05:40:10 - INFO - [Round 1][Client 1][RESOURCE] peak_memory=1680.71 MB, cpu=101.4%
2025-12-05 05:40:10 - INFO - [Round 1] 收到客户端 1 更新，大小: 43694.53 KB
2025-12-05 05:40:10 - INFO - [Round 1] 收到客户端 1 TEE 更新
2025-12-05 05:40:14 - INFO - [Round 1][Client 2][LATENCY] training=23.1177s, encryption=0.6186s
2025-12-05 05:40:14 - INFO - [Round 1][Client 2][PAYLOAD] upload=42.67 MB
2025-12-05 05:40:14 - INFO - [Round 1][Client 2][RESOURCE] peak_memory=1736.41 MB, cpu=100.1%
2025-12-05 05:40:14 - INFO - [Round 1] 收到客户端 2 更新，大小: 43694.53 KB
2025-12-05 05:40:14 - INFO - [Round 1] 收到客户端 2 TEE 更新
2025-12-05 05:40:14 - INFO - [Round 1] 所有客户端更新已收集，开始聚合
2025-12-05 05:40:14 - INFO - [Round 1][LATENCY] decryption=0.0000s (已在接收时解密)
2025-12-05 05:40:14 - INFO - [Round 1][LATENCY] aggregation=0.0838s
2025-12-05 05:40:14 - INFO - [Round 1] TEE 聚合完成
2025-12-05 05:40:14 - INFO - [Round 1][Server][RESOURCE] peak_memory=1003.77 MB, cpu=106.1%, cpu_time=0.0900s
2025-12-05 05:40:14 - INFO - [Round 1] 全局模型更新完成
2025-12-05 05:40:27 - INFO - [Round 1] 全局评估: Acc=0.2184, AUC=0.7101
2025-12-05 05:40:27 - INFO - [Round 1] 客户端聚合 (TEE): Loss=0.7834
2025-12-05 05:40:27 - INFO - [CONVERGENCE] round=1 accuracy=0.2184 auc=0.7101 loss=0.7834
2025-12-05 05:40:27 - INFO - [Round 1] 聚合完成，进入 Round 2
2025-12-05 05:41:06 - INFO - [Round 2][Client 3][LATENCY] training=17.2403s, encryption=0.6397s
2025-12-05 05:41:06 - INFO - [Round 2][Client 3][PAYLOAD] upload=42.67 MB
2025-12-05 05:41:06 - INFO - [Round 2][Client 3][RESOURCE] peak_memory=1690.73 MB, cpu=99.8%
2025-12-05 05:41:06 - INFO - [Round 2] 收到客户端 3 更新，大小: 43694.53 KB
2025-12-05 05:41:06 - INFO - [Round 2] 收到客户端 3 TEE 更新
2025-12-05 05:41:13 - INFO - [Round 2][Client 1][LATENCY] training=19.9838s, encryption=0.6538s
2025-12-05 05:41:13 - INFO - [Round 2][Client 1][PAYLOAD] upload=42.67 MB
2025-12-05 05:41:13 - INFO - [Round 2][Client 1][RESOURCE] peak_memory=1806.61 MB, cpu=100.3%
2025-12-05 05:41:13 - INFO - [Round 2] 收到客户端 1 更新，大小: 43694.53 KB
2025-12-05 05:41:13 - INFO - [Round 2] 收到客户端 1 TEE 更新
2025-12-05 05:41:13 - INFO - [Round 2][Client 2][LATENCY] training=22.0381s, encryption=0.6200s
2025-12-05 05:41:13 - INFO - [Round 2][Client 2][PAYLOAD] upload=42.67 MB
2025-12-05 05:41:13 - INFO - [Round 2][Client 2][RESOURCE] peak_memory=1871.84 MB, cpu=99.9%
2025-12-05 05:41:13 - INFO - [Round 2] 收到客户端 2 更新，大小: 43694.53 KB
2025-12-05 05:41:13 - INFO - [Round 2] 收到客户端 2 TEE 更新
2025-12-05 05:41:14 - INFO - [Round 2] 所有客户端更新已收集，开始聚合
2025-12-05 05:41:14 - INFO - [Round 2][LATENCY] decryption=0.0000s (已在接收时解密)
2025-12-05 05:41:14 - INFO - [Round 2][LATENCY] aggregation=0.0507s
2025-12-05 05:41:14 - INFO - [Round 2] TEE 聚合完成
2025-12-05 05:41:14 - INFO - [Round 2][Server][RESOURCE] peak_memory=1354.59 MB, cpu=116.3%, cpu_time=0.0600s
2025-12-05 05:41:14 - INFO - [Round 2] 全局模型更新完成
2025-12-05 05:41:26 - INFO - [Round 2] 全局评估: Acc=0.5458, AUC=0.9267
2025-12-05 05:41:26 - INFO - [Round 2] 客户端聚合 (TEE): Loss=0.5338
2025-12-05 05:41:26 - INFO - [CONVERGENCE] round=2 accuracy=0.5458 auc=0.9267 loss=0.5338
2025-12-05 05:41:26 - INFO - [Round 2] 聚合完成，进入 Round 3
2025-12-05 05:42:02 - INFO - [Round 3][Client 3][LATENCY] training=15.3557s, encryption=0.4703s
2025-12-05 05:42:02 - INFO - [Round 3][Client 3][PAYLOAD] upload=42.67 MB
2025-12-05 05:42:02 - INFO - [Round 3][Client 3][RESOURCE] peak_memory=1705.00 MB, cpu=101.2%
2025-12-05 05:42:02 - INFO - [Round 3] 收到客户端 3 更新，大小: 43694.53 KB
2025-12-05 05:42:02 - INFO - [Round 3] 收到客户端 3 TEE 更新
2025-12-05 05:42:09 - INFO - [Round 3][Client 1][LATENCY] training=19.4291s, encryption=0.6162s
2025-12-05 05:42:09 - INFO - [Round 3][Client 1][PAYLOAD] upload=42.67 MB
2025-12-05 05:42:09 - INFO - [Round 3][Client 1][RESOURCE] peak_memory=1821.48 MB, cpu=100.3%
2025-12-05 05:42:09 - INFO - [Round 3] 收到客户端 1 更新，大小: 43694.53 KB
2025-12-05 05:42:09 - INFO - [Round 3] 收到客户端 1 TEE 更新
2025-12-05 05:42:11 - INFO - [Round 3][Client 2][LATENCY] training=22.0838s, encryption=0.6323s
2025-12-05 05:42:11 - INFO - [Round 3][Client 2][PAYLOAD] upload=42.67 MB
2025-12-05 05:42:11 - INFO - [Round 3][Client 2][RESOURCE] peak_memory=1893.01 MB, cpu=99.4%
2025-12-05 05:42:11 - INFO - [Round 3] 收到客户端 2 更新，大小: 43694.53 KB
2025-12-05 05:42:11 - INFO - [Round 3] 收到客户端 2 TEE 更新
2025-12-05 05:42:11 - INFO - [Round 3] 所有客户端更新已收集，开始聚合
2025-12-05 05:42:11 - INFO - [Round 3][LATENCY] decryption=0.0000s (已在接收时解密)
2025-12-05 05:42:11 - INFO - [Round 3][LATENCY] aggregation=0.0680s
2025-12-05 05:42:11 - INFO - [Round 3] TEE 聚合完成
2025-12-05 05:42:11 - INFO - [Round 3][Server][RESOURCE] peak_memory=1460.86 MB, cpu=101.0%, cpu_time=0.0700s
2025-12-05 05:42:11 - INFO - [Round 3] 全局模型更新完成
2025-12-05 05:42:24 - INFO - [Round 3] 全局评估: Acc=0.6683, AUC=0.9572
2025-12-05 05:42:24 - INFO - [Round 3] 客户端聚合 (TEE): Loss=0.4686
2025-12-05 05:42:24 - INFO - [CONVERGENCE] round=3 accuracy=0.6683 auc=0.9572 loss=0.4686
2025-12-05 05:42:24 - INFO - [Round 3] 聚合完成，进入 Round 4
2025-12-05 05:42:55 - INFO - [Round 4][Client 3][LATENCY] training=13.1125s, encryption=0.4328s
2025-12-05 05:42:55 - INFO - [Round 4][Client 3][PAYLOAD] upload=42.67 MB
2025-12-05 05:42:55 - INFO - [Round 4][Client 3][RESOURCE] peak_memory=1718.61 MB, cpu=101.2%
2025-12-05 05:42:55 - INFO - [Round 4] 收到客户端 3 更新，大小: 43694.53 KB
2025-12-05 05:42:55 - INFO - [Round 4] 收到客户端 3 TEE 更新
2025-12-05 05:43:05 - INFO - [Round 4][Client 1][LATENCY] training=17.4698s, encryption=0.6050s
2025-12-05 05:43:05 - INFO - [Round 4][Client 1][PAYLOAD] upload=42.67 MB
2025-12-05 05:43:05 - INFO - [Round 4][Client 1][RESOURCE] peak_memory=1834.08 MB, cpu=101.9%
2025-12-05 05:43:05 - INFO - [Round 4] 收到客户端 1 更新，大小: 43694.53 KB
2025-12-05 05:43:05 - INFO - [Round 4] 收到客户端 1 TEE 更新
2025-12-05 05:43:07 - INFO - [Round 4][Client 2][LATENCY] training=20.7226s, encryption=0.4924s
2025-12-05 05:43:07 - INFO - [Round 4][Client 2][PAYLOAD] upload=42.67 MB
2025-12-05 05:43:07 - INFO - [Round 4][Client 2][RESOURCE] peak_memory=1913.38 MB, cpu=102.1%
2025-12-05 05:43:07 - INFO - [Round 4] 收到客户端 2 更新，大小: 43694.53 KB
2025-12-05 05:43:07 - INFO - [Round 4] 收到客户端 2 TEE 更新
2025-12-05 05:43:07 - INFO - [Round 4] 所有客户端更新已收集，开始聚合
2025-12-05 05:43:07 - INFO - [Round 4][LATENCY] decryption=0.0000s (已在接收时解密)
2025-12-05 05:43:07 - INFO - [Round 4][LATENCY] aggregation=0.0660s
2025-12-05 05:43:07 - INFO - [Round 4] TEE 聚合完成
2025-12-05 05:43:07 - INFO - [Round 4][Server][RESOURCE] peak_memory=1365.94 MB, cpu=103.9%, cpu_time=0.0700s
2025-12-05 05:43:07 - INFO - [Round 4] 全局模型更新完成
2025-12-05 05:43:20 - INFO - [Round 4] 全局评估: Acc=0.7267, AUC=0.9689
2025-12-05 05:43:20 - INFO - [Round 4] 客户端聚合 (TEE): Loss=0.4135
2025-12-05 05:43:20 - INFO - [CONVERGENCE] round=4 accuracy=0.7267 auc=0.9689 loss=0.4135
2025-12-05 05:43:20 - INFO - [Round 4] 聚合完成，进入 Round 5
2025-12-05 05:43:55 - INFO - [Round 5][Client 3][LATENCY] training=13.8761s, encryption=0.4481s
2025-12-05 05:43:55 - INFO - [Round 5][Client 3][PAYLOAD] upload=42.67 MB
2025-12-05 05:43:55 - INFO - [Round 5][Client 3][RESOURCE] peak_memory=1732.45 MB, cpu=100.1%
2025-12-05 05:43:55 - INFO - [Round 5] 收到客户端 3 更新，大小: 43694.53 KB
2025-12-05 05:43:55 - INFO - [Round 5] 收到客户端 3 TEE 更新
2025-12-05 05:44:00 - INFO - [Round 5][Client 1][LATENCY] training=18.1911s, encryption=0.6333s
2025-12-05 05:44:00 - INFO - [Round 5][Client 1][PAYLOAD] upload=42.67 MB
2025-12-05 05:44:00 - INFO - [Round 5][Client 1][RESOURCE] peak_memory=1846.11 MB, cpu=100.6%
2025-12-05 05:44:00 - INFO - [Round 5] 收到客户端 1 更新，大小: 43694.53 KB
2025-12-05 05:44:00 - INFO - [Round 5] 收到客户端 1 TEE 更新
2025-12-05 05:44:04 - INFO - [Round 5][Client 2][LATENCY] training=23.0607s, encryption=0.6419s
2025-12-05 05:44:04 - INFO - [Round 5][Client 2][PAYLOAD] upload=42.67 MB
2025-12-05 05:44:04 - INFO - [Round 5][Client 2][RESOURCE] peak_memory=1925.14 MB, cpu=100.9%
2025-12-05 05:44:04 - INFO - [Round 5] 收到客户端 2 更新，大小: 43694.53 KB
2025-12-05 05:44:05 - INFO - [Round 5] 收到客户端 2 TEE 更新
2025-12-05 05:44:05 - INFO - [Round 5] 所有客户端更新已收集，开始聚合
2025-12-05 05:44:05 - INFO - [Round 5][LATENCY] decryption=0.0000s (已在接收时解密)
2025-12-05 05:44:05 - INFO - [Round 5][LATENCY] aggregation=0.0667s
2025-12-05 05:44:05 - INFO - [Round 5] TEE 聚合完成
2025-12-05 05:44:05 - INFO - [Round 5][Server][RESOURCE] peak_memory=1413.06 MB, cpu=103.1%, cpu_time=0.0700s
2025-12-05 05:44:05 - INFO - [Round 5] 全局模型更新完成
2025-12-05 05:44:17 - INFO - [Round 5] 全局评估: Acc=0.7955, AUC=0.9809
2025-12-05 05:44:17 - INFO - [Round 5] 客户端聚合 (TEE): Loss=0.3461
2025-12-05 05:44:17 - INFO - [CONVERGENCE] round=5 accuracy=0.7955 auc=0.9809 loss=0.3461
2025-12-05 05:44:17 - INFO - [Round 5] 聚合完成，进入 Round 6
2025-12-05 05:44:53 - INFO - [Round 6][Client 3][LATENCY] training=15.4684s, encryption=0.3415s
2025-12-05 05:44:53 - INFO - [Round 6][Client 3][PAYLOAD] upload=42.67 MB
2025-12-05 05:44:53 - INFO - [Round 6][Client 3][RESOURCE] peak_memory=1738.95 MB, cpu=98.2%
2025-12-05 05:44:53 - INFO - [Round 6] 收到客户端 3 更新，大小: 43694.53 KB
2025-12-05 05:44:53 - INFO - [Round 6] 收到客户端 3 TEE 更新
2025-12-05 05:44:59 - INFO - [Round 6][Client 1][LATENCY] training=19.5478s, encryption=0.3508s
2025-12-05 05:44:59 - INFO - [Round 6][Client 1][PAYLOAD] upload=42.67 MB
2025-12-05 05:44:59 - INFO - [Round 6][Client 1][RESOURCE] peak_memory=1862.89 MB, cpu=98.9%
2025-12-05 05:44:59 - INFO - [Round 6] 收到客户端 1 更新，大小: 43694.53 KB
2025-12-05 05:44:59 - INFO - [Round 6] 收到客户端 1 TEE 更新
2025-12-05 05:45:01 - INFO - [Round 6][Client 2][LATENCY] training=21.4656s, encryption=0.3309s
2025-12-05 05:45:01 - INFO - [Round 6][Client 2][PAYLOAD] upload=42.67 MB
2025-12-05 05:45:01 - INFO - [Round 6][Client 2][RESOURCE] peak_memory=1939.96 MB, cpu=99.4%
2025-12-05 05:45:01 - INFO - [Round 6] 收到客户端 2 更新，大小: 43694.53 KB
2025-12-05 05:45:01 - INFO - [Round 6] 收到客户端 2 TEE 更新
2025-12-05 05:45:01 - INFO - [Round 6] 所有客户端更新已收集，开始聚合
2025-12-05 05:45:01 - INFO - [Round 6][LATENCY] decryption=0.0000s (已在接收时解密)
2025-12-05 05:45:01 - INFO - [Round 6][LATENCY] aggregation=0.0643s
2025-12-05 05:45:01 - INFO - [Round 6] TEE 聚合完成
2025-12-05 05:45:01 - INFO - [Round 6][Server][RESOURCE] peak_memory=1427.77 MB, cpu=106.7%, cpu_time=0.0700s
2025-12-05 05:45:01 - INFO - [Round 6] 全局模型更新完成
2025-12-05 05:45:13 - INFO - [Round 6] 全局评估: Acc=0.8020, AUC=0.9825
2025-12-05 05:45:13 - INFO - [Round 6] 客户端聚合 (TEE): Loss=0.2475
2025-12-05 05:45:13 - INFO - [CONVERGENCE] round=6 accuracy=0.8020 auc=0.9825 loss=0.2475
2025-12-05 05:45:13 - INFO - [Round 6] 聚合完成，进入 Round 7
2025-12-05 05:45:51 - INFO - [Round 7][Client 3][LATENCY] training=15.6782s, encryption=0.6182s
2025-12-05 05:45:51 - INFO - [Round 7][Client 3][PAYLOAD] upload=42.67 MB
2025-12-05 05:45:51 - INFO - [Round 7][Client 3][RESOURCE] peak_memory=1746.02 MB, cpu=101.6%
2025-12-05 05:45:51 - INFO - [Round 7] 收到客户端 3 更新，大小: 43694.53 KB
2025-12-05 05:45:51 - INFO - [Round 7] 收到客户端 3 TEE 更新
2025-12-05 05:45:56 - INFO - [Round 7][Client 1][LATENCY] training=19.9841s, encryption=0.6358s
2025-12-05 05:45:56 - INFO - [Round 7][Client 1][PAYLOAD] upload=42.67 MB
2025-12-05 05:45:56 - INFO - [Round 7][Client 1][RESOURCE] peak_memory=1867.27 MB, cpu=100.4%
2025-12-05 05:45:56 - INFO - [Round 7] 收到客户端 1 更新，大小: 43694.53 KB
2025-12-05 05:45:57 - INFO - [Round 7] 收到客户端 1 TEE 更新
2025-12-05 05:45:59 - INFO - [Round 7][Client 2][LATENCY] training=22.0250s, encryption=0.4232s
2025-12-05 05:45:59 - INFO - [Round 7][Client 2][PAYLOAD] upload=42.67 MB
2025-12-05 05:45:59 - INFO - [Round 7][Client 2][RESOURCE] peak_memory=1955.58 MB, cpu=100.4%
2025-12-05 05:45:59 - INFO - [Round 7] 收到客户端 2 更新，大小: 43694.53 KB
2025-12-05 05:45:59 - INFO - [Round 7] 收到客户端 2 TEE 更新
2025-12-05 05:45:59 - INFO - [Round 7] 所有客户端更新已收集，开始聚合
2025-12-05 05:45:59 - INFO - [Round 7][LATENCY] decryption=0.0000s (已在接收时解密)
2025-12-05 05:45:59 - INFO - [Round 7][LATENCY] aggregation=0.0643s
2025-12-05 05:45:59 - INFO - [Round 7] TEE 聚合完成
2025-12-05 05:45:59 - INFO - [Round 7][Server][RESOURCE] peak_memory=1432.14 MB, cpu=91.5%, cpu_time=0.0600s
2025-12-05 05:45:59 - INFO - [Round 7] 全局模型更新完成
2025-12-05 05:46:11 - INFO - [Round 7] 全局评估: Acc=0.8283, AUC=0.9863
2025-12-05 05:46:11 - INFO - [Round 7] 客户端聚合 (TEE): Loss=0.2458
2025-12-05 05:46:11 - INFO - [CONVERGENCE] round=7 accuracy=0.8283 auc=0.9863 loss=0.2458
2025-12-05 05:46:11 - INFO - [Round 7] 聚合完成，进入 Round 8
2025-12-05 05:46:48 - INFO - [Round 8][Client 3][LATENCY] training=15.9980s, encryption=0.4246s
2025-12-05 05:46:48 - INFO - [Round 8][Client 3][PAYLOAD] upload=42.67 MB
2025-12-05 05:46:48 - INFO - [Round 8][Client 3][RESOURCE] peak_memory=1763.98 MB, cpu=100.1%
2025-12-05 05:46:48 - INFO - [Round 8] 收到客户端 3 更新，大小: 43694.53 KB
2025-12-05 05:46:48 - INFO - [Round 8] 收到客户端 3 TEE 更新
2025-12-05 05:46:54 - INFO - [Round 8][Client 1][LATENCY] training=19.9974s, encryption=0.4306s
2025-12-05 05:46:54 - INFO - [Round 8][Client 1][PAYLOAD] upload=42.67 MB
2025-12-05 05:46:54 - INFO - [Round 8][Client 1][RESOURCE] peak_memory=1888.51 MB, cpu=100.8%
2025-12-05 05:46:54 - INFO - [Round 8] 收到客户端 1 更新，大小: 43694.53 KB
2025-12-05 05:46:54 - INFO - [Round 8] 收到客户端 1 TEE 更新
2025-12-05 05:46:56 - INFO - [Round 8][Client 2][LATENCY] training=21.9009s, encryption=0.5364s
2025-12-05 05:46:56 - INFO - [Round 8][Client 2][PAYLOAD] upload=42.67 MB
2025-12-05 05:46:56 - INFO - [Round 8][Client 2][RESOURCE] peak_memory=1931.59 MB, cpu=98.7%
2025-12-05 05:46:56 - INFO - [Round 8] 收到客户端 2 更新，大小: 43694.53 KB
2025-12-05 05:46:56 - INFO - [Round 8] 收到客户端 2 TEE 更新
2025-12-05 05:46:56 - INFO - [Round 8] 所有客户端更新已收集，开始聚合
2025-12-05 05:46:56 - INFO - [Round 8][LATENCY] decryption=0.0000s (已在接收时解密)
2025-12-05 05:46:56 - INFO - [Round 8][LATENCY] aggregation=0.0670s
2025-12-05 05:46:56 - INFO - [Round 8] TEE 聚合完成
2025-12-05 05:46:56 - INFO - [Round 8][Server][RESOURCE] peak_memory=1408.94 MB, cpu=102.1%, cpu_time=0.0700s
2025-12-05 05:46:56 - INFO - [Round 8] 全局模型更新完成
2025-12-05 05:47:08 - INFO - [Round 8] 全局评估: Acc=0.8225, AUC=0.9858
2025-12-05 05:47:08 - INFO - [Round 8] 客户端聚合 (TEE): Loss=0.2181
2025-12-05 05:47:08 - INFO - [CONVERGENCE] round=8 accuracy=0.8225 auc=0.9858 loss=0.2181
2025-12-05 05:47:08 - INFO - [Round 8] 聚合完成，进入 Round 9
2025-12-05 05:47:44 - INFO - [Round 9][Client 3][LATENCY] training=14.8348s, encryption=0.5745s
2025-12-05 05:47:44 - INFO - [Round 9][Client 3][PAYLOAD] upload=42.67 MB
2025-12-05 05:47:44 - INFO - [Round 9][Client 3][RESOURCE] peak_memory=1754.43 MB, cpu=100.8%
2025-12-05 05:47:44 - INFO - [Round 9] 收到客户端 3 更新，大小: 43694.53 KB
2025-12-05 05:47:44 - INFO - [Round 9] 收到客户端 3 TEE 更新
2025-12-05 05:47:51 - INFO - [Round 9][Client 1][LATENCY] training=20.5780s, encryption=0.3412s
2025-12-05 05:47:51 - INFO - [Round 9][Client 1][PAYLOAD] upload=42.67 MB
2025-12-05 05:47:51 - INFO - [Round 9][Client 1][RESOURCE] peak_memory=1907.30 MB, cpu=101.2%
2025-12-05 05:47:51 - INFO - [Round 9] 收到客户端 1 更新，大小: 43694.53 KB
2025-12-05 05:47:51 - INFO - [Round 9] 收到客户端 1 TEE 更新
2025-12-05 05:47:53 - INFO - [Round 9][Client 2][LATENCY] training=21.4646s, encryption=0.4302s
2025-12-05 05:47:53 - INFO - [Round 9][Client 2][PAYLOAD] upload=42.67 MB
2025-12-05 05:47:53 - INFO - [Round 9][Client 2][RESOURCE] peak_memory=1931.96 MB, cpu=101.0%
2025-12-05 05:47:53 - INFO - [Round 9] 收到客户端 2 更新，大小: 43694.53 KB
2025-12-05 05:47:53 - INFO - [Round 9] 收到客户端 2 TEE 更新
2025-12-05 05:47:53 - INFO - [Round 9] 所有客户端更新已收集，开始聚合
2025-12-05 05:47:53 - INFO - [Round 9][LATENCY] decryption=0.0000s (已在接收时解密)
2025-12-05 05:47:53 - INFO - [Round 9][LATENCY] aggregation=0.0631s
2025-12-05 05:47:53 - INFO - [Round 9] TEE 聚合完成
2025-12-05 05:47:53 - INFO - [Round 9][Server][RESOURCE] peak_memory=1416.46 MB, cpu=109.0%, cpu_time=0.0700s
2025-12-05 05:47:53 - INFO - [Round 9] 全局模型更新完成
2025-12-05 05:48:05 - INFO - [Round 9] 全局评估: Acc=0.8273, AUC=0.9864
2025-12-05 05:48:05 - INFO - [Round 9] 客户端聚合 (TEE): Loss=0.1605
2025-12-05 05:48:05 - INFO - [CONVERGENCE] round=9 accuracy=0.8273 auc=0.9864 loss=0.1605
2025-12-05 05:48:05 - INFO - [Round 9] 聚合完成，进入 Round 10
2025-12-05 05:48:46 - INFO - [Round 10][Client 3][LATENCY] training=17.8868s, encryption=0.4544s
2025-12-05 05:48:46 - INFO - [Round 10][Client 3][PAYLOAD] upload=42.67 MB
2025-12-05 05:48:46 - INFO - [Round 10][Client 3][RESOURCE] peak_memory=1761.71 MB, cpu=99.9%
2025-12-05 05:48:46 - INFO - [Round 10] 收到客户端 3 更新，大小: 43694.53 KB
2025-12-05 05:48:47 - INFO - [Round 10] 收到客户端 3 TEE 更新
2025-12-05 05:48:52 - INFO - [Round 10][Client 2][LATENCY] training=22.7913s, encryption=0.6116s
2025-12-05 05:48:52 - INFO - [Round 10][Client 2][PAYLOAD] upload=42.67 MB
2025-12-05 05:48:52 - INFO - [Round 10][Client 2][RESOURCE] peak_memory=1939.62 MB, cpu=100.6%
2025-12-05 05:48:52 - INFO - [Round 10] 收到客户端 2 更新，大小: 43694.53 KB
2025-12-05 05:48:52 - INFO - [Round 10][Client 1][LATENCY] training=19.3673s, encryption=0.6086s
2025-12-05 05:48:52 - INFO - [Round 10][Client 1][PAYLOAD] upload=42.67 MB
2025-12-05 05:48:52 - INFO - [Round 10][Client 1][RESOURCE] peak_memory=1911.23 MB, cpu=99.7%
2025-12-05 05:48:52 - INFO - [Round 10] 收到客户端 1 更新，大小: 43694.53 KB
2025-12-05 05:48:52 - INFO - [Round 10] 收到客户端 2 TEE 更新
2025-12-05 05:48:53 - INFO - [Round 10] 收到客户端 1 TEE 更新
2025-12-05 05:48:53 - INFO - [Round 10] 所有客户端更新已收集，开始聚合
2025-12-05 05:48:53 - INFO - [Round 10][LATENCY] decryption=0.0000s (已在接收时解密)
2025-12-05 05:48:53 - INFO - [Round 10][LATENCY] aggregation=0.0658s
2025-12-05 05:48:53 - INFO - [Round 10] TEE 聚合完成
2025-12-05 05:48:53 - INFO - [Round 10][Server][RESOURCE] peak_memory=1450.54 MB, cpu=119.3%, cpu_time=0.0800s
2025-12-05 05:48:53 - INFO - [Round 10] 全局模型更新完成
2025-12-05 05:49:05 - INFO - [Round 10] 全局评估: Acc=0.8517, AUC=0.9897
2025-12-05 05:49:05 - INFO - [Round 10] 客户端聚合 (TEE): Loss=0.1463
2025-12-05 05:49:05 - INFO - [CONVERGENCE] round=10 accuracy=0.8517 auc=0.9897 loss=0.1463
2025-12-05 05:49:05 - INFO - [Round 10] 聚合完成，进入 Round 11
2025-12-05 05:49:41 - INFO - [Round 11][Client 3][LATENCY] training=15.3799s, encryption=0.5669s
2025-12-05 05:49:41 - INFO - [Round 11][Client 3][PAYLOAD] upload=42.67 MB
2025-12-05 05:49:41 - INFO - [Round 11][Client 3][RESOURCE] peak_memory=1781.76 MB, cpu=99.1%
2025-12-05 05:49:41 - INFO - [Round 11] 收到客户端 3 更新，大小: 43694.53 KB
2025-12-05 05:49:41 - INFO - [Round 11] 收到客户端 3 TEE 更新
2025-12-05 05:49:48 - INFO - [Round 11][Client 1][LATENCY] training=19.3889s, encryption=0.4275s
2025-12-05 05:49:48 - INFO - [Round 11][Client 1][PAYLOAD] upload=42.67 MB
2025-12-05 05:49:48 - INFO - [Round 11][Client 1][RESOURCE] peak_memory=1928.61 MB, cpu=99.3%
2025-12-05 05:49:48 - INFO - [Round 11] 收到客户端 1 更新，大小: 43694.53 KB
2025-12-05 05:49:48 - INFO - [Round 11] 收到客户端 1 TEE 更新
2025-12-05 05:49:49 - INFO - [Round 11][Client 2][LATENCY] training=22.0734s, encryption=0.3305s
2025-12-05 05:49:49 - INFO - [Round 11][Client 2][PAYLOAD] upload=42.67 MB
2025-12-05 05:49:49 - INFO - [Round 11][Client 2][RESOURCE] peak_memory=1955.14 MB, cpu=99.4%
2025-12-05 05:49:49 - INFO - [Round 11] 收到客户端 2 更新，大小: 43694.53 KB
2025-12-05 05:49:49 - INFO - [Round 11] 收到客户端 2 TEE 更新
2025-12-05 05:49:49 - INFO - [Round 11] 所有客户端更新已收集，开始聚合
2025-12-05 05:49:49 - INFO - [Round 11][LATENCY] decryption=0.0000s (已在接收时解密)
2025-12-05 05:49:50 - INFO - [Round 11][LATENCY] aggregation=0.0659s
2025-12-05 05:49:50 - INFO - [Round 11] TEE 聚合完成
2025-12-05 05:49:50 - INFO - [Round 11][Server][RESOURCE] peak_memory=1411.71 MB, cpu=104.2%, cpu_time=0.0700s
2025-12-05 05:49:50 - INFO - [Round 11] 全局模型更新完成
2025-12-05 05:50:02 - INFO - [Round 11] 全局评估: Acc=0.8350, AUC=0.9868
2025-12-05 05:50:02 - INFO - [Round 11] 客户端聚合 (TEE): Loss=0.1703
2025-12-05 05:50:02 - INFO - [CONVERGENCE] round=11 accuracy=0.8350 auc=0.9868 loss=0.1703
2025-12-05 05:50:02 - INFO - [Round 11] 聚合完成，进入 Round 12
2025-12-05 05:50:44 - INFO - [Round 12][Client 3][LATENCY] training=17.1929s, encryption=0.6376s
2025-12-05 05:50:44 - INFO - [Round 12][Client 3][PAYLOAD] upload=42.67 MB
2025-12-05 05:50:44 - INFO - [Round 12][Client 3][RESOURCE] peak_memory=1791.73 MB, cpu=99.7%
2025-12-05 05:50:44 - INFO - [Round 12] 收到客户端 3 更新，大小: 43694.53 KB
2025-12-05 05:50:44 - INFO - [Round 12] 收到客户端 3 TEE 更新
2025-12-05 05:50:47 - INFO - [Round 12][Client 1][LATENCY] training=19.9702s, encryption=0.6116s
2025-12-05 05:50:47 - INFO - [Round 12][Client 1][PAYLOAD] upload=42.67 MB
2025-12-05 05:50:47 - INFO - [Round 12][Client 1][RESOURCE] peak_memory=1936.73 MB, cpu=101.2%
2025-12-05 05:50:47 - INFO - [Round 12] 收到客户端 1 更新，大小: 43694.53 KB
2025-12-05 05:50:47 - INFO - [Round 12] 收到客户端 1 TEE 更新
2025-12-05 05:50:49 - INFO - [Round 12][Client 2][LATENCY] training=22.0131s, encryption=0.6150s
2025-12-05 05:50:49 - INFO - [Round 12][Client 2][PAYLOAD] upload=42.67 MB
2025-12-05 05:50:49 - INFO - [Round 12][Client 2][RESOURCE] peak_memory=1958.38 MB, cpu=100.3%
2025-12-05 05:50:49 - INFO - [Round 12] 收到客户端 2 更新，大小: 43694.53 KB
2025-12-05 05:50:49 - INFO - [Round 12] 收到客户端 2 TEE 更新
2025-12-05 05:50:49 - INFO - [Round 12] 所有客户端更新已收集，开始聚合
2025-12-05 05:50:49 - INFO - [Round 12][LATENCY] decryption=0.0000s (已在接收时解密)
2025-12-05 05:50:49 - INFO - [Round 12][LATENCY] aggregation=0.0659s
2025-12-05 05:50:49 - INFO - [Round 12] TEE 聚合完成
2025-12-05 05:50:49 - INFO - [Round 12][Server][RESOURCE] peak_memory=1569.28 MB, cpu=104.2%, cpu_time=0.0700s
2025-12-05 05:50:49 - INFO - [Round 12] 全局模型更新完成
2025-12-05 05:51:02 - INFO - [Round 12] 全局评估: Acc=0.8533, AUC=0.9895
2025-12-05 05:51:02 - INFO - [Round 12] 客户端聚合 (TEE): Loss=0.1466
2025-12-05 05:51:02 - INFO - [CONVERGENCE] round=12 accuracy=0.8533 auc=0.9895 loss=0.1466
2025-12-05 05:51:02 - INFO - [Round 12] 聚合完成，进入 Round 13
2025-12-05 05:51:42 - INFO - [Round 13][Client 3][LATENCY] training=15.3285s, encryption=0.4179s
2025-12-05 05:51:42 - INFO - [Round 13][Client 3][PAYLOAD] upload=42.67 MB
2025-12-05 05:51:42 - INFO - [Round 13][Client 3][RESOURCE] peak_memory=1798.46 MB, cpu=101.5%
2025-12-05 05:51:42 - INFO - [Round 13] 收到客户端 3 更新，大小: 43694.53 KB
2025-12-05 05:51:42 - INFO - [Round 13] 收到客户端 3 TEE 更新
2025-12-05 05:51:46 - INFO - [Round 13][Client 1][LATENCY] training=19.5275s, encryption=0.6005s
2025-12-05 05:51:46 - INFO - [Round 13][Client 1][PAYLOAD] upload=42.67 MB
2025-12-05 05:51:46 - INFO - [Round 13][Client 1][RESOURCE] peak_memory=1940.87 MB, cpu=99.7%
2025-12-05 05:51:46 - INFO - [Round 13] 收到客户端 1 更新，大小: 43694.53 KB
2025-12-05 05:51:46 - INFO - [Round 13] 收到客户端 1 TEE 更新
2025-12-05 05:51:48 - INFO - [Round 13][Client 2][LATENCY] training=22.4991s, encryption=0.6078s
2025-12-05 05:51:48 - INFO - [Round 13][Client 2][PAYLOAD] upload=42.67 MB
2025-12-05 05:51:48 - INFO - [Round 13][Client 2][RESOURCE] peak_memory=1958.70 MB, cpu=98.8%
2025-12-05 05:51:48 - INFO - [Round 13] 收到客户端 2 更新，大小: 43694.53 KB
2025-12-05 05:51:48 - INFO - [Round 13] 收到客户端 2 TEE 更新
2025-12-05 05:51:48 - INFO - [Round 13] 所有客户端更新已收集，开始聚合
2025-12-05 05:51:48 - INFO - [Round 13][LATENCY] decryption=0.0000s (已在接收时解密)
2025-12-05 05:51:48 - INFO - [Round 13][LATENCY] aggregation=0.0670s
2025-12-05 05:51:48 - INFO - [Round 13] TEE 聚合完成
2025-12-05 05:51:48 - INFO - [Round 13][Server][RESOURCE] peak_memory=1415.94 MB, cpu=102.2%, cpu_time=0.0700s
2025-12-05 05:51:48 - INFO - [Round 13] 全局模型更新完成
2025-12-05 05:52:00 - INFO - [Round 13] 全局评估: Acc=0.8606, AUC=0.9906
2025-12-05 05:52:00 - INFO - [Round 13] 客户端聚合 (TEE): Loss=0.1154
2025-12-05 05:52:00 - INFO - [CONVERGENCE] round=13 accuracy=0.8606 auc=0.9906 loss=0.1154
2025-12-05 05:52:00 - INFO - [Round 13] 聚合完成，进入 Round 14
2025-12-05 05:52:39 - INFO - [Round 14][Client 3][LATENCY] training=17.1817s, encryption=0.6278s
2025-12-05 05:52:39 - INFO - [Round 14][Client 3][PAYLOAD] upload=42.67 MB
2025-12-05 05:52:39 - INFO - [Round 14][Client 3][RESOURCE] peak_memory=1818.31 MB, cpu=99.7%
2025-12-05 05:52:39 - INFO - [Round 14] 收到客户端 3 更新，大小: 43694.53 KB
2025-12-05 05:52:39 - INFO - [Round 14] 收到客户端 3 TEE 更新
2025-12-05 05:52:46 - INFO - [Round 14][Client 2][LATENCY] training=21.6784s, encryption=0.5919s
2025-12-05 05:52:46 - INFO - [Round 14][Client 2][PAYLOAD] upload=42.67 MB
2025-12-05 05:52:46 - INFO - [Round 14][Client 2][RESOURCE] peak_memory=1959.66 MB, cpu=101.0%
2025-12-05 05:52:46 - INFO - [Round 14] 收到客户端 2 更新，大小: 43694.53 KB
2025-12-05 05:52:47 - INFO - [Round 14] 收到客户端 2 TEE 更新
2025-12-05 05:52:47 - INFO - [Round 14][Client 1][LATENCY] training=21.0401s, encryption=0.5674s
2025-12-05 05:52:47 - INFO - [Round 14][Client 1][PAYLOAD] upload=42.67 MB
2025-12-05 05:52:47 - INFO - [Round 14][Client 1][RESOURCE] peak_memory=1941.74 MB, cpu=100.0%
2025-12-05 05:52:47 - INFO - [Round 14] 收到客户端 1 更新，大小: 43694.53 KB
2025-12-05 05:52:47 - INFO - [Round 14] 收到客户端 1 TEE 更新
2025-12-05 05:52:47 - INFO - [Round 14] 所有客户端更新已收集，开始聚合
2025-12-05 05:52:47 - INFO - [Round 14][LATENCY] decryption=0.0000s (已在接收时解密)
2025-12-05 05:52:47 - INFO - [Round 14][LATENCY] aggregation=0.0661s
2025-12-05 05:52:47 - INFO - [Round 14] TEE 聚合完成
2025-12-05 05:52:47 - INFO - [Round 14][Server][RESOURCE] peak_memory=1487.09 MB, cpu=89.2%, cpu_time=0.0600s
2025-12-05 05:52:47 - INFO - [Round 14] 全局模型更新完成
2025-12-05 05:52:59 - INFO - [Round 14] 全局评估: Acc=0.8639, AUC=0.9908
2025-12-05 05:52:59 - INFO - [Round 14] 客户端聚合 (TEE): Loss=0.0736
2025-12-05 05:52:59 - INFO - [CONVERGENCE] round=14 accuracy=0.8639 auc=0.9908 loss=0.0736
2025-12-05 05:52:59 - INFO - [Round 14] 聚合完成，进入 Round 15
2025-12-05 05:53:39 - INFO - [Round 15][Client 3][LATENCY] training=16.7053s, encryption=0.6163s
2025-12-05 05:53:39 - INFO - [Round 15][Client 3][PAYLOAD] upload=42.67 MB
2025-12-05 05:53:39 - INFO - [Round 15][Client 3][RESOURCE] peak_memory=1832.66 MB, cpu=99.1%
2025-12-05 05:53:39 - INFO - [Round 15] 收到客户端 3 更新，大小: 43694.53 KB
2025-12-05 05:53:39 - INFO - [Round 15] 收到客户端 3 TEE 更新
2025-12-05 05:53:45 - INFO - [Round 15][Client 2][LATENCY] training=22.0454s, encryption=0.4390s
2025-12-05 05:53:45 - INFO - [Round 15][Client 2][PAYLOAD] upload=42.67 MB
2025-12-05 05:53:45 - INFO - [Round 15][Client 2][RESOURCE] peak_memory=1959.42 MB, cpu=103.2%
2025-12-05 05:53:45 - INFO - [Round 15] 收到客户端 2 更新，大小: 43694.53 KB
2025-12-05 05:53:45 - INFO - [Round 15] 收到客户端 2 TEE 更新
2025-12-05 05:53:46 - INFO - [Round 15][Client 1][LATENCY] training=20.0241s, encryption=0.6180s
2025-12-05 05:53:46 - INFO - [Round 15][Client 1][PAYLOAD] upload=42.67 MB
2025-12-05 05:53:46 - INFO - [Round 15][Client 1][RESOURCE] peak_memory=1958.05 MB, cpu=100.0%
2025-12-05 05:53:46 - INFO - [Round 15] 收到客户端 1 更新，大小: 43694.53 KB
2025-12-05 05:53:46 - INFO - [Round 15] 收到客户端 1 TEE 更新
2025-12-05 05:53:46 - INFO - [Round 15] 所有客户端更新已收集，开始聚合
2025-12-05 05:53:46 - INFO - [Round 15][LATENCY] decryption=0.0000s (已在接收时解密)
2025-12-05 05:53:46 - INFO - [Round 15][LATENCY] aggregation=0.0637s
2025-12-05 05:53:46 - INFO - [Round 15] TEE 聚合完成
2025-12-05 05:53:46 - INFO - [Round 15][Server][RESOURCE] peak_memory=1457.43 MB, cpu=107.9%, cpu_time=0.0700s
2025-12-05 05:53:46 - INFO - [Round 15] 全局模型更新完成
2025-12-05 05:53:58 - INFO - [Round 15] 全局评估: Acc=0.8697, AUC=0.9910
2025-12-05 05:53:58 - INFO - [Round 15] 客户端聚合 (TEE): Loss=0.0971
2025-12-05 05:53:58 - INFO - [CONVERGENCE] round=15 accuracy=0.8697 auc=0.9910 loss=0.0971
2025-12-05 05:53:58 - INFO - [Round 15] 聚合完成，进入 Round 16
2025-12-05 05:54:35 - INFO - [Round 16][Client 3][LATENCY] training=14.9831s, encryption=0.4363s
2025-12-05 05:54:35 - INFO - [Round 16][Client 3][PAYLOAD] upload=42.67 MB
2025-12-05 05:54:35 - INFO - [Round 16][Client 3][RESOURCE] peak_memory=1840.12 MB, cpu=99.6%
2025-12-05 05:54:35 - INFO - [Round 16] 收到客户端 3 更新，大小: 43694.53 KB
2025-12-05 05:54:35 - INFO - [Round 16] 收到客户端 3 TEE 更新
2025-12-05 05:54:43 - INFO - [Round 16][Client 1][LATENCY] training=20.9748s, encryption=0.4338s
2025-12-05 05:54:43 - INFO - [Round 16][Client 1][PAYLOAD] upload=42.67 MB
2025-12-05 05:54:43 - INFO - [Round 16][Client 1][RESOURCE] peak_memory=1974.80 MB, cpu=99.9%
2025-12-05 05:54:43 - INFO - [Round 16] 收到客户端 1 更新，大小: 43694.53 KB
2025-12-05 05:54:43 - INFO - [Round 16] 收到客户端 1 TEE 更新
2025-12-05 05:54:44 - INFO - [Round 16][Client 2][LATENCY] training=21.5734s, encryption=0.5751s
2025-12-05 05:54:44 - INFO - [Round 16][Client 2][PAYLOAD] upload=42.67 MB
2025-12-05 05:54:44 - INFO - [Round 16][Client 2][RESOURCE] peak_memory=1957.88 MB, cpu=100.7%
2025-12-05 05:54:44 - INFO - [Round 16] 收到客户端 2 更新，大小: 43694.53 KB
2025-12-05 05:54:44 - INFO - [Round 16] 收到客户端 2 TEE 更新
2025-12-05 05:54:44 - INFO - [Round 16] 所有客户端更新已收集，开始聚合
2025-12-05 05:54:44 - INFO - [Round 16][LATENCY] decryption=0.0000s (已在接收时解密)
2025-12-05 05:54:44 - INFO - [Round 16][LATENCY] aggregation=0.0662s
2025-12-05 05:54:44 - INFO - [Round 16] TEE 聚合完成
2025-12-05 05:54:44 - INFO - [Round 16][Server][RESOURCE] peak_memory=1463.88 MB, cpu=118.6%, cpu_time=0.0800s
2025-12-05 05:54:44 - INFO - [Round 16] 全局模型更新完成
2025-12-05 05:54:57 - INFO - [Round 16] 全局评估: Acc=0.8656, AUC=0.9909
2025-12-05 05:54:57 - INFO - [Round 16] 客户端聚合 (TEE): Loss=0.0706
2025-12-05 05:54:57 - INFO - [CONVERGENCE] round=16 accuracy=0.8656 auc=0.9909 loss=0.0706
2025-12-05 05:54:57 - INFO - [Round 16] 聚合完成，进入 Round 17
2025-12-05 05:55:38 - INFO - [Round 17][Client 3][LATENCY] training=18.5357s, encryption=0.4770s
2025-12-05 05:55:38 - INFO - [Round 17][Client 3][PAYLOAD] upload=42.67 MB
2025-12-05 05:55:38 - INFO - [Round 17][Client 3][RESOURCE] peak_memory=1823.44 MB, cpu=99.7%
2025-12-05 05:55:38 - INFO - [Round 17] 收到客户端 3 更新，大小: 43694.53 KB
2025-12-05 05:55:39 - INFO - [Round 17] 收到客户端 3 TEE 更新
2025-12-05 05:55:41 - INFO - [Round 17][Client 1][LATENCY] training=19.6428s, encryption=0.5988s
2025-12-05 05:55:41 - INFO - [Round 17][Client 1][PAYLOAD] upload=42.67 MB
2025-12-05 05:55:41 - INFO - [Round 17][Client 1][RESOURCE] peak_memory=1976.04 MB, cpu=99.9%
2025-12-05 05:55:41 - INFO - [Round 17] 收到客户端 1 更新，大小: 43694.53 KB
2025-12-05 05:55:42 - INFO - [Round 17] 收到客户端 1 TEE 更新
2025-12-05 05:55:45 - INFO - [Round 17][Client 2][LATENCY] training=22.0120s, encryption=0.6283s
2025-12-05 05:55:45 - INFO - [Round 17][Client 2][PAYLOAD] upload=42.67 MB
2025-12-05 05:55:45 - INFO - [Round 17][Client 2][RESOURCE] peak_memory=1957.46 MB, cpu=101.5%
2025-12-05 05:55:45 - INFO - [Round 17] 收到客户端 2 更新，大小: 43694.53 KB
2025-12-05 05:55:45 - INFO - [Round 17] 收到客户端 2 TEE 更新
2025-12-05 05:55:45 - INFO - [Round 17] 所有客户端更新已收集，开始聚合
2025-12-05 05:55:45 - INFO - [Round 17][LATENCY] decryption=0.0000s (已在接收时解密)
2025-12-05 05:55:45 - INFO - [Round 17][LATENCY] aggregation=0.0668s
2025-12-05 05:55:45 - INFO - [Round 17] TEE 聚合完成
2025-12-05 05:55:45 - INFO - [Round 17][Server][RESOURCE] peak_memory=1487.47 MB, cpu=102.9%, cpu_time=0.0700s
2025-12-05 05:55:45 - INFO - [Round 17] 全局模型更新完成
2025-12-05 05:55:57 - INFO - [Round 17] 全局评估: Acc=0.8749, AUC=0.9918
2025-12-05 05:55:57 - INFO - [Round 17] 客户端聚合 (TEE): Loss=0.0770
2025-12-05 05:55:57 - INFO - [CONVERGENCE] round=17 accuracy=0.8749 auc=0.9918 loss=0.0770
2025-12-05 05:55:57 - INFO - [Round 17] 聚合完成，进入 Round 18
2025-12-05 05:56:37 - INFO - [Round 18][Client 3][LATENCY] training=17.3239s, encryption=0.6092s
2025-12-05 05:56:37 - INFO - [Round 18][Client 3][PAYLOAD] upload=42.67 MB
2025-12-05 05:56:37 - INFO - [Round 18][Client 3][RESOURCE] peak_memory=1848.08 MB, cpu=101.1%
2025-12-05 05:56:37 - INFO - [Round 18] 收到客户端 3 更新，大小: 43694.53 KB
2025-12-05 05:56:37 - INFO - [Round 18] 收到客户端 3 TEE 更新
2025-12-05 05:56:42 - INFO - [Round 18][Client 1][LATENCY] training=20.1178s, encryption=0.6173s
2025-12-05 05:56:42 - INFO - [Round 18][Client 1][PAYLOAD] upload=42.67 MB
2025-12-05 05:56:42 - INFO - [Round 18][Client 1][RESOURCE] peak_memory=1974.45 MB, cpu=100.4%
2025-12-05 05:56:42 - INFO - [Round 18] 收到客户端 1 更新，大小: 43694.53 KB
2025-12-05 05:56:42 - INFO - [Round 18] 收到客户端 1 TEE 更新
2025-12-05 05:56:44 - INFO - [Round 18][Client 2][LATENCY] training=21.9294s, encryption=0.6171s
2025-12-05 05:56:44 - INFO - [Round 18][Client 2][PAYLOAD] upload=42.67 MB
2025-12-05 05:56:44 - INFO - [Round 18][Client 2][RESOURCE] peak_memory=1967.16 MB, cpu=100.6%
2025-12-05 05:56:44 - INFO - [Round 18] 收到客户端 2 更新，大小: 43694.53 KB
2025-12-05 05:56:44 - INFO - [Round 18] 收到客户端 2 TEE 更新
2025-12-05 05:56:44 - INFO - [Round 18] 所有客户端更新已收集，开始聚合
2025-12-05 05:56:44 - INFO - [Round 18][LATENCY] decryption=0.0000s (已在接收时解密)
2025-12-05 05:56:44 - INFO - [Round 18][LATENCY] aggregation=0.0647s
2025-12-05 05:56:44 - INFO - [Round 18] TEE 聚合完成
2025-12-05 05:56:44 - INFO - [Round 18][Server][RESOURCE] peak_memory=1520.73 MB, cpu=91.3%, cpu_time=0.0600s
2025-12-05 05:56:44 - INFO - [Round 18] 全局模型更新完成
2025-12-05 05:56:56 - INFO - [Round 18] 全局评估: Acc=0.8768, AUC=0.9926
2025-12-05 05:56:56 - INFO - [Round 18] 客户端聚合 (TEE): Loss=0.0826
2025-12-05 05:56:56 - INFO - [CONVERGENCE] round=18 accuracy=0.8768 auc=0.9926 loss=0.0826
2025-12-05 05:56:56 - INFO - [Round 18] 聚合完成，进入 Round 19
2025-12-05 05:57:35 - INFO - [Round 19][Client 3][LATENCY] training=16.8366s, encryption=0.6796s
2025-12-05 05:57:35 - INFO - [Round 19][Client 3][PAYLOAD] upload=42.67 MB
2025-12-05 05:57:35 - INFO - [Round 19][Client 3][RESOURCE] peak_memory=1866.62 MB, cpu=99.9%
2025-12-05 05:57:35 - INFO - [Round 19] 收到客户端 3 更新，大小: 43694.53 KB
2025-12-05 05:57:35 - INFO - [Round 19] 收到客户端 3 TEE 更新
2025-12-05 05:57:41 - INFO - [Round 19][Client 2][LATENCY] training=22.1093s, encryption=0.5900s
2025-12-05 05:57:41 - INFO - [Round 19][Client 2][PAYLOAD] upload=42.67 MB
2025-12-05 05:57:41 - INFO - [Round 19][Client 2][RESOURCE] peak_memory=1967.37 MB, cpu=100.2%
2025-12-05 05:57:41 - INFO - [Round 19] 收到客户端 2 更新，大小: 43694.53 KB
2025-12-05 05:57:41 - INFO - [Round 19] 收到客户端 2 TEE 更新
2025-12-05 05:57:43 - INFO - [Round 19][Client 1][LATENCY] training=20.0988s, encryption=0.5027s
2025-12-05 05:57:43 - INFO - [Round 19][Client 1][PAYLOAD] upload=42.67 MB
2025-12-05 05:57:43 - INFO - [Round 19][Client 1][RESOURCE] peak_memory=1983.02 MB, cpu=100.0%
2025-12-05 05:57:43 - INFO - [Round 19] 收到客户端 1 更新，大小: 43694.53 KB
2025-12-05 05:57:43 - INFO - [Round 19] 收到客户端 1 TEE 更新
2025-12-05 05:57:43 - INFO - [Round 19] 所有客户端更新已收集，开始聚合
2025-12-05 05:57:43 - INFO - [Round 19][LATENCY] decryption=0.0000s (已在接收时解密)
2025-12-05 05:57:43 - INFO - [Round 19][LATENCY] aggregation=0.0673s
2025-12-05 05:57:43 - INFO - [Round 19] TEE 聚合完成
2025-12-05 05:57:43 - INFO - [Round 19][Server][RESOURCE] peak_memory=1486.36 MB, cpu=102.2%, cpu_time=0.0700s
2025-12-05 05:57:43 - INFO - [Round 19] 全局模型更新完成
2025-12-05 05:57:56 - INFO - [Round 19] 全局评估: Acc=0.8666, AUC=0.9909
2025-12-05 05:57:56 - INFO - [Round 19] 客户端聚合 (TEE): Loss=0.0902
2025-12-05 05:57:56 - INFO - [CONVERGENCE] round=19 accuracy=0.8666 auc=0.9909 loss=0.0902
2025-12-05 05:57:56 - INFO - [Round 19] 聚合完成，进入 Round 20
2025-12-05 05:58:35 - INFO - [Round 20][Client 3][LATENCY] training=17.2278s, encryption=0.5253s
2025-12-05 05:58:35 - INFO - [Round 20][Client 3][PAYLOAD] upload=42.67 MB
2025-12-05 05:58:35 - INFO - [Round 20][Client 3][RESOURCE] peak_memory=1874.09 MB, cpu=100.7%
2025-12-05 05:58:35 - INFO - [Round 20] 收到客户端 3 更新，大小: 43694.53 KB
2025-12-05 05:58:35 - INFO - [Round 20] 收到客户端 3 TEE 更新
2025-12-05 05:58:42 - INFO - [Round 20][Client 2][LATENCY] training=21.9335s, encryption=0.6156s
2025-12-05 05:58:42 - INFO - [Round 20][Client 2][PAYLOAD] upload=42.67 MB
2025-12-05 05:58:42 - INFO - [Round 20][Client 2][RESOURCE] peak_memory=1967.14 MB, cpu=102.3%
2025-12-05 05:58:42 - INFO - [Round 20] 收到客户端 2 更新，大小: 43694.53 KB
2025-12-05 05:58:42 - INFO - [Round 20] 收到客户端 2 TEE 更新
2025-12-05 05:58:43 - INFO - [Round 20][Client 1][LATENCY] training=20.0181s, encryption=0.6215s
2025-12-05 05:58:43 - INFO - [Round 20][Client 1][PAYLOAD] upload=42.67 MB
2025-12-05 05:58:43 - INFO - [Round 20][Client 1][RESOURCE] peak_memory=1991.82 MB, cpu=100.9%
2025-12-05 05:58:43 - INFO - [Round 20] 收到客户端 1 更新，大小: 43694.53 KB
2025-12-05 05:58:43 - INFO - [Round 20] 收到客户端 1 TEE 更新
2025-12-05 05:58:43 - INFO - [Round 20] 所有客户端更新已收集，开始聚合
2025-12-05 05:58:43 - INFO - [Round 20][LATENCY] decryption=0.0000s (已在接收时解密)
2025-12-05 05:58:43 - INFO - [Round 20][LATENCY] aggregation=0.0625s
2025-12-05 05:58:43 - INFO - [Round 20] TEE 聚合完成
2025-12-05 05:58:43 - INFO - [Round 20][Server][RESOURCE] peak_memory=1486.15 MB, cpu=110.2%, cpu_time=0.0700s
2025-12-05 05:58:43 - INFO - [Round 20] 全局模型更新完成
2025-12-05 05:58:55 - INFO - [Round 20] 全局评估: Acc=0.8809, AUC=0.9925
2025-12-05 05:58:55 - INFO - [Round 20] 客户端聚合 (TEE): Loss=0.0618
2025-12-05 05:58:55 - INFO - [CONVERGENCE] round=20 accuracy=0.8809 auc=0.9925 loss=0.0618
2025-12-05 05:58:55 - INFO - [Round 20] 聚合完成，进入 Round 21
2025-12-05 05:59:39 - INFO - [Round 21][Client 3][LATENCY] training=17.8830s, encryption=0.6385s
2025-12-05 05:59:39 - INFO - [Round 21][Client 3][PAYLOAD] upload=42.67 MB
2025-12-05 05:59:39 - INFO - [Round 21][Client 3][RESOURCE] peak_memory=1863.95 MB, cpu=101.4%
2025-12-05 05:59:39 - INFO - [Round 21] 收到客户端 3 更新，大小: 43694.53 KB
2025-12-05 05:59:40 - INFO - [Round 21] 收到客户端 3 TEE 更新
2025-12-05 05:59:40 - INFO - [Round 21][Client 2][LATENCY] training=21.7095s, encryption=0.4378s
2025-12-05 05:59:40 - INFO - [Round 21][Client 2][PAYLOAD] upload=42.67 MB
2025-12-05 05:59:40 - INFO - [Round 21][Client 2][RESOURCE] peak_memory=1966.89 MB, cpu=101.6%
2025-12-05 05:59:40 - INFO - [Round 21] 收到客户端 2 更新，大小: 43694.53 KB
2025-12-05 05:59:41 - INFO - [Round 21] 收到客户端 2 TEE 更新
2025-12-05 05:59:44 - INFO - [Round 21][Client 1][LATENCY] training=20.9851s, encryption=0.5633s
2025-12-05 05:59:44 - INFO - [Round 21][Client 1][PAYLOAD] upload=42.67 MB
2025-12-05 05:59:44 - INFO - [Round 21][Client 1][RESOURCE] peak_memory=1999.84 MB, cpu=100.2%
2025-12-05 05:59:44 - INFO - [Round 21] 收到客户端 1 更新，大小: 43694.53 KB
2025-12-05 05:59:44 - INFO - [Round 21] 收到客户端 1 TEE 更新
2025-12-05 05:59:44 - INFO - [Round 21] 所有客户端更新已收集，开始聚合
2025-12-05 05:59:44 - INFO - [Round 21][LATENCY] decryption=0.0000s (已在接收时解密)
2025-12-05 05:59:44 - INFO - [Round 21][LATENCY] aggregation=0.0647s
2025-12-05 05:59:44 - INFO - [Round 21] TEE 聚合完成
2025-12-05 05:59:44 - INFO - [Round 21][Server][RESOURCE] peak_memory=1507.05 MB, cpu=106.3%, cpu_time=0.0700s
2025-12-05 05:59:44 - INFO - [Round 21] 全局模型更新完成
2025-12-05 05:59:56 - INFO - [Round 21] 全局评估: Acc=0.8774, AUC=0.9925
2025-12-05 05:59:56 - INFO - [Round 21] 客户端聚合 (TEE): Loss=0.0565
2025-12-05 05:59:56 - INFO - [CONVERGENCE] round=21 accuracy=0.8774 auc=0.9925 loss=0.0565
2025-12-05 05:59:56 - INFO - [Round 21] 聚合完成，进入 Round 22
2025-12-05 06:00:33 - INFO - [Round 22][Client 3][LATENCY] training=15.4778s, encryption=0.6586s
2025-12-05 06:00:33 - INFO - [Round 22][Client 3][PAYLOAD] upload=42.67 MB
2025-12-05 06:00:33 - INFO - [Round 22][Client 3][RESOURCE] peak_memory=1865.50 MB, cpu=101.0%
2025-12-05 06:00:33 - INFO - [Round 22] 收到客户端 3 更新，大小: 43694.53 KB
2025-12-05 06:00:33 - INFO - [Round 22] 收到客户端 3 TEE 更新
2025-12-05 06:00:39 - INFO - [Round 22][Client 1][LATENCY] training=19.4474s, encryption=0.6157s
2025-12-05 06:00:39 - INFO - [Round 22][Client 1][PAYLOAD] upload=42.67 MB
2025-12-05 06:00:39 - INFO - [Round 22][Client 1][RESOURCE] peak_memory=2007.10 MB, cpu=99.0%
2025-12-05 06:00:39 - INFO - [Round 22] 收到客户端 1 更新，大小: 43694.53 KB
2025-12-05 06:00:39 - INFO - [Round 22] 收到客户端 1 TEE 更新
2025-12-05 06:00:41 - INFO - [Round 22][Client 2][LATENCY] training=22.7105s, encryption=0.5944s
2025-12-05 06:00:41 - INFO - [Round 22][Client 2][PAYLOAD] upload=42.67 MB
2025-12-05 06:00:41 - INFO - [Round 22][Client 2][RESOURCE] peak_memory=1968.56 MB, cpu=99.5%
2025-12-05 06:00:41 - INFO - [Round 22] 收到客户端 2 更新，大小: 43694.53 KB
2025-12-05 06:00:41 - INFO - [Round 22] 收到客户端 2 TEE 更新
2025-12-05 06:00:41 - INFO - [Round 22] 所有客户端更新已收集，开始聚合
2025-12-05 06:00:41 - INFO - [Round 22][LATENCY] decryption=0.0000s (已在接收时解密)
2025-12-05 06:00:41 - INFO - [Round 22][LATENCY] aggregation=0.0649s
2025-12-05 06:00:41 - INFO - [Round 22] TEE 聚合完成
2025-12-05 06:00:41 - INFO - [Round 22][Server][RESOURCE] peak_memory=1451.86 MB, cpu=106.0%, cpu_time=0.0700s
2025-12-05 06:00:41 - INFO - [Round 22] 全局模型更新完成
2025-12-05 06:00:54 - INFO - [Round 22] 全局评估: Acc=0.8936, AUC=0.9937
2025-12-05 06:00:54 - INFO - [Round 22] 客户端聚合 (TEE): Loss=0.0585
2025-12-05 06:00:54 - INFO - [CONVERGENCE] round=22 accuracy=0.8936 auc=0.9937 loss=0.0585
2025-12-05 06:00:54 - INFO - [Round 22] 聚合完成，进入 Round 23
2025-12-05 06:01:32 - INFO - [Round 23][Client 3][LATENCY] training=16.3352s, encryption=0.6372s
2025-12-05 06:01:32 - INFO - [Round 23][Client 3][PAYLOAD] upload=42.67 MB
2025-12-05 06:01:32 - INFO - [Round 23][Client 3][RESOURCE] peak_memory=1865.21 MB, cpu=100.2%
2025-12-05 06:01:32 - INFO - [Round 23] 收到客户端 3 更新，大小: 43694.53 KB
2025-12-05 06:01:33 - INFO - [Round 23] 收到客户端 3 TEE 更新
2025-12-05 06:01:39 - INFO - [Round 23][Client 1][LATENCY] training=20.3278s, encryption=0.4967s
2025-12-05 06:01:39 - INFO - [Round 23][Client 1][PAYLOAD] upload=42.67 MB
2025-12-05 06:01:39 - INFO - [Round 23][Client 1][RESOURCE] peak_memory=2006.84 MB, cpu=98.9%
2025-12-05 06:01:39 - INFO - [Round 23] 收到客户端 1 更新，大小: 43694.53 KB
2025-12-05 06:01:40 - INFO - [Round 23][Client 2][LATENCY] training=22.0575s, encryption=0.5149s
2025-12-05 06:01:40 - INFO - [Round 23][Client 2][PAYLOAD] upload=42.67 MB
2025-12-05 06:01:40 - INFO - [Round 23][Client 2][RESOURCE] peak_memory=1968.52 MB, cpu=99.8%
2025-12-05 06:01:40 - INFO - [Round 23] 收到客户端 2 更新，大小: 43694.53 KB
2025-12-05 06:01:40 - INFO - [Round 23] 收到客户端 1 TEE 更新
2025-12-05 06:01:40 - INFO - [Round 23] 收到客户端 2 TEE 更新
2025-12-05 06:01:40 - INFO - [Round 23] 所有客户端更新已收集，开始聚合
2025-12-05 06:01:40 - INFO - [Round 23][LATENCY] decryption=0.0000s (已在接收时解密)
2025-12-05 06:01:40 - INFO - [Round 23][LATENCY] aggregation=0.0668s
2025-12-05 06:01:40 - INFO - [Round 23] TEE 聚合完成
2025-12-05 06:01:40 - INFO - [Round 23][Server][RESOURCE] peak_memory=1494.42 MB, cpu=102.7%, cpu_time=0.0600s
2025-12-05 06:01:40 - INFO - [Round 23] 全局模型更新完成
2025-12-05 06:01:53 - INFO - [Round 23] 全局评估: Acc=0.8755, AUC=0.9921
2025-12-05 06:01:53 - INFO - [Round 23] 客户端聚合 (TEE): Loss=0.0408
2025-12-05 06:01:53 - INFO - [CONVERGENCE] round=23 accuracy=0.8755 auc=0.9921 loss=0.0408
2025-12-05 06:01:53 - INFO - [Round 23] 聚合完成，进入 Round 24
2025-12-05 06:02:29 - INFO - [Round 24][Client 3][LATENCY] training=15.8597s, encryption=0.4525s
2025-12-05 06:02:29 - INFO - [Round 24][Client 3][PAYLOAD] upload=42.67 MB
2025-12-05 06:02:29 - INFO - [Round 24][Client 3][RESOURCE] peak_memory=1874.61 MB, cpu=100.1%
2025-12-05 06:02:29 - INFO - [Round 24] 收到客户端 3 更新，大小: 43694.53 KB
2025-12-05 06:02:30 - INFO - [Round 24] 收到客户端 3 TEE 更新
2025-12-05 06:02:38 - INFO - [Round 24][Client 2][LATENCY] training=21.9039s, encryption=0.6056s
2025-12-05 06:02:38 - INFO - [Round 24][Client 2][PAYLOAD] upload=42.67 MB
2025-12-05 06:02:38 - INFO - [Round 24][Client 2][RESOURCE] peak_memory=1963.79 MB, cpu=100.5%
2025-12-05 06:02:38 - INFO - [Round 24] 收到客户端 2 更新，大小: 43694.53 KB
2025-12-05 06:02:38 - INFO - [Round 24] 收到客户端 2 TEE 更新
2025-12-05 06:02:39 - INFO - [Round 24][Client 1][LATENCY] training=21.1888s, encryption=0.6166s
2025-12-05 06:02:39 - INFO - [Round 24][Client 1][PAYLOAD] upload=42.67 MB
2025-12-05 06:02:39 - INFO - [Round 24][Client 1][RESOURCE] peak_memory=2014.49 MB, cpu=102.0%
2025-12-05 06:02:39 - INFO - [Round 24] 收到客户端 1 更新，大小: 43694.53 KB
2025-12-05 06:02:39 - INFO - [Round 24] 收到客户端 1 TEE 更新
2025-12-05 06:02:39 - INFO - [Round 24] 所有客户端更新已收集，开始聚合
2025-12-05 06:02:39 - INFO - [Round 24][LATENCY] decryption=0.0000s (已在接收时解密)
2025-12-05 06:02:39 - INFO - [Round 24][LATENCY] aggregation=0.0648s
2025-12-05 06:02:39 - INFO - [Round 24] TEE 聚合完成
2025-12-05 06:02:39 - INFO - [Round 24][Server][RESOURCE] peak_memory=1510.28 MB, cpu=106.0%, cpu_time=0.0700s
2025-12-05 06:02:39 - INFO - [Round 24] 全局模型更新完成
2025-12-05 06:02:51 - INFO - [Round 24] 全局评估: Acc=0.8879, AUC=0.9931
2025-12-05 06:02:51 - INFO - [Round 24] 客户端聚合 (TEE): Loss=0.0566
2025-12-05 06:02:51 - INFO - [CONVERGENCE] round=24 accuracy=0.8879 auc=0.9931 loss=0.0566
2025-12-05 06:02:51 - INFO - [Round 24] 聚合完成，进入 Round 25
2025-12-05 06:03:29 - INFO - [Round 25][Client 3][LATENCY] training=16.0194s, encryption=0.4607s
2025-12-05 06:03:29 - INFO - [Round 25][Client 3][PAYLOAD] upload=42.67 MB
2025-12-05 06:03:29 - INFO - [Round 25][Client 3][RESOURCE] peak_memory=1875.81 MB, cpu=99.3%
2025-12-05 06:03:29 - INFO - [Round 25] 收到客户端 3 更新，大小: 43694.53 KB
2025-12-05 06:03:29 - INFO - [Round 25] 收到客户端 3 TEE 更新
2025-12-05 06:03:36 - INFO - [Round 25][Client 1][LATENCY] training=19.9538s, encryption=0.5787s
2025-12-05 06:03:36 - INFO - [Round 25][Client 1][PAYLOAD] upload=42.67 MB
2025-12-05 06:03:36 - INFO - [Round 25][Client 1][RESOURCE] peak_memory=2021.34 MB, cpu=101.1%
2025-12-05 06:03:36 - INFO - [Round 25] 收到客户端 1 更新，大小: 43694.53 KB
2025-12-05 06:03:36 - INFO - [Round 25] 收到客户端 1 TEE 更新
2025-12-05 06:03:37 - INFO - [Round 25][Client 2][LATENCY] training=21.9155s, encryption=0.5953s
2025-12-05 06:03:37 - INFO - [Round 25][Client 2][PAYLOAD] upload=42.67 MB
2025-12-05 06:03:37 - INFO - [Round 25][Client 2][RESOURCE] peak_memory=1977.27 MB, cpu=100.8%
2025-12-05 06:03:37 - INFO - [Round 25] 收到客户端 2 更新，大小: 43694.53 KB
2025-12-05 06:03:37 - INFO - [Round 25] 收到客户端 2 TEE 更新
2025-12-05 06:03:37 - INFO - [Round 25] 所有客户端更新已收集，开始聚合
2025-12-05 06:03:37 - INFO - [Round 25][LATENCY] decryption=0.0000s (已在接收时解密)
2025-12-05 06:03:37 - INFO - [Round 25][LATENCY] aggregation=0.0669s
2025-12-05 06:03:37 - INFO - [Round 25] TEE 聚合完成
2025-12-05 06:03:37 - INFO - [Round 25][Server][RESOURCE] peak_memory=1525.26 MB, cpu=101.8%, cpu_time=0.0700s
2025-12-05 06:03:37 - INFO - [Round 25] 全局模型更新完成
2025-12-05 06:03:49 - INFO - [Round 25] 全局评估: Acc=0.8866, AUC=0.9930
2025-12-05 06:03:49 - INFO - [Round 25] 客户端聚合 (TEE): Loss=0.0419
2025-12-05 06:03:49 - INFO - [CONVERGENCE] round=25 accuracy=0.8866 auc=0.9930 loss=0.0419
2025-12-05 06:03:49 - INFO - [Round 25] 聚合完成，进入 Round 26
2025-12-05 06:04:27 - INFO - [Round 26][Client 3][LATENCY] training=15.9774s, encryption=0.4677s
2025-12-05 06:04:27 - INFO - [Round 26][Client 3][PAYLOAD] upload=42.67 MB
2025-12-05 06:04:27 - INFO - [Round 26][Client 3][RESOURCE] peak_memory=1891.72 MB, cpu=101.7%
2025-12-05 06:04:27 - INFO - [Round 26] 收到客户端 3 更新，大小: 43694.53 KB
2025-12-05 06:04:27 - INFO - [Round 26] 收到客户端 3 TEE 更新
2025-12-05 06:04:33 - INFO - [Round 26][Client 1][LATENCY] training=19.9116s, encryption=0.5035s
2025-12-05 06:04:33 - INFO - [Round 26][Client 1][PAYLOAD] upload=42.67 MB
2025-12-05 06:04:33 - INFO - [Round 26][Client 1][RESOURCE] peak_memory=2029.83 MB, cpu=98.9%
2025-12-05 06:04:33 - INFO - [Round 26] 收到客户端 1 更新，大小: 43694.53 KB
2025-12-05 06:04:34 - INFO - [Round 26] 收到客户端 1 TEE 更新
2025-12-05 06:04:34 - INFO - [Round 26][Client 2][LATENCY] training=21.7930s, encryption=0.3276s
2025-12-05 06:04:34 - INFO - [Round 26][Client 2][PAYLOAD] upload=42.67 MB
2025-12-05 06:04:34 - INFO - [Round 26][Client 2][RESOURCE] peak_memory=1977.51 MB, cpu=103.0%
2025-12-05 06:04:34 - INFO - [Round 26] 收到客户端 2 更新，大小: 43694.53 KB
2025-12-05 06:04:35 - INFO - [Round 26] 收到客户端 2 TEE 更新
2025-12-05 06:04:35 - INFO - [Round 26] 所有客户端更新已收集，开始聚合
2025-12-05 06:04:35 - INFO - [Round 26][LATENCY] decryption=0.0000s (已在接收时解密)
2025-12-05 06:04:35 - INFO - [Round 26][LATENCY] aggregation=0.0637s
2025-12-05 06:04:35 - INFO - [Round 26] TEE 聚合完成
2025-12-05 06:04:35 - INFO - [Round 26][Server][RESOURCE] peak_memory=1533.81 MB, cpu=107.9%, cpu_time=0.0700s
2025-12-05 06:04:35 - INFO - [Round 26] 全局模型更新完成
2025-12-05 06:04:47 - INFO - [Round 26] 全局评估: Acc=0.8922, AUC=0.9932
2025-12-05 06:04:47 - INFO - [Round 26] 客户端聚合 (TEE): Loss=0.0400
2025-12-05 06:04:47 - INFO - [CONVERGENCE] round=26 accuracy=0.8922 auc=0.9932 loss=0.0400
2025-12-05 06:04:47 - INFO - [Round 26] 聚合完成，进入 Round 27
2025-12-05 06:05:29 - INFO - [Round 27][Client 3][LATENCY] training=18.7646s, encryption=0.6066s
2025-12-05 06:05:29 - INFO - [Round 27][Client 3][PAYLOAD] upload=42.67 MB
2025-12-05 06:05:29 - INFO - [Round 27][Client 3][RESOURCE] peak_memory=1891.73 MB, cpu=99.9%
2025-12-05 06:05:29 - INFO - [Round 27] 收到客户端 3 更新，大小: 43694.53 KB
2025-12-05 06:05:29 - INFO - [Round 27] 收到客户端 3 TEE 更新
2025-12-05 06:05:32 - INFO - [Round 27][Client 1][LATENCY] training=19.4115s, encryption=0.6222s
2025-12-05 06:05:32 - INFO - [Round 27][Client 1][PAYLOAD] upload=42.67 MB
2025-12-05 06:05:32 - INFO - [Round 27][Client 1][RESOURCE] peak_memory=2029.63 MB, cpu=100.8%
2025-12-05 06:05:32 - INFO - [Round 27] 收到客户端 1 更新，大小: 43694.53 KB
2025-12-05 06:05:32 - INFO - [Round 27] 收到客户端 1 TEE 更新
2025-12-05 06:05:35 - INFO - [Round 27][Client 2][LATENCY] training=22.5349s, encryption=0.6187s
2025-12-05 06:05:35 - INFO - [Round 27][Client 2][PAYLOAD] upload=42.67 MB
2025-12-05 06:05:35 - INFO - [Round 27][Client 2][RESOURCE] peak_memory=1977.94 MB, cpu=101.8%
2025-12-05 06:05:35 - INFO - [Round 27] 收到客户端 2 更新，大小: 43694.53 KB
2025-12-05 06:05:35 - INFO - [Round 27] 收到客户端 2 TEE 更新
2025-12-05 06:05:35 - INFO - [Round 27] 所有客户端更新已收集，开始聚合
2025-12-05 06:05:35 - INFO - [Round 27][LATENCY] decryption=0.0000s (已在接收时解密)
2025-12-05 06:05:35 - INFO - [Round 27][LATENCY] aggregation=0.0682s
2025-12-05 06:05:35 - INFO - [Round 27] TEE 聚合完成
2025-12-05 06:05:35 - INFO - [Round 27][Server][RESOURCE] peak_memory=1492.38 MB, cpu=100.7%, cpu_time=0.0700s
2025-12-05 06:05:35 - INFO - [Round 27] 全局模型更新完成
2025-12-05 06:05:48 - INFO - [Round 27] 全局评估: Acc=0.8795, AUC=0.9919
2025-12-05 06:05:48 - INFO - [Round 27] 客户端聚合 (TEE): Loss=0.0426
2025-12-05 06:05:48 - INFO - [CONVERGENCE] round=27 accuracy=0.8795 auc=0.9919 loss=0.0426
2025-12-05 06:05:48 - INFO - [Round 27] 聚合完成，进入 Round 28
2025-12-05 06:06:25 - INFO - [Round 28][Client 3][LATENCY] training=15.9751s, encryption=0.4410s
2025-12-05 06:06:25 - INFO - [Round 28][Client 3][PAYLOAD] upload=42.67 MB
2025-12-05 06:06:25 - INFO - [Round 28][Client 3][RESOURCE] peak_memory=1892.52 MB, cpu=100.0%
2025-12-05 06:06:25 - INFO - [Round 28] 收到客户端 3 更新，大小: 43694.53 KB
2025-12-05 06:06:25 - INFO - [Round 28] 收到客户端 3 TEE 更新
2025-12-05 06:06:30 - INFO - [Round 28][Client 1][LATENCY] training=19.8279s, encryption=0.4415s
2025-12-05 06:06:30 - INFO - [Round 28][Client 1][PAYLOAD] upload=42.67 MB
2025-12-05 06:06:30 - INFO - [Round 28][Client 1][RESOURCE] peak_memory=2030.76 MB, cpu=101.9%
2025-12-05 06:06:30 - INFO - [Round 28] 收到客户端 1 更新，大小: 43694.53 KB
2025-12-05 06:06:31 - INFO - [Round 28] 收到客户端 1 TEE 更新
2025-12-05 06:06:33 - INFO - [Round 28][Client 2][LATENCY] training=21.7369s, encryption=0.5803s
2025-12-05 06:06:33 - INFO - [Round 28][Client 2][PAYLOAD] upload=42.67 MB
2025-12-05 06:06:33 - INFO - [Round 28][Client 2][RESOURCE] peak_memory=1985.96 MB, cpu=101.7%
2025-12-05 06:06:33 - INFO - [Round 28] 收到客户端 2 更新，大小: 43694.53 KB
2025-12-05 06:06:33 - INFO - [Round 28] 收到客户端 2 TEE 更新
2025-12-05 06:06:33 - INFO - [Round 28] 所有客户端更新已收集，开始聚合
2025-12-05 06:06:33 - INFO - [Round 28][LATENCY] decryption=0.0000s (已在接收时解密)
2025-12-05 06:06:33 - INFO - [Round 28][LATENCY] aggregation=0.0410s
2025-12-05 06:06:33 - INFO - [Round 28] TEE 聚合完成
2025-12-05 06:06:33 - INFO - [Round 28][Server][RESOURCE] peak_memory=1552.72 MB, cpu=119.5%, cpu_time=0.0500s
2025-12-05 06:06:33 - INFO - [Round 28] 全局模型更新完成
2025-12-05 06:06:45 - INFO - [Round 28] 全局评估: Acc=0.8913, AUC=0.9934
2025-12-05 06:06:45 - INFO - [Round 28] 客户端聚合 (TEE): Loss=0.0311
2025-12-05 06:06:45 - INFO - [CONVERGENCE] round=28 accuracy=0.8913 auc=0.9934 loss=0.0311
2025-12-05 06:06:45 - INFO - [Round 28] 聚合完成，进入 Round 29
2025-12-05 06:07:22 - INFO - [Round 29][Client 3][LATENCY] training=15.8778s, encryption=0.6202s
2025-12-05 06:07:22 - INFO - [Round 29][Client 3][PAYLOAD] upload=42.67 MB
2025-12-05 06:07:22 - INFO - [Round 29][Client 3][RESOURCE] peak_memory=1891.80 MB, cpu=99.6%
2025-12-05 06:07:22 - INFO - [Round 29] 收到客户端 3 更新，大小: 43694.53 KB
2025-12-05 06:07:23 - INFO - [Round 29] 收到客户端 3 TEE 更新
2025-12-05 06:07:29 - INFO - [Round 29][Client 2][LATENCY] training=21.1201s, encryption=0.5849s
2025-12-05 06:07:29 - INFO - [Round 29][Client 2][PAYLOAD] upload=42.67 MB
2025-12-05 06:07:29 - INFO - [Round 29][Client 2][RESOURCE] peak_memory=1986.87 MB, cpu=99.4%
2025-12-05 06:07:29 - INFO - [Round 29] 收到客户端 2 更新，大小: 43694.53 KB
2025-12-05 06:07:30 - INFO - [Round 29] 收到客户端 2 TEE 更新
2025-12-05 06:07:30 - INFO - [Round 29][Client 1][LATENCY] training=20.7258s, encryption=0.4296s
2025-12-05 06:07:30 - INFO - [Round 29][Client 1][PAYLOAD] upload=42.67 MB
2025-12-05 06:07:30 - INFO - [Round 29][Client 1][RESOURCE] peak_memory=2031.98 MB, cpu=98.9%
2025-12-05 06:07:30 - INFO - [Round 29] 收到客户端 1 更新，大小: 43694.53 KB
2025-12-05 06:07:31 - INFO - [Round 29] 收到客户端 1 TEE 更新
2025-12-05 06:07:31 - INFO - [Round 29] 所有客户端更新已收集，开始聚合
2025-12-05 06:07:31 - INFO - [Round 29][LATENCY] decryption=0.0000s (已在接收时解密)
2025-12-05 06:07:31 - INFO - [Round 29][LATENCY] aggregation=0.0666s
2025-12-05 06:07:31 - INFO - [Round 29] TEE 聚合完成
2025-12-05 06:07:31 - INFO - [Round 29][Server][RESOURCE] peak_memory=1600.01 MB, cpu=118.0%, cpu_time=0.0800s
2025-12-05 06:07:31 - INFO - [Round 29] 全局模型更新完成
2025-12-05 06:07:43 - INFO - [Round 29] 全局评估: Acc=0.8945, AUC=0.9932
2025-12-05 06:07:43 - INFO - [Round 29] 客户端聚合 (TEE): Loss=0.0384
2025-12-05 06:07:43 - INFO - [CONVERGENCE] round=29 accuracy=0.8945 auc=0.9932 loss=0.0384
2025-12-05 06:07:43 - INFO - [Round 29] 聚合完成，进入 Round 30
2025-12-05 06:08:21 - INFO - [Round 30][Client 3][LATENCY] training=17.1053s, encryption=0.4384s
2025-12-05 06:08:21 - INFO - [Round 30][Client 3][PAYLOAD] upload=42.67 MB
2025-12-05 06:08:21 - INFO - [Round 30][Client 3][RESOURCE] peak_memory=1894.41 MB, cpu=101.9%
2025-12-05 06:08:21 - INFO - [Round 30] 收到客户端 3 更新，大小: 43694.53 KB
2025-12-05 06:08:22 - INFO - [Round 30] 收到客户端 3 TEE 更新
2025-12-05 06:08:28 - INFO - [Round 30][Client 2][LATENCY] training=21.9140s, encryption=0.6137s
2025-12-05 06:08:28 - INFO - [Round 30][Client 2][PAYLOAD] upload=42.67 MB
2025-12-05 06:08:28 - INFO - [Round 30][Client 2][RESOURCE] peak_memory=1986.88 MB, cpu=100.5%
2025-12-05 06:08:28 - INFO - [Round 30] 收到客户端 2 更新，大小: 43694.53 KB
2025-12-05 06:08:29 - INFO - [Round 30] 收到客户端 2 TEE 更新
2025-12-05 06:08:29 - INFO - [Round 30][Client 1][LATENCY] training=21.2817s, encryption=0.4953s
2025-12-05 06:08:29 - INFO - [Round 30][Client 1][PAYLOAD] upload=42.67 MB
2025-12-05 06:08:29 - INFO - [Round 30][Client 1][RESOURCE] peak_memory=2038.60 MB, cpu=98.6%
2025-12-05 06:08:29 - INFO - [Round 30] 收到客户端 1 更新，大小: 43694.53 KB
2025-12-05 06:08:29 - INFO - [Round 30] 收到客户端 1 TEE 更新
2025-12-05 06:08:29 - INFO - [Round 30] 所有客户端更新已收集，开始聚合
2025-12-05 06:08:29 - INFO - [Round 30][LATENCY] decryption=0.0000s (已在接收时解密)
2025-12-05 06:08:30 - INFO - [Round 30][LATENCY] aggregation=0.0666s
2025-12-05 06:08:30 - INFO - [Round 30] TEE 聚合完成
2025-12-05 06:08:30 - INFO - [Round 30][Server][RESOURCE] peak_memory=1512.15 MB, cpu=103.2%, cpu_time=0.0700s
2025-12-05 06:08:30 - INFO - [Round 30] 全局模型更新完成
2025-12-05 06:08:41 - INFO - [Round 30] 全局评估: Acc=0.8882, AUC=0.9930
2025-12-05 06:08:41 - INFO - [Round 30] 客户端聚合 (TEE): Loss=0.0403
2025-12-05 06:08:41 - INFO - [CONVERGENCE] round=30 accuracy=0.8882 auc=0.9930 loss=0.0403
2025-12-05 06:08:41 - INFO - [Round 30] 聚合完成，进入 Round 31
2025-12-05 06:09:20 - INFO - [Round 31][Client 3][LATENCY] training=16.1988s, encryption=0.6290s
2025-12-05 06:09:20 - INFO - [Round 31][Client 3][PAYLOAD] upload=42.67 MB
2025-12-05 06:09:20 - INFO - [Round 31][Client 3][RESOURCE] peak_memory=1895.07 MB, cpu=99.9%
2025-12-05 06:09:20 - INFO - [Round 31] 收到客户端 3 更新，大小: 43694.53 KB
2025-12-05 06:09:20 - INFO - [Round 31] 收到客户端 3 TEE 更新
2025-12-05 06:09:26 - INFO - [Round 31][Client 1][LATENCY] training=20.5019s, encryption=0.6301s
2025-12-05 06:09:26 - INFO - [Round 31][Client 1][PAYLOAD] upload=42.67 MB
2025-12-05 06:09:26 - INFO - [Round 31][Client 1][RESOURCE] peak_memory=2038.77 MB, cpu=100.2%
2025-12-05 06:09:26 - INFO - [Round 31] 收到客户端 1 更新，大小: 43694.53 KB
2025-12-05 06:09:26 - INFO - [Round 31] 收到客户端 1 TEE 更新
2025-12-05 06:09:27 - INFO - [Round 31][Client 2][LATENCY] training=22.0961s, encryption=0.6298s
2025-12-05 06:09:27 - INFO - [Round 31][Client 2][PAYLOAD] upload=42.67 MB
2025-12-05 06:09:27 - INFO - [Round 31][Client 2][RESOURCE] peak_memory=1977.28 MB, cpu=101.2%
2025-12-05 06:09:27 - INFO - [Round 31] 收到客户端 2 更新，大小: 43694.53 KB
2025-12-05 06:09:28 - INFO - [Round 31] 收到客户端 2 TEE 更新
2025-12-05 06:09:28 - INFO - [Round 31] 所有客户端更新已收集，开始聚合
2025-12-05 06:09:28 - INFO - [Round 31][LATENCY] decryption=0.0000s (已在接收时解密)
2025-12-05 06:09:28 - INFO - [Round 31][LATENCY] aggregation=0.0656s
2025-12-05 06:09:28 - INFO - [Round 31] TEE 聚合完成
2025-12-05 06:09:28 - INFO - [Round 31][Server][RESOURCE] peak_memory=1495.54 MB, cpu=104.3%, cpu_time=0.0700s
2025-12-05 06:09:28 - INFO - [Round 31] 全局模型更新完成
2025-12-05 06:09:40 - INFO - [Round 31] 全局评估: Acc=0.8911, AUC=0.9930
2025-12-05 06:09:40 - INFO - [Round 31] 客户端聚合 (TEE): Loss=0.0464
2025-12-05 06:09:40 - INFO - [CONVERGENCE] round=31 accuracy=0.8911 auc=0.9930 loss=0.0464
2025-12-05 06:09:40 - INFO - [Round 31] 聚合完成，进入 Round 32
2025-12-05 06:10:20 - INFO - [Round 32][Client 3][LATENCY] training=17.6725s, encryption=0.6130s
2025-12-05 06:10:20 - INFO - [Round 32][Client 3][PAYLOAD] upload=42.67 MB
2025-12-05 06:10:20 - INFO - [Round 32][Client 3][RESOURCE] peak_memory=1895.11 MB, cpu=100.8%
2025-12-05 06:10:20 - INFO - [Round 32] 收到客户端 3 更新，大小: 43694.53 KB
2025-12-05 06:10:20 - INFO - [Round 32] 收到客户端 3 TEE 更新
2025-12-05 06:10:25 - INFO - [Round 32][Client 2][LATENCY] training=22.0311s, encryption=0.6167s
2025-12-05 06:10:25 - INFO - [Round 32][Client 2][PAYLOAD] upload=42.67 MB
2025-12-05 06:10:25 - INFO - [Round 32][Client 2][RESOURCE] peak_memory=1977.07 MB, cpu=100.2%
2025-12-05 06:10:25 - INFO - [Round 32] 收到客户端 2 更新，大小: 43694.53 KB
2025-12-05 06:10:25 - INFO - [Round 32] 收到客户端 2 TEE 更新
2025-12-05 06:10:27 - INFO - [Round 32][Client 1][LATENCY] training=20.0878s, encryption=0.6224s
2025-12-05 06:10:27 - INFO - [Round 32][Client 1][PAYLOAD] upload=42.67 MB
2025-12-05 06:10:27 - INFO - [Round 32][Client 1][RESOURCE] peak_memory=2039.12 MB, cpu=99.4%
2025-12-05 06:10:27 - INFO - [Round 32] 收到客户端 1 更新，大小: 43694.53 KB
2025-12-05 06:10:27 - INFO - [Round 32] 收到客户端 1 TEE 更新
2025-12-05 06:10:27 - INFO - [Round 32] 所有客户端更新已收集，开始聚合
2025-12-05 06:10:27 - INFO - [Round 32][LATENCY] decryption=0.0000s (已在接收时解密)
2025-12-05 06:10:27 - INFO - [Round 32][LATENCY] aggregation=0.0619s
2025-12-05 06:10:27 - INFO - [Round 32] TEE 聚合完成
2025-12-05 06:10:27 - INFO - [Round 32][Server][RESOURCE] peak_memory=1509.71 MB, cpu=95.2%, cpu_time=0.0600s
2025-12-05 06:10:27 - INFO - [Round 32] 全局模型更新完成
2025-12-05 06:10:40 - INFO - [Round 32] 全局评估: Acc=0.8892, AUC=0.9932
2025-12-05 06:10:40 - INFO - [Round 32] 客户端聚合 (TEE): Loss=0.0345
2025-12-05 06:10:40 - INFO - [CONVERGENCE] round=32 accuracy=0.8892 auc=0.9932 loss=0.0345
2025-12-05 06:10:40 - INFO - [Round 32] 聚合完成，进入 Round 33
2025-12-05 06:11:21 - INFO - [Round 33][Client 3][LATENCY] training=17.2660s, encryption=0.6138s
2025-12-05 06:11:21 - INFO - [Round 33][Client 3][PAYLOAD] upload=42.67 MB
2025-12-05 06:11:21 - INFO - [Round 33][Client 3][RESOURCE] peak_memory=1895.77 MB, cpu=100.4%
2025-12-05 06:11:21 - INFO - [Round 33] 收到客户端 3 更新，大小: 43694.53 KB
2025-12-05 06:11:21 - INFO - [Round 33] 收到客户端 3 TEE 更新
2025-12-05 06:11:23 - INFO - [Round 33][Client 1][LATENCY] training=20.0326s, encryption=0.5229s
2025-12-05 06:11:23 - INFO - [Round 33][Client 1][PAYLOAD] upload=42.67 MB
2025-12-05 06:11:23 - INFO - [Round 33][Client 1][RESOURCE] peak_memory=2039.12 MB, cpu=99.4%
2025-12-05 06:11:23 - INFO - [Round 33] 收到客户端 1 更新，大小: 43694.53 KB
2025-12-05 06:11:23 - INFO - [Round 33] 收到客户端 1 TEE 更新
2025-12-05 06:11:26 - INFO - [Round 33][Client 2][LATENCY] training=20.6691s, encryption=0.4660s
2025-12-05 06:11:26 - INFO - [Round 33][Client 2][PAYLOAD] upload=42.67 MB
2025-12-05 06:11:26 - INFO - [Round 33][Client 2][RESOURCE] peak_memory=1976.56 MB, cpu=101.0%
2025-12-05 06:11:26 - INFO - [Round 33] 收到客户端 2 更新，大小: 43694.53 KB
2025-12-05 06:11:26 - INFO - [Round 33] 收到客户端 2 TEE 更新
2025-12-05 06:11:26 - INFO - [Round 33] 所有客户端更新已收集，开始聚合
2025-12-05 06:11:26 - INFO - [Round 33][LATENCY] decryption=0.0000s (已在接收时解密)
2025-12-05 06:11:27 - INFO - [Round 33][LATENCY] aggregation=0.0535s
2025-12-05 06:11:27 - INFO - [Round 33] TEE 聚合完成
2025-12-05 06:11:27 - INFO - [Round 33][Server][RESOURCE] peak_memory=1533.86 MB, cpu=109.4%, cpu_time=0.0600s
2025-12-05 06:11:27 - INFO - [Round 33] 全局模型更新完成
2025-12-05 06:11:39 - INFO - [Round 33] 全局评估: Acc=0.8969, AUC=0.9939
2025-12-05 06:11:39 - INFO - [Round 33] 客户端聚合 (TEE): Loss=0.0286
2025-12-05 06:11:39 - INFO - [CONVERGENCE] round=33 accuracy=0.8969 auc=0.9939 loss=0.0286
2025-12-05 06:11:39 - INFO - [Round 33] 聚合完成，进入 Round 34
2025-12-05 06:12:17 - INFO - [Round 34][Client 3][LATENCY] training=16.8201s, encryption=0.4611s
2025-12-05 06:12:17 - INFO - [Round 34][Client 3][PAYLOAD] upload=42.67 MB
2025-12-05 06:12:17 - INFO - [Round 34][Client 3][RESOURCE] peak_memory=1897.27 MB, cpu=101.5%
2025-12-05 06:12:17 - INFO - [Round 34] 收到客户端 3 更新，大小: 43694.53 KB
2025-12-05 06:12:18 - INFO - [Round 34] 收到客户端 3 TEE 更新
2025-12-05 06:12:22 - INFO - [Round 34][Client 1][LATENCY] training=20.5724s, encryption=0.4227s
2025-12-05 06:12:22 - INFO - [Round 34][Client 1][PAYLOAD] upload=42.67 MB
2025-12-05 06:12:22 - INFO - [Round 34][Client 1][RESOURCE] peak_memory=2048.96 MB, cpu=98.3%
2025-12-05 06:12:22 - INFO - [Round 34] 收到客户端 1 更新，大小: 43694.53 KB
2025-12-05 06:12:22 - INFO - [Round 34] 收到客户端 1 TEE 更新
2025-12-05 06:12:25 - INFO - [Round 34][Client 2][LATENCY] training=21.2071s, encryption=0.5809s
2025-12-05 06:12:25 - INFO - [Round 34][Client 2][PAYLOAD] upload=42.67 MB
2025-12-05 06:12:25 - INFO - [Round 34][Client 2][RESOURCE] peak_memory=1976.30 MB, cpu=99.7%
2025-12-05 06:12:25 - INFO - [Round 34] 收到客户端 2 更新，大小: 43694.53 KB
2025-12-05 06:12:25 - INFO - [Round 34] 收到客户端 2 TEE 更新
2025-12-05 06:12:25 - INFO - [Round 34] 所有客户端更新已收集，开始聚合
2025-12-05 06:12:25 - INFO - [Round 34][LATENCY] decryption=0.0000s (已在接收时解密)
2025-12-05 06:12:25 - INFO - [Round 34][LATENCY] aggregation=0.0491s
2025-12-05 06:12:25 - INFO - [Round 34] TEE 聚合完成
2025-12-05 06:12:25 - INFO - [Round 34][Server][RESOURCE] peak_memory=1509.83 MB, cpu=100.2%, cpu_time=0.0500s
2025-12-05 06:12:25 - INFO - [Round 34] 全局模型更新完成
2025-12-05 06:12:37 - INFO - [Round 34] 全局评估: Acc=0.8885, AUC=0.9928
2025-12-05 06:12:37 - INFO - [Round 34] 客户端聚合 (TEE): Loss=0.0369
2025-12-05 06:12:37 - INFO - [CONVERGENCE] round=34 accuracy=0.8885 auc=0.9928 loss=0.0369
2025-12-05 06:12:37 - INFO - [Round 34] 聚合完成，进入 Round 35
2025-12-05 06:13:21 - INFO - [Round 35][Client 3][LATENCY] training=19.0515s, encryption=0.4233s
2025-12-05 06:13:21 - INFO - [Round 35][Client 3][PAYLOAD] upload=42.67 MB
2025-12-05 06:13:21 - INFO - [Round 35][Client 3][RESOURCE] peak_memory=1896.62 MB, cpu=102.0%
2025-12-05 06:13:21 - INFO - [Round 35] 收到客户端 3 更新，大小: 43694.53 KB
2025-12-05 06:13:22 - INFO - [Round 35] 收到客户端 3 TEE 更新
2025-12-05 06:13:23 - INFO - [Round 35][Client 1][LATENCY] training=19.7983s, encryption=0.4360s
2025-12-05 06:13:23 - INFO - [Round 35][Client 1][PAYLOAD] upload=42.67 MB
2025-12-05 06:13:23 - INFO - [Round 35][Client 1][RESOURCE] peak_memory=2048.86 MB, cpu=99.8%
2025-12-05 06:13:23 - INFO - [Round 35] 收到客户端 1 更新，大小: 43694.53 KB
2025-12-05 06:13:23 - INFO - [Round 35] 收到客户端 1 TEE 更新
2025-12-05 06:13:25 - INFO - [Round 35][Client 2][LATENCY] training=22.0378s, encryption=0.5862s
2025-12-05 06:13:25 - INFO - [Round 35][Client 2][PAYLOAD] upload=42.67 MB
2025-12-05 06:13:25 - INFO - [Round 35][Client 2][RESOURCE] peak_memory=1984.50 MB, cpu=102.4%
2025-12-05 06:13:25 - INFO - [Round 35] 收到客户端 2 更新，大小: 43694.53 KB
2025-12-05 06:13:26 - INFO - [Round 35] 收到客户端 2 TEE 更新
2025-12-05 06:13:26 - INFO - [Round 35] 所有客户端更新已收集，开始聚合
2025-12-05 06:13:26 - INFO - [Round 35][LATENCY] decryption=0.0000s (已在接收时解密)
2025-12-05 06:13:26 - INFO - [Round 35][LATENCY] aggregation=0.0612s
2025-12-05 06:13:26 - INFO - [Round 35] TEE 聚合完成
2025-12-05 06:13:26 - INFO - [Round 35][Server][RESOURCE] peak_memory=1560.51 MB, cpu=95.9%, cpu_time=0.0600s
2025-12-05 06:13:26 - INFO - [Round 35] 全局模型更新完成
2025-12-05 06:13:38 - INFO - [Round 35] 全局评估: Acc=0.8895, AUC=0.9929
2025-12-05 06:13:38 - INFO - [Round 35] 客户端聚合 (TEE): Loss=0.0433
2025-12-05 06:13:38 - INFO - [CONVERGENCE] round=35 accuracy=0.8895 auc=0.9929 loss=0.0433
2025-12-05 06:13:38 - INFO - [Round 35] 聚合完成，进入 Round 36
2025-12-05 06:14:19 - INFO - [Round 36][Client 2][LATENCY] training=20.5173s, encryption=0.3512s
2025-12-05 06:14:19 - INFO - [Round 36][Client 2][PAYLOAD] upload=42.67 MB
2025-12-05 06:14:19 - INFO - [Round 36][Client 2][RESOURCE] peak_memory=1984.41 MB, cpu=99.3%
2025-12-05 06:14:19 - INFO - [Round 36] 收到客户端 2 更新，大小: 43694.53 KB
2025-12-05 06:14:19 - INFO - [Round 36] 收到客户端 2 TEE 更新
2025-12-05 06:14:20 - INFO - [Round 36][Client 3][LATENCY] training=15.9998s, encryption=0.4725s
2025-12-05 06:14:20 - INFO - [Round 36][Client 3][PAYLOAD] upload=42.67 MB
2025-12-05 06:14:20 - INFO - [Round 36][Client 3][RESOURCE] peak_memory=1895.17 MB, cpu=100.4%
2025-12-05 06:14:20 - INFO - [Round 36] 收到客户端 3 更新，大小: 43694.53 KB
2025-12-05 06:14:21 - INFO - [Round 36] 收到客户端 3 TEE 更新
2025-12-05 06:14:22 - INFO - [Round 36][Client 1][LATENCY] training=20.6989s, encryption=0.6000s
2025-12-05 06:14:22 - INFO - [Round 36][Client 1][PAYLOAD] upload=42.67 MB
2025-12-05 06:14:22 - INFO - [Round 36][Client 1][RESOURCE] peak_memory=2052.45 MB, cpu=101.6%
2025-12-05 06:14:22 - INFO - [Round 36] 收到客户端 1 更新，大小: 43694.53 KB
2025-12-05 06:14:23 - INFO - [Round 36] 收到客户端 1 TEE 更新
2025-12-05 06:14:23 - INFO - [Round 36] 所有客户端更新已收集，开始聚合
2025-12-05 06:14:23 - INFO - [Round 36][LATENCY] decryption=0.0000s (已在接收时解密)
2025-12-05 06:14:23 - INFO - [Round 36][LATENCY] aggregation=0.0815s
2025-12-05 06:14:23 - INFO - [Round 36] TEE 聚合完成
2025-12-05 06:14:23 - INFO - [Round 36][Server][RESOURCE] peak_memory=1612.80 MB, cpu=108.6%, cpu_time=0.0900s
2025-12-05 06:14:23 - INFO - [Round 36] 全局模型更新完成
2025-12-05 06:14:35 - INFO - [Round 36] 全局评估: Acc=0.8888, AUC=0.9925
2025-12-05 06:14:35 - INFO - [Round 36] 客户端聚合 (TEE): Loss=0.0558
2025-12-05 06:14:35 - INFO - [CONVERGENCE] round=36 accuracy=0.8888 auc=0.9925 loss=0.0558
2025-12-05 06:14:35 - INFO - [Round 36] 聚合完成，进入 Round 37
2025-12-05 06:15:16 - INFO - [Round 37][Client 3][LATENCY] training=15.8888s, encryption=0.3980s
2025-12-05 06:15:16 - INFO - [Round 37][Client 3][PAYLOAD] upload=42.67 MB
2025-12-05 06:15:16 - INFO - [Round 37][Client 3][RESOURCE] peak_memory=1894.71 MB, cpu=101.5%
2025-12-05 06:15:16 - INFO - [Round 37] 收到客户端 3 更新，大小: 43694.53 KB
2025-12-05 06:15:17 - INFO - [Round 37] 收到客户端 3 TEE 更新
2025-12-05 06:15:18 - INFO - [Round 37][Client 2][LATENCY] training=21.4191s, encryption=0.3500s
2025-12-05 06:15:18 - INFO - [Round 37][Client 2][PAYLOAD] upload=42.67 MB
2025-12-05 06:15:18 - INFO - [Round 37][Client 2][RESOURCE] peak_memory=1985.01 MB, cpu=99.0%
2025-12-05 06:15:18 - INFO - [Round 37] 收到客户端 2 更新，大小: 43694.53 KB
2025-12-05 06:15:19 - INFO - [Round 37] 收到客户端 2 TEE 更新
2025-12-05 06:15:20 - INFO - [Round 37][Client 1][LATENCY] training=19.6595s, encryption=0.4301s
2025-12-05 06:15:20 - INFO - [Round 37][Client 1][PAYLOAD] upload=42.67 MB
2025-12-05 06:15:20 - INFO - [Round 37][Client 1][RESOURCE] peak_memory=2051.86 MB, cpu=100.8%
2025-12-05 06:15:20 - INFO - [Round 37] 收到客户端 1 更新，大小: 43694.53 KB
2025-12-05 06:15:20 - INFO - [Round 37] 收到客户端 1 TEE 更新
2025-12-05 06:15:20 - INFO - [Round 37] 所有客户端更新已收集，开始聚合
2025-12-05 06:15:20 - INFO - [Round 37][LATENCY] decryption=0.0000s (已在接收时解密)
2025-12-05 06:15:20 - INFO - [Round 37][LATENCY] aggregation=0.0656s
2025-12-05 06:15:20 - INFO - [Round 37] TEE 聚合完成
2025-12-05 06:15:20 - INFO - [Round 37][Server][RESOURCE] peak_memory=1697.18 MB, cpu=104.6%, cpu_time=0.0700s
2025-12-05 06:15:20 - INFO - [Round 37] 全局模型更新完成
2025-12-05 06:15:32 - INFO - [Round 37] 全局评估: Acc=0.8962, AUC=0.9935
2025-12-05 06:15:32 - INFO - [Round 37] 客户端聚合 (TEE): Loss=0.0285
2025-12-05 06:15:32 - INFO - [CONVERGENCE] round=37 accuracy=0.8962 auc=0.9935 loss=0.0285
2025-12-05 06:15:32 - INFO - [Round 37] 聚合完成，进入 Round 38
2025-12-05 06:16:10 - INFO - [Round 38][Client 3][LATENCY] training=15.5267s, encryption=0.4286s
2025-12-05 06:16:10 - INFO - [Round 38][Client 3][PAYLOAD] upload=42.67 MB
2025-12-05 06:16:10 - INFO - [Round 38][Client 3][RESOURCE] peak_memory=1895.67 MB, cpu=98.7%
2025-12-05 06:16:10 - INFO - [Round 38] 收到客户端 3 更新，大小: 43694.53 KB
2025-12-05 06:16:10 - INFO - [Round 38] 收到客户端 3 TEE 更新
2025-12-05 06:16:15 - INFO - [Round 38][Client 2][LATENCY] training=21.4646s, encryption=0.6126s
2025-12-05 06:16:15 - INFO - [Round 38][Client 2][PAYLOAD] upload=42.67 MB
2025-12-05 06:16:15 - INFO - [Round 38][Client 2][RESOURCE] peak_memory=1984.38 MB, cpu=99.0%
2025-12-05 06:16:15 - INFO - [Round 38] 收到客户端 2 更新，大小: 43694.53 KB
2025-12-05 06:16:15 - INFO - [Round 38] 收到客户端 2 TEE 更新
2025-12-05 06:16:16 - INFO - [Round 38][Client 1][LATENCY] training=19.0544s, encryption=0.4248s
2025-12-05 06:16:16 - INFO - [Round 38][Client 1][PAYLOAD] upload=42.67 MB
2025-12-05 06:16:16 - INFO - [Round 38][Client 1][RESOURCE] peak_memory=2055.80 MB, cpu=99.3%
2025-12-05 06:16:16 - INFO - [Round 38] 收到客户端 1 更新，大小: 43694.53 KB
2025-12-05 06:16:17 - INFO - [Round 38] 收到客户端 1 TEE 更新
2025-12-05 06:16:17 - INFO - [Round 38] 所有客户端更新已收集，开始聚合
2025-12-05 06:16:17 - INFO - [Round 38][LATENCY] decryption=0.0000s (已在接收时解密)
2025-12-05 06:16:17 - INFO - [Round 38][LATENCY] aggregation=0.0656s
2025-12-05 06:16:17 - INFO - [Round 38] TEE 聚合完成
2025-12-05 06:16:17 - INFO - [Round 38][Server][RESOURCE] peak_memory=1761.44 MB, cpu=104.6%, cpu_time=0.0700s
2025-12-05 06:16:17 - INFO - [Round 38] 全局模型更新完成
2025-12-05 06:16:29 - INFO - [Round 38] 全局评估: Acc=0.8966, AUC=0.9934
2025-12-05 06:16:29 - INFO - [Round 38] 客户端聚合 (TEE): Loss=0.0430
2025-12-05 06:16:29 - INFO - [CONVERGENCE] round=38 accuracy=0.8966 auc=0.9934 loss=0.0430
2025-12-05 06:16:29 - INFO - [Round 38] 聚合完成，进入 Round 39
2025-12-05 06:17:06 - INFO - [Round 39][Client 3][LATENCY] training=15.4615s, encryption=0.4185s
2025-12-05 06:17:06 - INFO - [Round 39][Client 3][PAYLOAD] upload=42.67 MB
2025-12-05 06:17:06 - INFO - [Round 39][Client 3][RESOURCE] peak_memory=1903.55 MB, cpu=101.4%
2025-12-05 06:17:06 - INFO - [Round 39] 收到客户端 3 更新，大小: 43694.53 KB
2025-12-05 06:17:06 - INFO - [Round 39] 收到客户端 3 TEE 更新
2025-12-05 06:17:11 - INFO - [Round 39][Client 2][LATENCY] training=20.9777s, encryption=0.6076s
2025-12-05 06:17:11 - INFO - [Round 39][Client 2][PAYLOAD] upload=42.67 MB
2025-12-05 06:17:11 - INFO - [Round 39][Client 2][RESOURCE] peak_memory=1984.46 MB, cpu=98.5%
2025-12-05 06:17:11 - INFO - [Round 39] 收到客户端 2 更新，大小: 43694.53 KB
2025-12-05 06:17:11 - INFO - [Round 39] 收到客户端 2 TEE 更新
2025-12-05 06:17:13 - INFO - [Round 39][Client 1][LATENCY] training=21.1743s, encryption=0.5772s
2025-12-05 06:17:13 - INFO - [Round 39][Client 1][PAYLOAD] upload=42.67 MB
2025-12-05 06:17:13 - INFO - [Round 39][Client 1][RESOURCE] peak_memory=2065.79 MB, cpu=99.6%
2025-12-05 06:17:13 - INFO - [Round 39] 收到客户端 1 更新，大小: 43694.53 KB
2025-12-05 06:17:13 - INFO - [Round 39] 收到客户端 1 TEE 更新
2025-12-05 06:17:13 - INFO - [Round 39] 所有客户端更新已收集，开始聚合
2025-12-05 06:17:13 - INFO - [Round 39][LATENCY] decryption=0.0000s (已在接收时解密)
2025-12-05 06:17:13 - INFO - [Round 39][LATENCY] aggregation=0.0642s
2025-12-05 06:17:13 - INFO - [Round 39] TEE 聚合完成
2025-12-05 06:17:13 - INFO - [Round 39][Server][RESOURCE] peak_memory=1712.62 MB, cpu=106.5%, cpu_time=0.0700s
2025-12-05 06:17:13 - INFO - [Round 39] 全局模型更新完成
2025-12-05 06:17:25 - INFO - [Round 39] 全局评估: Acc=0.8933, AUC=0.9934
2025-12-05 06:17:25 - INFO - [Round 39] 客户端聚合 (TEE): Loss=0.0442
2025-12-05 06:17:25 - INFO - [CONVERGENCE] round=39 accuracy=0.8933 auc=0.9934 loss=0.0442
2025-12-05 06:17:25 - INFO - [Round 39] 聚合完成，进入 Round 40
2025-12-05 06:18:03 - INFO - [Round 40][Client 3][LATENCY] training=15.9953s, encryption=0.4161s
2025-12-05 06:18:03 - INFO - [Round 40][Client 3][PAYLOAD] upload=42.67 MB
2025-12-05 06:18:03 - INFO - [Round 40][Client 3][RESOURCE] peak_memory=1904.79 MB, cpu=99.6%
2025-12-05 06:18:03 - INFO - [Round 40] 收到客户端 3 更新，大小: 43694.53 KB
2025-12-05 06:18:03 - INFO - [Round 40] 收到客户端 3 TEE 更新
2025-12-05 06:18:10 - INFO - [Round 40][Client 2][LATENCY] training=21.9796s, encryption=0.6117s
2025-12-05 06:18:10 - INFO - [Round 40][Client 2][PAYLOAD] upload=42.67 MB
2025-12-05 06:18:10 - INFO - [Round 40][Client 2][RESOURCE] peak_memory=1984.53 MB, cpu=99.8%
2025-12-05 06:18:10 - INFO - [Round 40] 收到客户端 2 更新，大小: 43694.53 KB
2025-12-05 06:18:10 - INFO - [Round 40] 收到客户端 2 TEE 更新
2025-12-05 06:18:11 - INFO - [Round 40][Client 1][LATENCY] training=19.9576s, encryption=0.6139s
2025-12-05 06:18:11 - INFO - [Round 40][Client 1][PAYLOAD] upload=42.67 MB
2025-12-05 06:18:11 - INFO - [Round 40][Client 1][RESOURCE] peak_memory=2066.11 MB, cpu=100.9%
2025-12-05 06:18:11 - INFO - [Round 40] 收到客户端 1 更新，大小: 43694.53 KB
2025-12-05 06:18:11 - INFO - [Round 40] 收到客户端 1 TEE 更新
2025-12-05 06:18:11 - INFO - [Round 40] 所有客户端更新已收集，开始聚合
2025-12-05 06:18:11 - INFO - [Round 40][LATENCY] decryption=0.0000s (已在接收时解密)
2025-12-05 06:18:11 - INFO - [Round 40][LATENCY] aggregation=0.0604s
2025-12-05 06:18:11 - INFO - [Round 40] TEE 聚合完成
2025-12-05 06:18:11 - INFO - [Round 40][Server][RESOURCE] peak_memory=1805.75 MB, cpu=97.7%, cpu_time=0.0700s
2025-12-05 06:18:11 - INFO - [Round 40] 全局模型更新完成
2025-12-05 06:18:22 - INFO - [Round 40] 全局评估: Acc=0.8943, AUC=0.9929
2025-12-05 06:18:22 - INFO - [Round 40] 客户端聚合 (TEE): Loss=0.0507
2025-12-05 06:18:22 - INFO - [CONVERGENCE] round=40 accuracy=0.8943 auc=0.9929 loss=0.0507
2025-12-05 06:18:22 - INFO - [Round 40] 训练收敛: Acc 变化 (0.003300) < 阈值 (0.005)
2025-12-05 06:18:22 - INFO - [Server] 训练结束，总耗时: 2333.06s
2025-12-05 06:18:22 - INFO - [Server] 通信开销汇总 (KB):
           Total_KB
1      1.747781e+06
2      1.747781e+06
3      1.747781e+06
Total  5.243343e+06
2025-12-05 06:18:22 - INFO - [Server] 评估指标汇总:
      Accuracy     AUC    Loss
Round                         
1       0.2184  0.7101  0.7834
2       0.5458  0.9267  0.5338
3       0.6683  0.9572  0.4686
4       0.7267  0.9689  0.4135
5       0.7955  0.9809  0.3461
6       0.8020  0.9825  0.2475
7       0.8283  0.9863  0.2458
8       0.8225  0.9858  0.2181
9       0.8273  0.9864  0.1605
10      0.8517  0.9897  0.1463
11      0.8350  0.9868  0.1703
12      0.8533  0.9895  0.1466
13      0.8606  0.9906  0.1154
14      0.8639  0.9908  0.0736
15      0.8697  0.9910  0.0971
16      0.8656  0.9909  0.0706
17      0.8749  0.9918  0.0770
18      0.8768  0.9926  0.0826
19      0.8666  0.9909  0.0902
20      0.8809  0.9925  0.0618
21      0.8774  0.9925  0.0565
22      0.8936  0.9937  0.0585
23      0.8755  0.9921  0.0408
24      0.8879  0.9931  0.0566
25      0.8866  0.9930  0.0419
26      0.8922  0.9932  0.0400
27      0.8795  0.9919  0.0426
28      0.8913  0.9934  0.0311
29      0.8945  0.9932  0.0384
30      0.8882  0.9930  0.0403
31      0.8911  0.9930  0.0464
32      0.8892  0.9932  0.0345
33      0.8969  0.9939  0.0286
34      0.8885  0.9928  0.0369
35      0.8895  0.9929  0.0433
36      0.8888  0.9925  0.0558
37      0.8962  0.9935  0.0285
38      0.8966  0.9934  0.0430
39      0.8933  0.9934  0.0442
40      0.8943  0.9929  0.0507
